system=NES ram=System Bus+0 save=Battery RAM domains=Battery RAM,CIRAM (nametables),OAM,PALRAM,PPU Bus,PRG ROM,System Bus,VRAM,WRAM preset=t114_uw_wall
preset_bytes_written=443
sync_after_menu_frames=105 live_after=1 seeded=0
f=0 in= gm=05 sub=00 fc=2C room=77
f=1 in= gm=05 sub=00 fc=2D room=77
f=2 in= gm=05 sub=00 fc=2E room=77
f=3 in= gm=05 sub=00 fc=2F room=77
f=4 in= gm=05 sub=00 fc=30 room=77
f=5 in= gm=05 sub=00 fc=31 room=77
f=6 in= gm=05 sub=00 fc=32 room=77
f=7 in= gm=05 sub=00 fc=33 room=77
f=8 in= gm=05 sub=00 fc=34 room=77
f=9 in= gm=05 sub=00 fc=35 room=77
f=10 in= gm=05 sub=00 fc=36 room=77
f=11 in= gm=05 sub=00 fc=37 room=77
f=12 in= gm=05 sub=00 fc=38 room=77
f=13 in= gm=05 sub=00 fc=39 room=77
f=14 in= gm=05 sub=00 fc=3A room=77
f=15 in= gm=05 sub=00 fc=3B room=77
f=16 in= gm=05 sub=00 fc=3C room=77
f=17 in= gm=05 sub=00 fc=3D room=77
f=18 in= gm=05 sub=00 fc=3E room=77
f=19 in= gm=05 sub=00 fc=3F room=77
f=20 in= gm=05 sub=00 fc=40 room=77
f=21 in= gm=05 sub=00 fc=41 room=77
f=22 in= gm=05 sub=00 fc=42 room=77
f=23 in= gm=05 sub=00 fc=43 room=77
f=24 in= gm=05 sub=00 fc=44 room=77
f=25 in= gm=05 sub=00 fc=45 room=77
f=26 in= gm=05 sub=00 fc=46 room=77
f=27 in= gm=05 sub=00 fc=47 room=77
f=28 in= gm=05 sub=00 fc=48 room=77
f=29 in= gm=05 sub=00 fc=49 room=77
f=30 in=R gm=05 sub=00 fc=4A room=77
f=31 in=R gm=05 sub=00 fc=4B room=77
f=32 in=R gm=05 sub=00 fc=4C room=77
f=33 in=R gm=05 sub=00 fc=4D room=77
f=34 in=R gm=05 sub=00 fc=4E room=77
f=35 in=R gm=05 sub=00 fc=4F room=77
f=36 in=R gm=05 sub=00 fc=50 room=77
f=37 in=R gm=05 sub=00 fc=51 room=77
f=38 in=R gm=05 sub=00 fc=52 room=77
f=39 in=R gm=05 sub=00 fc=53 room=77
f=40 in=R gm=05 sub=00 fc=54 room=77
f=41 in=R gm=05 sub=00 fc=55 room=77
f=42 in=R gm=05 sub=00 fc=56 room=77
f=43 in=R gm=05 sub=00 fc=57 room=77
f=44 in=R gm=05 sub=00 fc=58 room=77
f=45 in=R gm=05 sub=00 fc=59 room=77
f=46 in=R gm=05 sub=00 fc=5A room=77
f=47 in=R gm=05 sub=00 fc=5B room=77
f=48 in=R gm=05 sub=00 fc=5C room=77
f=49 in=R gm=05 sub=00 fc=5D room=77
f=50 in=R gm=05 sub=00 fc=5E room=77
f=51 in=R gm=05 sub=00 fc=5F room=77
f=52 in=R gm=05 sub=00 fc=60 room=77
f=53 in=R gm=05 sub=00 fc=61 room=77
f=54 in=R gm=05 sub=00 fc=62 room=77
f=55 in=R gm=05 sub=00 fc=63 room=77
f=56 in=R gm=05 sub=00 fc=64 room=77
f=57 in=R gm=05 sub=00 fc=65 room=77
f=58 in=R gm=05 sub=00 fc=66 room=77
f=59 in=R gm=05 sub=00 fc=67 room=77
f=60 in=R gm=05 sub=00 fc=68 room=77
f=61 in=R gm=05 sub=00 fc=69 room=77
f=62 in=R gm=05 sub=00 fc=6A room=77
f=63 in=R gm=05 sub=00 fc=6B room=77
f=64 in=R gm=05 sub=00 fc=6C room=77
f=65 in=R gm=05 sub=00 fc=6D room=77
f=66 in=R gm=05 sub=00 fc=6E room=77
f=67 in=R gm=05 sub=00 fc=6F room=77
f=68 in=R gm=05 sub=00 fc=70 room=77
f=69 in=R gm=05 sub=00 fc=71 room=77
f=70 in=R gm=05 sub=00 fc=72 room=77
f=71 in=R gm=05 sub=00 fc=73 room=77
f=72 in=R gm=05 sub=00 fc=74 room=77
f=73 in=R gm=05 sub=00 fc=75 room=77
f=74 in=R gm=05 sub=00 fc=76 room=77
f=75 in=R gm=05 sub=00 fc=77 room=77
f=76 in=R gm=05 sub=00 fc=78 room=77
f=77 in=R gm=05 sub=00 fc=79 room=77
f=78 in=R gm=05 sub=00 fc=7A room=77
f=79 in=R gm=05 sub=00 fc=7B room=77
f=80 in=R gm=05 sub=00 fc=7C room=77
f=81 in=R gm=05 sub=00 fc=7D room=77
f=82 in=R gm=05 sub=00 fc=7E room=77
f=83 in=R gm=05 sub=00 fc=7F room=77
f=84 in=R gm=05 sub=00 fc=80 room=77
f=85 in=R gm=05 sub=00 fc=81 room=77
f=86 in=R gm=05 sub=00 fc=82 room=77
f=87 in=R gm=05 sub=00 fc=83 room=77
f=88 in=R gm=05 sub=00 fc=84 room=77
f=89 in=R gm=05 sub=00 fc=85 room=77
f=90 in=R gm=05 sub=00 fc=86 room=77
f=91 in=R gm=05 sub=00 fc=87 room=77
f=92 in=R gm=05 sub=00 fc=88 room=77
f=93 in=R gm=05 sub=00 fc=89 room=77
f=94 in=R gm=05 sub=00 fc=8A room=77
f=95 in=R gm=05 sub=00 fc=8B room=77
f=96 in=R gm=05 sub=00 fc=8C room=77
f=97 in=R gm=05 sub=00 fc=8D room=77
f=98 in=R gm=05 sub=00 fc=8E room=77
f=99 in=R gm=05 sub=00 fc=8F room=77
f=100 in=R gm=05 sub=00 fc=90 room=77
f=101 in=R gm=05 sub=00 fc=91 room=77
f=102 in=R gm=05 sub=00 fc=92 room=77
f=103 in=R gm=05 sub=00 fc=93 room=77
f=104 in=R gm=05 sub=00 fc=94 room=77
f=105 in=R gm=05 sub=00 fc=95 room=77
f=106 in=R gm=05 sub=00 fc=96 room=77
f=107 in=R gm=05 sub=00 fc=97 room=77
f=108 in=R gm=05 sub=00 fc=98 room=77
f=109 in=R gm=05 sub=00 fc=99 room=77
f=110 in=R gm=05 sub=00 fc=9A room=77
f=111 in=R gm=05 sub=00 fc=9B room=77
f=112 in=R gm=05 sub=00 fc=9C room=77
f=113 in=R gm=05 sub=00 fc=9D room=77
f=114 in=R gm=05 sub=00 fc=9E room=77
f=115 in=R gm=05 sub=00 fc=9F room=77
f=116 in=R gm=05 sub=00 fc=A0 room=77
f=117 in=R gm=05 sub=00 fc=A1 room=77
f=118 in=R gm=05 sub=00 fc=A2 room=77
f=119 in=R gm=05 sub=00 fc=A3 room=77
f=120 in=R gm=05 sub=00 fc=A4 room=77
f=121 in=R gm=06 sub=00 fc=A5 room=77
f=122 in=R gm=06 sub=00 fc=A6 room=77
f=123 in=R gm=07 sub=00 fc=A7 room=77
f=124 in=R gm=07 sub=01 fc=A8 room=77
f=125 in=R gm=07 sub=02 fc=A9 room=78
f=126 in=R gm=07 sub=02 fc=A9 room=78
f=127 in=R gm=07 sub=02 fc=A9 room=77
f=128 in=R gm=07 sub=02 fc=AA room=77
f=129 in=R gm=07 sub=02 fc=AB room=77
f=130 in=R gm=07 sub=02 fc=AC room=77
f=131 in=R gm=07 sub=02 fc=AD room=77
f=132 in=R gm=07 sub=02 fc=AE room=77
f=133 in=R gm=07 sub=02 fc=AF room=77
f=134 in=R gm=07 sub=02 fc=B0 room=77
f=135 in=R gm=07 sub=02 fc=B1 room=77
f=136 in=R gm=07 sub=02 fc=B2 room=77
f=137 in=R gm=07 sub=02 fc=B3 room=77
f=138 in=R gm=07 sub=02 fc=B4 room=77
f=139 in=R gm=07 sub=02 fc=B5 room=77
f=140 in=R gm=07 sub=02 fc=B6 room=77
f=141 in=R gm=07 sub=02 fc=B7 room=77
f=142 in=R gm=07 sub=02 fc=B8 room=77
f=143 in=R gm=07 sub=02 fc=B9 room=77
f=144 in=R gm=07 sub=02 fc=BA room=77
f=145 in=R gm=07 sub=02 fc=BB room=77
f=146 in=R gm=07 sub=02 fc=BC room=77
f=147 in=R gm=07 sub=02 fc=BD room=77
f=148 in=R gm=07 sub=02 fc=BE room=77
f=149 in=R gm=07 sub=03 fc=BF room=77
f=150 in=R gm=07 sub=04 fc=C0 room=77
f=151 in=R gm=07 sub=05 fc=C1 room=77
f=152 in=R gm=07 sub=00 fc=C2 room=78
f=153 in=R gm=07 sub=02 fc=C3 room=78
f=154 in=R gm=07 sub=03 fc=C4 room=78
f=155 in=R gm=07 sub=03 fc=C5 room=78
f=156 in=R gm=07 sub=03 fc=C6 room=78
f=157 in=R gm=07 sub=03 fc=C7 room=78
f=158 in=R gm=07 sub=03 fc=C8 room=78
f=159 in=R gm=07 sub=03 fc=C9 room=78
f=160 in=R gm=07 sub=03 fc=CA room=78
f=161 in=R gm=07 sub=03 fc=CB room=78
f=162 in=R gm=07 sub=03 fc=CC room=78
f=163 in=R gm=07 sub=03 fc=CD room=78
f=164 in=R gm=07 sub=03 fc=CE room=78
f=165 in=R gm=07 sub=03 fc=CF room=78
f=166 in=R gm=07 sub=03 fc=D0 room=78
f=167 in=R gm=07 sub=03 fc=D1 room=78
f=168 in=R gm=07 sub=03 fc=D2 room=78
f=169 in=R gm=07 sub=03 fc=D3 room=78
f=170 in=R gm=07 sub=03 fc=D4 room=78
f=171 in=R gm=07 sub=03 fc=D5 room=78
f=172 in=R gm=07 sub=03 fc=D6 room=78
f=173 in=R gm=07 sub=03 fc=D7 room=78
f=174 in=R gm=07 sub=03 fc=D8 room=78
f=175 in=R gm=07 sub=03 fc=D9 room=78
f=176 in=R gm=07 sub=03 fc=DA room=78
f=177 in=R gm=07 sub=03 fc=DB room=78
f=178 in=R gm=07 sub=03 fc=DC room=78
f=179 in=R gm=07 sub=03 fc=DD room=78
f=180 in=R gm=07 sub=03 fc=DE room=78
f=181 in=R gm=07 sub=03 fc=DF room=78
f=182 in=R gm=07 sub=03 fc=E0 room=78
f=183 in=R gm=07 sub=03 fc=E1 room=78
f=184 in=R gm=07 sub=03 fc=E2 room=78
f=185 in=R gm=07 sub=03 fc=E3 room=78
f=186 in=R gm=07 sub=03 fc=E4 room=78
f=187 in=R gm=07 sub=03 fc=E5 room=78
f=188 in=R gm=07 sub=03 fc=E6 room=78
f=189 in=R gm=07 sub=03 fc=E7 room=78
f=190 in=R gm=07 sub=03 fc=E8 room=78
f=191 in=R gm=07 sub=03 fc=E9 room=78
f=192 in=R gm=07 sub=03 fc=EA room=78
f=193 in=R gm=07 sub=03 fc=EB room=78
f=194 in=R gm=07 sub=03 fc=EC room=78
f=195 in=R gm=07 sub=03 fc=ED room=78
f=196 in=R gm=07 sub=03 fc=EE room=78
f=197 in=R gm=07 sub=03 fc=EF room=78
f=198 in=R gm=07 sub=03 fc=F0 room=78
f=199 in=R gm=07 sub=03 fc=F1 room=78
f=200 in=R gm=07 sub=03 fc=F2 room=78
f=201 in=R gm=07 sub=03 fc=F3 room=78
f=202 in=R gm=07 sub=03 fc=F4 room=78
f=203 in=R gm=07 sub=03 fc=F5 room=78
f=204 in=R gm=07 sub=03 fc=F6 room=78
f=205 in=R gm=07 sub=03 fc=F7 room=78
f=206 in=R gm=07 sub=03 fc=F8 room=78
f=207 in=R gm=07 sub=03 fc=F9 room=78
f=208 in=R gm=07 sub=03 fc=FA room=78
f=209 in=R gm=07 sub=03 fc=FB room=78
f=210 in=R gm=07 sub=03 fc=FC room=78
f=211 in=R gm=07 sub=03 fc=FD room=78
f=212 in=R gm=07 sub=03 fc=FE room=78
f=213 in=R gm=07 sub=03 fc=FF room=78
f=214 in=R gm=07 sub=03 fc=00 room=78
f=215 in=R gm=07 sub=03 fc=01 room=78
f=216 in=R gm=07 sub=03 fc=02 room=78
f=217 in=R gm=07 sub=03 fc=03 room=78
f=218 in=R gm=07 sub=04 fc=04 room=78
f=219 in=R gm=07 sub=05 fc=05 room=78
f=220 in=R gm=07 sub=06 fc=06 room=78
f=221 in=R gm=04 sub=01 fc=07 room=78
f=222 in=R gm=04 sub=02 fc=08 room=78
f=223 in=R gm=04 sub=00 fc=09 room=78
f=224 in=R gm=04 sub=00 fc=0A room=78
f=225 in=R gm=05 sub=00 fc=0B room=78
f=226 in=R gm=05 sub=00 fc=0C room=78
f=227 in=R gm=05 sub=00 fc=0D room=78
f=228 in=R gm=05 sub=00 fc=0E room=78
f=229 in=R gm=05 sub=00 fc=0F room=78
f=230 in=R gm=05 sub=00 fc=10 room=78
f=231 in=R gm=05 sub=00 fc=11 room=78
f=232 in=R gm=05 sub=00 fc=12 room=78
f=233 in=R gm=05 sub=00 fc=13 room=78
f=234 in=R gm=05 sub=00 fc=14 room=78
f=235 in=R gm=05 sub=00 fc=15 room=78
f=236 in=R gm=05 sub=00 fc=16 room=78
f=237 in=R gm=05 sub=00 fc=17 room=78
f=238 in=R gm=05 sub=00 fc=18 room=78
f=239 in=R gm=05 sub=00 fc=19 room=78
f=240 in=R gm=05 sub=00 fc=1A room=78
f=241 in=R gm=05 sub=00 fc=1B room=78
f=242 in=R gm=05 sub=00 fc=1C room=78
f=243 in=R gm=05 sub=00 fc=1D room=78
f=244 in=R gm=05 sub=00 fc=1E room=78
f=245 in=R gm=05 sub=00 fc=1F room=78
f=246 in=R gm=05 sub=00 fc=20 room=78
f=247 in=R gm=05 sub=00 fc=21 room=78
f=248 in=R gm=05 sub=00 fc=22 room=78
f=249 in=R gm=05 sub=00 fc=23 room=78
f=250 in=R gm=05 sub=00 fc=24 room=78
f=251 in=R gm=05 sub=00 fc=25 room=78
f=252 in=R gm=05 sub=00 fc=26 room=78
f=253 in=R gm=05 sub=00 fc=27 room=78
f=254 in=R gm=05 sub=00 fc=28 room=78
f=255 in=R gm=05 sub=00 fc=29 room=78
f=256 in=R gm=05 sub=00 fc=2A room=78
f=257 in=R gm=05 sub=00 fc=2B room=78
f=258 in=R gm=05 sub=00 fc=2C room=78
f=259 in=R gm=05 sub=00 fc=2D room=78
f=260 in=R gm=05 sub=00 fc=2E room=78
f=261 in=R gm=05 sub=00 fc=2F room=78
f=262 in=R gm=05 sub=00 fc=30 room=78
f=263 in=R gm=05 sub=00 fc=31 room=78
f=264 in=R gm=05 sub=00 fc=32 room=78
f=265 in=R gm=05 sub=00 fc=33 room=78
f=266 in=R gm=05 sub=00 fc=34 room=78
f=267 in=R gm=05 sub=00 fc=35 room=78
f=268 in=R gm=05 sub=00 fc=36 room=78
f=269 in=R gm=05 sub=00 fc=37 room=78
f=270 in=R gm=05 sub=00 fc=38 room=78
f=271 in=R gm=05 sub=00 fc=39 room=78
f=272 in=R gm=05 sub=00 fc=3A room=78
f=273 in=R gm=05 sub=00 fc=3B room=78
f=274 in=R gm=05 sub=00 fc=3C room=78
f=275 in=R gm=05 sub=00 fc=3D room=78
f=276 in=R gm=05 sub=00 fc=3E room=78
f=277 in=R gm=05 sub=00 fc=3F room=78
f=278 in=R gm=05 sub=00 fc=40 room=78
f=279 in=R gm=05 sub=00 fc=41 room=78
f=280 in= gm=05 sub=00 fc=42 room=78
f=281 in= gm=05 sub=00 fc=43 room=78
f=282 in= gm=05 sub=00 fc=44 room=78
f=283 in= gm=05 sub=00 fc=45 room=78
f=284 in= gm=05 sub=00 fc=46 room=78
f=285 in= gm=05 sub=00 fc=47 room=78
f=286 in= gm=05 sub=00 fc=48 room=78
f=287 in= gm=05 sub=00 fc=49 room=78
f=288 in= gm=05 sub=00 fc=4A room=78
f=289 in= gm=05 sub=00 fc=4B room=78
f=290 in= gm=05 sub=00 fc=4C room=78
f=291 in= gm=05 sub=00 fc=4D room=78
f=292 in= gm=05 sub=00 fc=4E room=78
f=293 in= gm=05 sub=00 fc=4F room=78
f=294 in= gm=05 sub=00 fc=50 room=78
f=295 in= gm=05 sub=00 fc=51 room=78
f=296 in= gm=05 sub=00 fc=52 room=78
f=297 in= gm=05 sub=00 fc=53 room=78
f=298 in= gm=05 sub=00 fc=54 room=78
f=299 in= gm=05 sub=00 fc=55 room=78
stage at f=300
stage: room 78 lvl 00 gm 05 link 70,3D keys 1 bombs 4 doors 02
f=300 in=U gm=05 sub=00 fc=56 room=78
f=301 in=U gm=06 sub=00 fc=57 room=78
f=302 in=U gm=06 sub=00 fc=58 room=78
f=303 in=U gm=07 sub=00 fc=59 room=78
f=304 in=U gm=07 sub=01 fc=5A room=78
f=305 in=U gm=07 sub=02 fc=5B room=78
f=306 in=U gm=07 sub=02 fc=5C room=78
f=307 in=U gm=07 sub=02 fc=5D room=78
f=308 in=U gm=07 sub=02 fc=5E room=78
f=309 in=U gm=07 sub=02 fc=5F room=78
f=310 in=U gm=07 sub=02 fc=60 room=78
f=311 in=U gm=07 sub=02 fc=61 room=78
f=312 in=U gm=07 sub=02 fc=62 room=78
f=313 in=U gm=07 sub=02 fc=63 room=78
f=314 in=U gm=07 sub=02 fc=64 room=78
f=315 in=U gm=07 sub=02 fc=65 room=78
f=316 in=U gm=07 sub=02 fc=66 room=78
f=317 in=U gm=07 sub=02 fc=67 room=78
f=318 in=U gm=07 sub=02 fc=68 room=78
f=319 in=U gm=07 sub=02 fc=69 room=78
f=320 in=U gm=07 sub=02 fc=6A room=78
f=321 in=U gm=07 sub=02 fc=6B room=78
f=322 in=U gm=07 sub=02 fc=6C room=78
f=323 in=U gm=07 sub=02 fc=6D room=78
f=324 in=U gm=07 sub=02 fc=6E room=78
f=325 in=U gm=07 sub=02 fc=6F room=78
f=326 in=U gm=07 sub=02 fc=70 room=78
f=327 in=U gm=07 sub=03 fc=71 room=78
f=328 in=U gm=07 sub=04 fc=72 room=78
f=329 in=U gm=07 sub=05 fc=73 room=78
f=330 in=U gm=07 sub=05 fc=74 room=68
f=331 in=U gm=07 sub=05 fc=74 room=68
f=332 in=U gm=07 sub=00 fc=74 room=68
f=333 in=U gm=07 sub=01 fc=75 room=68
f=334 in=U gm=07 sub=02 fc=76 room=68
f=335 in=U gm=07 sub=03 fc=77 room=68
f=336 in=U gm=07 sub=03 fc=78 room=68
f=337 in=U gm=07 sub=03 fc=79 room=68
f=338 in=U gm=07 sub=03 fc=7A room=68
f=339 in=U gm=07 sub=03 fc=7B room=68
f=340 in= gm=07 sub=03 fc=7C room=68
f=341 in= gm=07 sub=03 fc=7D room=68
f=342 in= gm=07 sub=03 fc=7E room=68
f=343 in= gm=07 sub=03 fc=7F room=68
f=344 in= gm=07 sub=03 fc=80 room=68
f=345 in= gm=07 sub=03 fc=81 room=68
f=346 in= gm=07 sub=03 fc=82 room=68
f=347 in= gm=07 sub=03 fc=83 room=68
f=348 in= gm=07 sub=03 fc=84 room=68
f=349 in= gm=07 sub=03 fc=85 room=68
f=350 in= gm=07 sub=03 fc=86 room=68
f=351 in= gm=07 sub=03 fc=87 room=68
f=352 in= gm=07 sub=03 fc=88 room=68
f=353 in= gm=07 sub=03 fc=89 room=68
f=354 in= gm=07 sub=03 fc=8A room=68
f=355 in= gm=07 sub=03 fc=8B room=68
f=356 in= gm=07 sub=03 fc=8C room=68
f=357 in= gm=07 sub=03 fc=8D room=68
f=358 in= gm=07 sub=03 fc=8E room=68
f=359 in= gm=07 sub=03 fc=8F room=68
f=360 in= gm=07 sub=03 fc=90 room=68
f=361 in= gm=07 sub=03 fc=91 room=68
f=362 in= gm=07 sub=03 fc=92 room=68
f=363 in= gm=07 sub=03 fc=93 room=68
f=364 in= gm=07 sub=03 fc=94 room=68
f=365 in= gm=07 sub=03 fc=95 room=68
f=366 in= gm=07 sub=03 fc=96 room=68
f=367 in= gm=07 sub=03 fc=97 room=68
f=368 in= gm=07 sub=03 fc=98 room=68
f=369 in= gm=07 sub=03 fc=99 room=68
f=370 in= gm=07 sub=03 fc=9A room=68
f=371 in= gm=07 sub=03 fc=9B room=68
f=372 in= gm=07 sub=03 fc=9C room=68
f=373 in= gm=07 sub=03 fc=9D room=68
f=374 in= gm=07 sub=03 fc=9E room=68
f=375 in= gm=07 sub=03 fc=9F room=68
f=376 in= gm=07 sub=03 fc=A0 room=68
f=377 in= gm=07 sub=03 fc=A1 room=68
f=378 in= gm=07 sub=03 fc=A2 room=68
f=379 in= gm=07 sub=03 fc=A3 room=68
f=380 in= gm=07 sub=04 fc=A4 room=68
f=381 in= gm=07 sub=06 fc=A5 room=68
f=382 in= gm=04 sub=01 fc=A6 room=68
f=383 in= gm=04 sub=02 fc=A7 room=68
f=384 in= gm=04 sub=00 fc=A8 room=68
f=385 in= gm=04 sub=00 fc=A9 room=68
f=386 in= gm=05 sub=00 fc=AA room=68
f=387 in= gm=05 sub=00 fc=AB room=68
f=388 in= gm=05 sub=00 fc=AC room=68
f=389 in= gm=05 sub=00 fc=AD room=68
f=390 in= gm=05 sub=00 fc=AE room=68
f=391 in= gm=05 sub=00 fc=AF room=68
f=392 in= gm=05 sub=00 fc=B0 room=68
f=393 in= gm=05 sub=00 fc=B1 room=68
f=394 in= gm=05 sub=00 fc=B2 room=68
f=395 in= gm=05 sub=00 fc=B3 room=68
f=396 in= gm=05 sub=00 fc=B4 room=68
f=397 in= gm=05 sub=00 fc=B5 room=68
f=398 in= gm=05 sub=00 fc=B6 room=68
f=399 in= gm=05 sub=00 fc=B7 room=68
f=400 in= gm=05 sub=00 fc=B8 room=68
f=401 in= gm=05 sub=00 fc=B9 room=68
f=402 in= gm=05 sub=00 fc=BA room=68
f=403 in= gm=05 sub=00 fc=BB room=68
f=404 in= gm=05 sub=00 fc=BC room=68
f=405 in= gm=05 sub=00 fc=BD room=68
f=406 in= gm=05 sub=00 fc=BE room=68
f=407 in= gm=05 sub=00 fc=BF room=68
f=408 in= gm=05 sub=00 fc=C0 room=68
f=409 in= gm=05 sub=00 fc=C1 room=68
f=410 in= gm=05 sub=00 fc=C2 room=68
f=411 in= gm=05 sub=00 fc=C3 room=68
f=412 in= gm=05 sub=00 fc=C4 room=68
f=413 in= gm=05 sub=00 fc=C5 room=68
f=414 in= gm=05 sub=00 fc=C6 room=68
f=415 in= gm=05 sub=00 fc=C7 room=68
f=416 in= gm=05 sub=00 fc=C8 room=68
f=417 in= gm=05 sub=00 fc=C9 room=68
f=418 in= gm=05 sub=00 fc=CA room=68
f=419 in= gm=05 sub=00 fc=CB room=68
f=420 in= gm=05 sub=00 fc=CC room=68
f=421 in= gm=05 sub=00 fc=CD room=68
f=422 in= gm=05 sub=00 fc=CE room=68
f=423 in= gm=05 sub=00 fc=CF room=68
f=424 in= gm=05 sub=00 fc=D0 room=68
f=425 in= gm=05 sub=00 fc=D1 room=68
f=426 in= gm=05 sub=00 fc=D2 room=68
f=427 in= gm=05 sub=00 fc=D3 room=68
f=428 in= gm=05 sub=00 fc=D4 room=68
f=429 in= gm=05 sub=00 fc=D5 room=68
f=430 in= gm=05 sub=00 fc=D6 room=68
f=431 in= gm=05 sub=00 fc=D7 room=68
f=432 in= gm=05 sub=00 fc=D8 room=68
f=433 in= gm=05 sub=00 fc=D9 room=68
f=434 in= gm=05 sub=00 fc=DA room=68
f=435 in= gm=05 sub=00 fc=DB room=68
f=436 in= gm=05 sub=00 fc=DC room=68
f=437 in= gm=05 sub=00 fc=DD room=68
f=438 in= gm=05 sub=00 fc=DE room=68
f=439 in= gm=05 sub=00 fc=DF room=68
f=440 in= gm=05 sub=00 fc=E0 room=68
f=441 in= gm=05 sub=00 fc=E1 room=68
f=442 in= gm=05 sub=00 fc=E2 room=68
f=443 in= gm=05 sub=00 fc=E3 room=68
f=444 in= gm=05 sub=00 fc=E4 room=68
f=445 in= gm=05 sub=00 fc=E5 room=68
f=446 in= gm=05 sub=00 fc=E6 room=68
f=447 in= gm=05 sub=00 fc=E7 room=68
f=448 in= gm=05 sub=00 fc=E8 room=68
f=449 in= gm=05 sub=00 fc=E9 room=68
f=450 in= gm=05 sub=00 fc=EA room=68
f=451 in= gm=05 sub=00 fc=EB room=68
f=452 in= gm=05 sub=00 fc=EC room=68
f=453 in= gm=05 sub=00 fc=ED room=68
f=454 in= gm=05 sub=00 fc=EE room=68
f=455 in= gm=05 sub=00 fc=EF room=68
f=456 in= gm=05 sub=00 fc=F0 room=68
f=457 in= gm=05 sub=00 fc=F1 room=68
f=458 in= gm=05 sub=00 fc=F2 room=68
f=459 in= gm=05 sub=00 fc=F3 room=68
f=460 in= gm=05 sub=00 fc=F4 room=68
f=461 in= gm=05 sub=00 fc=F5 room=68
f=462 in= gm=05 sub=00 fc=F6 room=68
f=463 in= gm=05 sub=00 fc=F7 room=68
f=464 in= gm=05 sub=00 fc=F8 room=68
f=465 in= gm=05 sub=00 fc=F9 room=68
f=466 in= gm=05 sub=00 fc=FA room=68
f=467 in= gm=05 sub=00 fc=FB room=68
f=468 in= gm=05 sub=00 fc=FC room=68
f=469 in= gm=05 sub=00 fc=FD room=68
f=470 in= gm=05 sub=00 fc=FE room=68
f=471 in= gm=05 sub=00 fc=FF room=68
f=472 in= gm=05 sub=00 fc=00 room=68
f=473 in= gm=05 sub=00 fc=01 room=68
f=474 in= gm=05 sub=00 fc=02 room=68
f=475 in= gm=05 sub=00 fc=03 room=68
f=476 in= gm=05 sub=00 fc=04 room=68
f=477 in= gm=05 sub=00 fc=05 room=68
f=478 in= gm=05 sub=00 fc=06 room=68
f=479 in= gm=05 sub=00 fc=07 room=68
f=480 in= gm=05 sub=00 fc=08 room=68
f=481 in= gm=05 sub=00 fc=09 room=68
f=482 in= gm=05 sub=00 fc=0A room=68
f=483 in= gm=05 sub=00 fc=0B room=68
f=484 in= gm=05 sub=00 fc=0C room=68
f=485 in= gm=05 sub=00 fc=0D room=68
f=486 in= gm=05 sub=00 fc=0E room=68
f=487 in= gm=05 sub=00 fc=0F room=68
f=488 in= gm=05 sub=00 fc=10 room=68
f=489 in= gm=05 sub=00 fc=11 room=68
f=490 in= gm=05 sub=00 fc=12 room=68
f=491 in= gm=05 sub=00 fc=13 room=68
f=492 in= gm=05 sub=00 fc=14 room=68
f=493 in= gm=05 sub=00 fc=15 room=68
f=494 in= gm=05 sub=00 fc=16 room=68
f=495 in= gm=05 sub=00 fc=17 room=68
f=496 in= gm=05 sub=00 fc=18 room=68
f=497 in= gm=05 sub=00 fc=19 room=68
f=498 in= gm=05 sub=00 fc=1A room=68
f=499 in= gm=05 sub=00 fc=1B room=68
stage at f=500
stage: room 68 lvl 00 gm 05 link 70,3D keys 1 bombs 4 doors 04
f=500 in=U gm=05 sub=00 fc=1C room=68
f=501 in=U gm=06 sub=00 fc=1D room=68
f=502 in=U gm=06 sub=00 fc=1E room=68
f=503 in=U gm=07 sub=00 fc=1F room=68
f=504 in=U gm=07 sub=01 fc=20 room=68
f=505 in=U gm=07 sub=02 fc=21 room=68
f=506 in=U gm=07 sub=02 fc=22 room=68
f=507 in=U gm=07 sub=02 fc=23 room=68
f=508 in=U gm=07 sub=02 fc=24 room=68
f=509 in=U gm=07 sub=02 fc=25 room=68
f=510 in=U gm=07 sub=02 fc=26 room=68
f=511 in=U gm=07 sub=02 fc=27 room=68
f=512 in=U gm=07 sub=02 fc=28 room=68
f=513 in=U gm=07 sub=02 fc=29 room=68
f=514 in=U gm=07 sub=02 fc=2A room=68
f=515 in=U gm=07 sub=02 fc=2B room=68
f=516 in=U gm=07 sub=02 fc=2C room=68
f=517 in=U gm=07 sub=02 fc=2D room=68
f=518 in=U gm=07 sub=02 fc=2E room=68
f=519 in=U gm=07 sub=02 fc=2F room=68
f=520 in=U gm=07 sub=02 fc=30 room=68
f=521 in=U gm=07 sub=02 fc=31 room=68
f=522 in=U gm=07 sub=02 fc=32 room=68
f=523 in=U gm=07 sub=02 fc=33 room=68
f=524 in=U gm=07 sub=02 fc=34 room=68
f=525 in=U gm=07 sub=02 fc=35 room=68
f=526 in=U gm=07 sub=02 fc=36 room=68
f=527 in=U gm=07 sub=03 fc=37 room=68
f=528 in=U gm=07 sub=04 fc=38 room=68
f=529 in=U gm=07 sub=05 fc=39 room=68
f=530 in=U gm=07 sub=05 fc=3A room=58
f=531 in=U gm=07 sub=05 fc=3A room=58
f=532 in=U gm=07 sub=00 fc=3A room=58
f=533 in=U gm=07 sub=01 fc=3B room=58
f=534 in=U gm=07 sub=02 fc=3C room=58
f=535 in=U gm=07 sub=03 fc=3D room=58
f=536 in=U gm=07 sub=03 fc=3E room=58
f=537 in=U gm=07 sub=03 fc=3F room=58
f=538 in=U gm=07 sub=03 fc=40 room=58
f=539 in=U gm=07 sub=03 fc=41 room=58
f=540 in= gm=07 sub=03 fc=42 room=58
f=541 in= gm=07 sub=03 fc=43 room=58
f=542 in= gm=07 sub=03 fc=44 room=58
f=543 in= gm=07 sub=03 fc=45 room=58
f=544 in= gm=07 sub=03 fc=46 room=58
f=545 in= gm=07 sub=03 fc=47 room=58
f=546 in= gm=07 sub=03 fc=48 room=58
f=547 in= gm=07 sub=03 fc=49 room=58
f=548 in= gm=07 sub=03 fc=4A room=58
f=549 in= gm=07 sub=03 fc=4B room=58
f=550 in= gm=07 sub=03 fc=4C room=58
f=551 in= gm=07 sub=03 fc=4D room=58
f=552 in= gm=07 sub=03 fc=4E room=58
f=553 in= gm=07 sub=03 fc=4F room=58
f=554 in= gm=07 sub=03 fc=50 room=58
f=555 in= gm=07 sub=03 fc=51 room=58
f=556 in= gm=07 sub=03 fc=52 room=58
f=557 in= gm=07 sub=03 fc=53 room=58
f=558 in= gm=07 sub=03 fc=54 room=58
f=559 in= gm=07 sub=03 fc=55 room=58
f=560 in= gm=07 sub=03 fc=56 room=58
f=561 in= gm=07 sub=03 fc=57 room=58
f=562 in= gm=07 sub=03 fc=58 room=58
f=563 in= gm=07 sub=03 fc=59 room=58
f=564 in= gm=07 sub=03 fc=5A room=58
f=565 in= gm=07 sub=03 fc=5B room=58
f=566 in= gm=07 sub=03 fc=5C room=58
f=567 in= gm=07 sub=03 fc=5D room=58
f=568 in= gm=07 sub=03 fc=5E room=58
f=569 in= gm=07 sub=03 fc=5F room=58
f=570 in= gm=07 sub=03 fc=60 room=58
f=571 in= gm=07 sub=03 fc=61 room=58
f=572 in= gm=07 sub=03 fc=62 room=58
f=573 in= gm=07 sub=03 fc=63 room=58
f=574 in= gm=07 sub=03 fc=64 room=58
f=575 in= gm=07 sub=03 fc=65 room=58
f=576 in= gm=07 sub=03 fc=66 room=58
f=577 in= gm=07 sub=03 fc=67 room=58
f=578 in= gm=07 sub=03 fc=68 room=58
f=579 in= gm=07 sub=03 fc=69 room=58
f=580 in= gm=07 sub=04 fc=6A room=58
f=581 in= gm=07 sub=06 fc=6B room=58
f=582 in= gm=04 sub=01 fc=6C room=58
f=583 in= gm=04 sub=02 fc=6D room=58
f=584 in= gm=04 sub=00 fc=6E room=58
f=585 in= gm=04 sub=00 fc=6F room=58
f=586 in= gm=05 sub=00 fc=70 room=58
f=587 in= gm=05 sub=00 fc=71 room=58
f=588 in= gm=05 sub=00 fc=72 room=58
f=589 in= gm=05 sub=00 fc=73 room=58
f=590 in= gm=05 sub=00 fc=74 room=58
f=591 in= gm=05 sub=00 fc=75 room=58
f=592 in= gm=05 sub=00 fc=76 room=58
f=593 in= gm=05 sub=00 fc=77 room=58
f=594 in= gm=05 sub=00 fc=78 room=58
f=595 in= gm=05 sub=00 fc=79 room=58
f=596 in= gm=05 sub=00 fc=7A room=58
f=597 in= gm=05 sub=00 fc=7B room=58
f=598 in= gm=05 sub=00 fc=7C room=58
f=599 in= gm=05 sub=00 fc=7D room=58
f=600 in= gm=05 sub=00 fc=7E room=58
f=601 in= gm=05 sub=00 fc=7F room=58
f=602 in= gm=05 sub=00 fc=80 room=58
f=603 in= gm=05 sub=00 fc=81 room=58
f=604 in= gm=05 sub=00 fc=82 room=58
f=605 in= gm=05 sub=00 fc=83 room=58
f=606 in= gm=05 sub=00 fc=84 room=58
f=607 in= gm=05 sub=00 fc=85 room=58
f=608 in= gm=05 sub=00 fc=86 room=58
f=609 in= gm=05 sub=00 fc=87 room=58
f=610 in= gm=05 sub=00 fc=88 room=58
f=611 in= gm=05 sub=00 fc=89 room=58
f=612 in= gm=05 sub=00 fc=8A room=58
f=613 in= gm=05 sub=00 fc=8B room=58
f=614 in= gm=05 sub=00 fc=8C room=58
f=615 in= gm=05 sub=00 fc=8D room=58
f=616 in= gm=05 sub=00 fc=8E room=58
f=617 in= gm=05 sub=00 fc=8F room=58
f=618 in= gm=05 sub=00 fc=90 room=58
f=619 in= gm=05 sub=00 fc=91 room=58
f=620 in= gm=05 sub=00 fc=92 room=58
f=621 in= gm=05 sub=00 fc=93 room=58
f=622 in= gm=05 sub=00 fc=94 room=58
f=623 in= gm=05 sub=00 fc=95 room=58
f=624 in= gm=05 sub=00 fc=96 room=58
f=625 in= gm=05 sub=00 fc=97 room=58
f=626 in= gm=05 sub=00 fc=98 room=58
f=627 in= gm=05 sub=00 fc=99 room=58
f=628 in= gm=05 sub=00 fc=9A room=58
f=629 in= gm=05 sub=00 fc=9B room=58
f=630 in= gm=05 sub=00 fc=9C room=58
f=631 in= gm=05 sub=00 fc=9D room=58
f=632 in= gm=05 sub=00 fc=9E room=58
f=633 in= gm=05 sub=00 fc=9F room=58
f=634 in= gm=05 sub=00 fc=A0 room=58
f=635 in= gm=05 sub=00 fc=A1 room=58
f=636 in= gm=05 sub=00 fc=A2 room=58
f=637 in= gm=05 sub=00 fc=A3 room=58
f=638 in= gm=05 sub=00 fc=A4 room=58
f=639 in= gm=05 sub=00 fc=A5 room=58
f=640 in= gm=05 sub=00 fc=A6 room=58
f=641 in= gm=05 sub=00 fc=A7 room=58
f=642 in= gm=05 sub=00 fc=A8 room=58
f=643 in= gm=05 sub=00 fc=A9 room=58
f=644 in= gm=05 sub=00 fc=AA room=58
f=645 in= gm=05 sub=00 fc=AB room=58
f=646 in= gm=05 sub=00 fc=AC room=58
f=647 in= gm=05 sub=00 fc=AD room=58
f=648 in= gm=05 sub=00 fc=AE room=58
f=649 in= gm=05 sub=00 fc=AF room=58
f=650 in= gm=05 sub=00 fc=B0 room=58
f=651 in= gm=05 sub=00 fc=B1 room=58
f=652 in= gm=05 sub=00 fc=B2 room=58
f=653 in= gm=05 sub=00 fc=B3 room=58
f=654 in= gm=05 sub=00 fc=B4 room=58
f=655 in= gm=05 sub=00 fc=B5 room=58
f=656 in= gm=05 sub=00 fc=B6 room=58
f=657 in= gm=05 sub=00 fc=B7 room=58
f=658 in= gm=05 sub=00 fc=B8 room=58
f=659 in= gm=05 sub=00 fc=B9 room=58
f=660 in= gm=05 sub=00 fc=BA room=58
f=661 in= gm=05 sub=00 fc=BB room=58
f=662 in= gm=05 sub=00 fc=BC room=58
f=663 in= gm=05 sub=00 fc=BD room=58
f=664 in= gm=05 sub=00 fc=BE room=58
f=665 in= gm=05 sub=00 fc=BF room=58
f=666 in= gm=05 sub=00 fc=C0 room=58
f=667 in= gm=05 sub=00 fc=C1 room=58
f=668 in= gm=05 sub=00 fc=C2 room=58
f=669 in= gm=05 sub=00 fc=C3 room=58
f=670 in= gm=05 sub=00 fc=C4 room=58
f=671 in= gm=05 sub=00 fc=C5 room=58
f=672 in= gm=05 sub=00 fc=C6 room=58
f=673 in= gm=05 sub=00 fc=C7 room=58
f=674 in= gm=05 sub=00 fc=C8 room=58
f=675 in= gm=05 sub=00 fc=C9 room=58
f=676 in= gm=05 sub=00 fc=CA room=58
f=677 in= gm=05 sub=00 fc=CB room=58
f=678 in= gm=05 sub=00 fc=CC room=58
f=679 in= gm=05 sub=00 fc=CD room=58
f=680 in= gm=05 sub=00 fc=CE room=58
f=681 in= gm=05 sub=00 fc=CF room=58
f=682 in= gm=05 sub=00 fc=D0 room=58
f=683 in= gm=05 sub=00 fc=D1 room=58
f=684 in= gm=05 sub=00 fc=D2 room=58
f=685 in= gm=05 sub=00 fc=D3 room=58
f=686 in= gm=05 sub=00 fc=D4 room=58
f=687 in= gm=05 sub=00 fc=D5 room=58
f=688 in= gm=05 sub=00 fc=D6 room=58
f=689 in= gm=05 sub=00 fc=D7 room=58
f=690 in= gm=05 sub=00 fc=D8 room=58
f=691 in= gm=05 sub=00 fc=D9 room=58
f=692 in= gm=05 sub=00 fc=DA room=58
f=693 in= gm=05 sub=00 fc=DB room=58
f=694 in= gm=05 sub=00 fc=DC room=58
f=695 in= gm=05 sub=00 fc=DD room=58
f=696 in= gm=05 sub=00 fc=DE room=58
f=697 in= gm=05 sub=00 fc=DF room=58
f=698 in= gm=05 sub=00 fc=E0 room=58
f=699 in= gm=05 sub=00 fc=E1 room=58
stage at f=700
stage: room 58 lvl 00 gm 05 link 70,3D keys 1 bombs 4 doors 04
f=700 in=U gm=05 sub=00 fc=E2 room=58
f=701 in=U gm=06 sub=00 fc=E3 room=58
f=702 in=U gm=06 sub=00 fc=E4 room=58
f=703 in=U gm=07 sub=00 fc=E5 room=58
f=704 in=U gm=07 sub=01 fc=E6 room=58
f=705 in=U gm=07 sub=02 fc=E7 room=58
f=706 in=U gm=07 sub=02 fc=E8 room=58
f=707 in=U gm=07 sub=02 fc=E9 room=58
f=708 in=U gm=07 sub=02 fc=EA room=58
f=709 in=U gm=07 sub=02 fc=EB room=58
f=710 in=U gm=07 sub=02 fc=EC room=58
f=711 in=U gm=07 sub=02 fc=ED room=58
f=712 in=U gm=07 sub=02 fc=EE room=58
f=713 in=U gm=07 sub=02 fc=EF room=58
f=714 in=U gm=07 sub=02 fc=F0 room=58
f=715 in=U gm=07 sub=02 fc=F1 room=58
f=716 in=U gm=07 sub=02 fc=F2 room=58
f=717 in=U gm=07 sub=02 fc=F3 room=58
f=718 in=U gm=07 sub=02 fc=F4 room=58
f=719 in=U gm=07 sub=02 fc=F5 room=58
f=720 in=U gm=07 sub=02 fc=F6 room=58
f=721 in=U gm=07 sub=02 fc=F7 room=58
f=722 in=U gm=07 sub=02 fc=F8 room=58
f=723 in=U gm=07 sub=02 fc=F9 room=58
f=724 in=U gm=07 sub=02 fc=FA room=58
f=725 in=U gm=07 sub=02 fc=FB room=58
f=726 in=U gm=07 sub=02 fc=FC room=58
f=727 in=U gm=07 sub=03 fc=FD room=58
f=728 in=U gm=07 sub=04 fc=FE room=58
f=729 in=U gm=07 sub=05 fc=FF room=58
f=730 in=U gm=07 sub=05 fc=00 room=48
f=731 in=U gm=07 sub=05 fc=00 room=48
f=732 in=U gm=07 sub=00 fc=00 room=48
f=733 in=U gm=07 sub=01 fc=01 room=48
f=734 in=U gm=07 sub=02 fc=02 room=48
f=735 in=U gm=07 sub=03 fc=03 room=48
f=736 in=U gm=07 sub=03 fc=04 room=48
f=737 in=U gm=07 sub=03 fc=05 room=48
f=738 in=U gm=07 sub=03 fc=06 room=48
f=739 in=U gm=07 sub=03 fc=07 room=48
f=740 in= gm=07 sub=03 fc=08 room=48
f=741 in= gm=07 sub=03 fc=09 room=48
f=742 in= gm=07 sub=03 fc=0A room=48
f=743 in= gm=07 sub=03 fc=0B room=48
f=744 in= gm=07 sub=03 fc=0C room=48
f=745 in= gm=07 sub=03 fc=0D room=48
f=746 in= gm=07 sub=03 fc=0E room=48
f=747 in= gm=07 sub=03 fc=0F room=48
f=748 in= gm=07 sub=03 fc=10 room=48
f=749 in= gm=07 sub=03 fc=11 room=48
f=750 in= gm=07 sub=03 fc=12 room=48
f=751 in= gm=07 sub=03 fc=13 room=48
f=752 in= gm=07 sub=03 fc=14 room=48
f=753 in= gm=07 sub=03 fc=15 room=48
f=754 in= gm=07 sub=03 fc=16 room=48
f=755 in= gm=07 sub=03 fc=17 room=48
f=756 in= gm=07 sub=03 fc=18 room=48
f=757 in= gm=07 sub=03 fc=19 room=48
f=758 in= gm=07 sub=03 fc=1A room=48
f=759 in= gm=07 sub=03 fc=1B room=48
f=760 in= gm=07 sub=03 fc=1C room=48
f=761 in= gm=07 sub=03 fc=1D room=48
f=762 in= gm=07 sub=03 fc=1E room=48
f=763 in= gm=07 sub=03 fc=1F room=48
f=764 in= gm=07 sub=03 fc=20 room=48
f=765 in= gm=07 sub=03 fc=21 room=48
f=766 in= gm=07 sub=03 fc=22 room=48
f=767 in= gm=07 sub=03 fc=23 room=48
f=768 in= gm=07 sub=03 fc=24 room=48
f=769 in= gm=07 sub=03 fc=25 room=48
f=770 in= gm=07 sub=03 fc=26 room=48
f=771 in= gm=07 sub=03 fc=27 room=48
f=772 in= gm=07 sub=03 fc=28 room=48
f=773 in= gm=07 sub=03 fc=29 room=48
f=774 in= gm=07 sub=03 fc=2A room=48
f=775 in= gm=07 sub=03 fc=2B room=48
f=776 in= gm=07 sub=03 fc=2C room=48
f=777 in= gm=07 sub=03 fc=2D room=48
f=778 in= gm=07 sub=03 fc=2E room=48
f=779 in= gm=07 sub=03 fc=2F room=48
f=780 in= gm=07 sub=04 fc=30 room=48
f=781 in= gm=07 sub=06 fc=31 room=48
f=782 in= gm=04 sub=01 fc=32 room=48
f=783 in= gm=04 sub=02 fc=33 room=48
f=784 in= gm=04 sub=00 fc=34 room=48
f=785 in= gm=04 sub=00 fc=35 room=48
f=786 in= gm=05 sub=00 fc=36 room=48
f=787 in= gm=05 sub=00 fc=37 room=48
f=788 in= gm=05 sub=00 fc=38 room=48
f=789 in= gm=05 sub=00 fc=39 room=48
f=790 in= gm=05 sub=00 fc=3A room=48
f=791 in= gm=05 sub=00 fc=3B room=48
f=792 in= gm=05 sub=00 fc=3C room=48
f=793 in= gm=05 sub=00 fc=3D room=48
f=794 in= gm=05 sub=00 fc=3E room=48
f=795 in= gm=05 sub=00 fc=3F room=48
f=796 in= gm=05 sub=00 fc=40 room=48
f=797 in= gm=05 sub=00 fc=41 room=48
f=798 in= gm=05 sub=00 fc=42 room=48
f=799 in= gm=05 sub=00 fc=43 room=48
f=800 in= gm=05 sub=00 fc=44 room=48
f=801 in= gm=05 sub=00 fc=45 room=48
f=802 in= gm=05 sub=00 fc=46 room=48
f=803 in= gm=05 sub=00 fc=47 room=48
f=804 in= gm=05 sub=00 fc=48 room=48
f=805 in= gm=05 sub=00 fc=49 room=48
f=806 in= gm=05 sub=00 fc=4A room=48
f=807 in= gm=05 sub=00 fc=4B room=48
f=808 in= gm=05 sub=00 fc=4C room=48
f=809 in= gm=05 sub=00 fc=4D room=48
f=810 in= gm=05 sub=00 fc=4E room=48
f=811 in= gm=05 sub=00 fc=4F room=48
f=812 in= gm=05 sub=00 fc=50 room=48
f=813 in= gm=05 sub=00 fc=51 room=48
f=814 in= gm=05 sub=00 fc=52 room=48
f=815 in= gm=05 sub=00 fc=53 room=48
f=816 in= gm=05 sub=00 fc=54 room=48
f=817 in= gm=05 sub=00 fc=55 room=48
f=818 in= gm=05 sub=00 fc=56 room=48
f=819 in= gm=05 sub=00 fc=57 room=48
f=820 in= gm=05 sub=00 fc=58 room=48
f=821 in= gm=05 sub=00 fc=59 room=48
f=822 in= gm=05 sub=00 fc=5A room=48
f=823 in= gm=05 sub=00 fc=5B room=48
f=824 in= gm=05 sub=00 fc=5C room=48
f=825 in= gm=05 sub=00 fc=5D room=48
f=826 in= gm=05 sub=00 fc=5E room=48
f=827 in= gm=05 sub=00 fc=5F room=48
f=828 in= gm=05 sub=00 fc=60 room=48
f=829 in= gm=05 sub=00 fc=61 room=48
f=830 in= gm=05 sub=00 fc=62 room=48
f=831 in= gm=05 sub=00 fc=63 room=48
f=832 in= gm=05 sub=00 fc=64 room=48
f=833 in= gm=05 sub=00 fc=65 room=48
f=834 in= gm=05 sub=00 fc=66 room=48
f=835 in= gm=05 sub=00 fc=67 room=48
f=836 in= gm=05 sub=00 fc=68 room=48
f=837 in= gm=05 sub=00 fc=69 room=48
f=838 in= gm=05 sub=00 fc=6A room=48
f=839 in= gm=05 sub=00 fc=6B room=48
f=840 in= gm=05 sub=00 fc=6C room=48
f=841 in= gm=05 sub=00 fc=6D room=48
f=842 in= gm=05 sub=00 fc=6E room=48
f=843 in= gm=05 sub=00 fc=6F room=48
f=844 in= gm=05 sub=00 fc=70 room=48
f=845 in= gm=05 sub=00 fc=71 room=48
f=846 in= gm=05 sub=00 fc=72 room=48
f=847 in= gm=05 sub=00 fc=73 room=48
f=848 in= gm=05 sub=00 fc=74 room=48
f=849 in= gm=05 sub=00 fc=75 room=48
f=850 in= gm=05 sub=00 fc=76 room=48
f=851 in= gm=05 sub=00 fc=77 room=48
f=852 in= gm=05 sub=00 fc=78 room=48
f=853 in= gm=05 sub=00 fc=79 room=48
f=854 in= gm=05 sub=00 fc=7A room=48
f=855 in= gm=05 sub=00 fc=7B room=48
f=856 in= gm=05 sub=00 fc=7C room=48
f=857 in= gm=05 sub=00 fc=7D room=48
f=858 in= gm=05 sub=00 fc=7E room=48
f=859 in= gm=05 sub=00 fc=7F room=48
f=860 in= gm=05 sub=00 fc=80 room=48
f=861 in= gm=05 sub=00 fc=81 room=48
f=862 in= gm=05 sub=00 fc=82 room=48
f=863 in= gm=05 sub=00 fc=83 room=48
f=864 in= gm=05 sub=00 fc=84 room=48
f=865 in= gm=05 sub=00 fc=85 room=48
f=866 in= gm=05 sub=00 fc=86 room=48
f=867 in= gm=05 sub=00 fc=87 room=48
f=868 in= gm=05 sub=00 fc=88 room=48
f=869 in= gm=05 sub=00 fc=89 room=48
f=870 in= gm=05 sub=00 fc=8A room=48
f=871 in= gm=05 sub=00 fc=8B room=48
f=872 in= gm=05 sub=00 fc=8C room=48
f=873 in= gm=05 sub=00 fc=8D room=48
f=874 in= gm=05 sub=00 fc=8E room=48
f=875 in= gm=05 sub=00 fc=8F room=48
f=876 in= gm=05 sub=00 fc=90 room=48
f=877 in= gm=05 sub=00 fc=91 room=48
f=878 in= gm=05 sub=00 fc=92 room=48
f=879 in= gm=05 sub=00 fc=93 room=48
f=880 in= gm=05 sub=00 fc=94 room=48
f=881 in= gm=05 sub=00 fc=95 room=48
f=882 in= gm=05 sub=00 fc=96 room=48
f=883 in= gm=05 sub=00 fc=97 room=48
f=884 in= gm=05 sub=00 fc=98 room=48
f=885 in= gm=05 sub=00 fc=99 room=48
f=886 in= gm=05 sub=00 fc=9A room=48
f=887 in= gm=05 sub=00 fc=9B room=48
f=888 in= gm=05 sub=00 fc=9C room=48
f=889 in= gm=05 sub=00 fc=9D room=48
f=890 in= gm=05 sub=00 fc=9E room=48
f=891 in= gm=05 sub=00 fc=9F room=48
f=892 in= gm=05 sub=00 fc=A0 room=48
f=893 in= gm=05 sub=00 fc=A1 room=48
f=894 in= gm=05 sub=00 fc=A2 room=48
f=895 in= gm=05 sub=00 fc=A3 room=48
f=896 in= gm=05 sub=00 fc=A4 room=48
f=897 in= gm=05 sub=00 fc=A5 room=48
f=898 in= gm=05 sub=00 fc=A6 room=48
f=899 in= gm=05 sub=00 fc=A7 room=48
stage at f=900
stage: room 48 lvl 00 gm 05 link 70,3D keys 1 bombs 4 doors 04
f=900 in=U gm=05 sub=00 fc=A8 room=48
f=901 in=U gm=06 sub=00 fc=A9 room=48
f=902 in=U gm=06 sub=00 fc=AA room=48
f=903 in=U gm=07 sub=00 fc=AB room=48
f=904 in=U gm=07 sub=01 fc=AC room=48
f=905 in=U gm=07 sub=02 fc=AD room=48
f=906 in=U gm=07 sub=02 fc=AE room=48
f=907 in=U gm=07 sub=02 fc=AF room=48
f=908 in=U gm=07 sub=02 fc=B0 room=48
f=909 in=U gm=07 sub=02 fc=B1 room=48
f=910 in=U gm=07 sub=02 fc=B2 room=48
f=911 in=U gm=07 sub=02 fc=B3 room=48
f=912 in=U gm=07 sub=02 fc=B4 room=48
f=913 in=U gm=07 sub=02 fc=B5 room=48
f=914 in=U gm=07 sub=02 fc=B6 room=48
f=915 in=U gm=07 sub=02 fc=B7 room=48
f=916 in=U gm=07 sub=02 fc=B8 room=48
f=917 in=U gm=07 sub=02 fc=B9 room=48
f=918 in=U gm=07 sub=02 fc=BA room=48
f=919 in=U gm=07 sub=02 fc=BB room=48
f=920 in=U gm=07 sub=02 fc=BC room=48
f=921 in=U gm=07 sub=02 fc=BD room=48
f=922 in=U gm=07 sub=02 fc=BE room=48
f=923 in=U gm=07 sub=02 fc=BF room=48
f=924 in=U gm=07 sub=02 fc=C0 room=48
f=925 in=U gm=07 sub=02 fc=C1 room=48
f=926 in=U gm=07 sub=02 fc=C2 room=48
f=927 in=U gm=07 sub=03 fc=C3 room=48
f=928 in=U gm=07 sub=04 fc=C4 room=48
f=929 in=U gm=07 sub=05 fc=C5 room=48
f=930 in=U gm=07 sub=05 fc=C6 room=38
f=931 in=U gm=07 sub=05 fc=C6 room=38
f=932 in=U gm=07 sub=00 fc=C6 room=38
f=933 in=U gm=07 sub=01 fc=C7 room=38
f=934 in=U gm=07 sub=02 fc=C8 room=38
f=935 in=U gm=07 sub=03 fc=C9 room=38
f=936 in=U gm=07 sub=03 fc=CA room=38
f=937 in=U gm=07 sub=03 fc=CB room=38
f=938 in=U gm=07 sub=03 fc=CC room=38
f=939 in=U gm=07 sub=03 fc=CD room=38
f=940 in= gm=07 sub=03 fc=CE room=38
f=941 in= gm=07 sub=03 fc=CF room=38
f=942 in= gm=07 sub=03 fc=D0 room=38
f=943 in= gm=07 sub=03 fc=D1 room=38
f=944 in= gm=07 sub=03 fc=D2 room=38
f=945 in= gm=07 sub=03 fc=D3 room=38
f=946 in= gm=07 sub=03 fc=D4 room=38
f=947 in= gm=07 sub=03 fc=D5 room=38
f=948 in= gm=07 sub=03 fc=D6 room=38
f=949 in= gm=07 sub=03 fc=D7 room=38
f=950 in= gm=07 sub=03 fc=D8 room=38
f=951 in= gm=07 sub=03 fc=D9 room=38
f=952 in= gm=07 sub=03 fc=DA room=38
f=953 in= gm=07 sub=03 fc=DB room=38
f=954 in= gm=07 sub=03 fc=DC room=38
f=955 in= gm=07 sub=03 fc=DD room=38
f=956 in= gm=07 sub=03 fc=DE room=38
f=957 in= gm=07 sub=03 fc=DF room=38
f=958 in= gm=07 sub=03 fc=E0 room=38
f=959 in= gm=07 sub=03 fc=E1 room=38
f=960 in= gm=07 sub=03 fc=E2 room=38
f=961 in= gm=07 sub=03 fc=E3 room=38
f=962 in= gm=07 sub=03 fc=E4 room=38
f=963 in= gm=07 sub=03 fc=E5 room=38
f=964 in= gm=07 sub=03 fc=E6 room=38
f=965 in= gm=07 sub=03 fc=E7 room=38
f=966 in= gm=07 sub=03 fc=E8 room=38
f=967 in= gm=07 sub=03 fc=E9 room=38
f=968 in= gm=07 sub=03 fc=EA room=38
f=969 in= gm=07 sub=03 fc=EB room=38
f=970 in= gm=07 sub=03 fc=EC room=38
f=971 in= gm=07 sub=03 fc=ED room=38
f=972 in= gm=07 sub=03 fc=EE room=38
f=973 in= gm=07 sub=03 fc=EF room=38
f=974 in= gm=07 sub=03 fc=F0 room=38
f=975 in= gm=07 sub=03 fc=F1 room=38
f=976 in= gm=07 sub=03 fc=F2 room=38
f=977 in= gm=07 sub=03 fc=F3 room=38
f=978 in= gm=07 sub=03 fc=F4 room=38
f=979 in= gm=07 sub=03 fc=F5 room=38
f=980 in= gm=07 sub=04 fc=F6 room=38
f=981 in= gm=07 sub=06 fc=F7 room=38
f=982 in= gm=04 sub=01 fc=F8 room=38
f=983 in= gm=04 sub=02 fc=F9 room=38
f=984 in= gm=04 sub=00 fc=FA room=38
f=985 in= gm=04 sub=00 fc=FB room=38
f=986 in= gm=05 sub=00 fc=FC room=38
f=987 in= gm=05 sub=00 fc=FD room=38
f=988 in= gm=05 sub=00 fc=FE room=38
f=989 in= gm=05 sub=00 fc=FF room=38
f=990 in= gm=05 sub=00 fc=00 room=38
f=991 in= gm=05 sub=00 fc=01 room=38
f=992 in= gm=05 sub=00 fc=02 room=38
f=993 in= gm=05 sub=00 fc=03 room=38
f=994 in= gm=05 sub=00 fc=04 room=38
f=995 in= gm=05 sub=00 fc=05 room=38
f=996 in= gm=05 sub=00 fc=06 room=38
f=997 in= gm=05 sub=00 fc=07 room=38
f=998 in= gm=05 sub=00 fc=08 room=38
f=999 in= gm=05 sub=00 fc=09 room=38
f=1000 in= gm=05 sub=00 fc=0A room=38
f=1001 in= gm=05 sub=00 fc=0B room=38
f=1002 in= gm=05 sub=00 fc=0C room=38
f=1003 in= gm=05 sub=00 fc=0D room=38
f=1004 in= gm=05 sub=00 fc=0E room=38
f=1005 in= gm=05 sub=00 fc=0F room=38
f=1006 in= gm=05 sub=00 fc=10 room=38
f=1007 in= gm=05 sub=00 fc=11 room=38
f=1008 in= gm=05 sub=00 fc=12 room=38
f=1009 in= gm=05 sub=00 fc=13 room=38
f=1010 in= gm=05 sub=00 fc=14 room=38
f=1011 in= gm=05 sub=00 fc=15 room=38
f=1012 in= gm=05 sub=00 fc=16 room=38
f=1013 in= gm=05 sub=00 fc=17 room=38
f=1014 in= gm=05 sub=00 fc=18 room=38
f=1015 in= gm=05 sub=00 fc=19 room=38
f=1016 in= gm=05 sub=00 fc=1A room=38
f=1017 in= gm=05 sub=00 fc=1B room=38
f=1018 in= gm=05 sub=00 fc=1C room=38
f=1019 in= gm=05 sub=00 fc=1D room=38
f=1020 in= gm=05 sub=00 fc=1E room=38
f=1021 in= gm=05 sub=00 fc=1F room=38
f=1022 in= gm=05 sub=00 fc=20 room=38
f=1023 in= gm=05 sub=00 fc=21 room=38
f=1024 in= gm=05 sub=00 fc=22 room=38
f=1025 in= gm=05 sub=00 fc=23 room=38
f=1026 in= gm=05 sub=00 fc=24 room=38
f=1027 in= gm=05 sub=00 fc=25 room=38
f=1028 in= gm=05 sub=00 fc=26 room=38
f=1029 in= gm=05 sub=00 fc=27 room=38
f=1030 in= gm=05 sub=00 fc=28 room=38
f=1031 in= gm=05 sub=00 fc=29 room=38
f=1032 in= gm=05 sub=00 fc=2A room=38
f=1033 in= gm=05 sub=00 fc=2B room=38
f=1034 in= gm=05 sub=00 fc=2C room=38
f=1035 in= gm=05 sub=00 fc=2D room=38
f=1036 in= gm=05 sub=00 fc=2E room=38
f=1037 in= gm=05 sub=00 fc=2F room=38
f=1038 in= gm=05 sub=00 fc=30 room=38
f=1039 in= gm=05 sub=00 fc=31 room=38
f=1040 in= gm=05 sub=00 fc=32 room=38
f=1041 in= gm=05 sub=00 fc=33 room=38
f=1042 in= gm=05 sub=00 fc=34 room=38
f=1043 in= gm=05 sub=00 fc=35 room=38
f=1044 in= gm=05 sub=00 fc=36 room=38
f=1045 in= gm=05 sub=00 fc=37 room=38
f=1046 in= gm=05 sub=00 fc=38 room=38
f=1047 in= gm=05 sub=00 fc=39 room=38
f=1048 in= gm=05 sub=00 fc=3A room=38
f=1049 in= gm=05 sub=00 fc=3B room=38
f=1050 in= gm=05 sub=00 fc=3C room=38
f=1051 in= gm=05 sub=00 fc=3D room=38
f=1052 in= gm=05 sub=00 fc=3E room=38
f=1053 in= gm=05 sub=00 fc=3F room=38
f=1054 in= gm=05 sub=00 fc=40 room=38
f=1055 in= gm=05 sub=00 fc=41 room=38
f=1056 in= gm=05 sub=00 fc=42 room=38
f=1057 in= gm=05 sub=00 fc=43 room=38
f=1058 in= gm=05 sub=00 fc=44 room=38
f=1059 in= gm=05 sub=00 fc=45 room=38
f=1060 in= gm=05 sub=00 fc=46 room=38
f=1061 in= gm=05 sub=00 fc=47 room=38
f=1062 in= gm=05 sub=00 fc=48 room=38
f=1063 in= gm=05 sub=00 fc=49 room=38
f=1064 in= gm=05 sub=00 fc=4A room=38
f=1065 in= gm=05 sub=00 fc=4B room=38
f=1066 in= gm=05 sub=00 fc=4C room=38
f=1067 in= gm=05 sub=00 fc=4D room=38
f=1068 in= gm=05 sub=00 fc=4E room=38
f=1069 in= gm=05 sub=00 fc=4F room=38
f=1070 in= gm=05 sub=00 fc=50 room=38
f=1071 in= gm=05 sub=00 fc=51 room=38
f=1072 in= gm=05 sub=00 fc=52 room=38
f=1073 in= gm=05 sub=00 fc=53 room=38
f=1074 in= gm=05 sub=00 fc=54 room=38
f=1075 in= gm=05 sub=00 fc=55 room=38
f=1076 in= gm=05 sub=00 fc=56 room=38
f=1077 in= gm=05 sub=00 fc=57 room=38
f=1078 in= gm=05 sub=00 fc=58 room=38
f=1079 in= gm=05 sub=00 fc=59 room=38
f=1080 in= gm=05 sub=00 fc=5A room=38
f=1081 in= gm=05 sub=00 fc=5B room=38
f=1082 in= gm=05 sub=00 fc=5C room=38
f=1083 in= gm=05 sub=00 fc=5D room=38
f=1084 in= gm=05 sub=00 fc=5E room=38
f=1085 in= gm=05 sub=00 fc=5F room=38
f=1086 in= gm=05 sub=00 fc=60 room=38
f=1087 in= gm=05 sub=00 fc=61 room=38
f=1088 in= gm=05 sub=00 fc=62 room=38
f=1089 in= gm=05 sub=00 fc=63 room=38
f=1090 in= gm=05 sub=00 fc=64 room=38
f=1091 in= gm=05 sub=00 fc=65 room=38
f=1092 in= gm=05 sub=00 fc=66 room=38
f=1093 in= gm=05 sub=00 fc=67 room=38
f=1094 in= gm=05 sub=00 fc=68 room=38
f=1095 in= gm=05 sub=00 fc=69 room=38
f=1096 in= gm=05 sub=00 fc=6A room=38
f=1097 in= gm=05 sub=00 fc=6B room=38
f=1098 in= gm=05 sub=00 fc=6C room=38
f=1099 in= gm=05 sub=00 fc=6D room=38
stage at f=1100
stage: room 38 lvl 00 gm 05 link 00,8D keys 1 bombs 4 doors 04
f=1100 in=L gm=05 sub=00 fc=6E room=38
f=1101 in=L gm=06 sub=00 fc=6F room=38
f=1102 in=L gm=06 sub=00 fc=70 room=38
f=1103 in=L gm=07 sub=00 fc=71 room=38
f=1104 in=L gm=07 sub=01 fc=72 room=38
f=1105 in=L gm=07 sub=02 fc=73 room=37
f=1106 in=L gm=07 sub=02 fc=73 room=37
f=1107 in=L gm=07 sub=02 fc=73 room=38
f=1108 in=L gm=07 sub=02 fc=74 room=38
f=1109 in=L gm=07 sub=02 fc=75 room=38
f=1110 in=L gm=07 sub=02 fc=76 room=38
f=1111 in=L gm=07 sub=02 fc=77 room=38
f=1112 in=L gm=07 sub=02 fc=78 room=38
f=1113 in=L gm=07 sub=02 fc=79 room=38
f=1114 in=L gm=07 sub=02 fc=7A room=38
f=1115 in=L gm=07 sub=02 fc=7B room=38
f=1116 in=L gm=07 sub=02 fc=7C room=38
f=1117 in=L gm=07 sub=02 fc=7D room=38
f=1118 in=L gm=07 sub=02 fc=7E room=38
f=1119 in=L gm=07 sub=02 fc=7F room=38
f=1120 in=L gm=07 sub=02 fc=80 room=38
f=1121 in=L gm=07 sub=02 fc=81 room=38
f=1122 in=L gm=07 sub=02 fc=82 room=38
f=1123 in=L gm=07 sub=02 fc=83 room=38
f=1124 in=L gm=07 sub=02 fc=84 room=38
f=1125 in=L gm=07 sub=02 fc=85 room=38
f=1126 in=L gm=07 sub=02 fc=86 room=38
f=1127 in=L gm=07 sub=02 fc=87 room=38
f=1128 in=L gm=07 sub=02 fc=88 room=38
f=1129 in=L gm=07 sub=03 fc=89 room=38
f=1130 in=L gm=07 sub=04 fc=8A room=38
f=1131 in=L gm=07 sub=05 fc=8B room=38
f=1132 in=L gm=07 sub=00 fc=8C room=37
f=1133 in=L gm=07 sub=02 fc=8D room=37
f=1134 in=L gm=07 sub=03 fc=8E room=37
f=1135 in=L gm=07 sub=03 fc=8F room=37
f=1136 in=L gm=07 sub=03 fc=90 room=37
f=1137 in=L gm=07 sub=03 fc=91 room=37
f=1138 in=L gm=07 sub=03 fc=92 room=37
f=1139 in=L gm=07 sub=03 fc=93 room=37
f=1140 in= gm=07 sub=03 fc=94 room=37
f=1141 in= gm=07 sub=03 fc=95 room=37
f=1142 in= gm=07 sub=03 fc=96 room=37
f=1143 in= gm=07 sub=03 fc=97 room=37
f=1144 in= gm=07 sub=03 fc=98 room=37
f=1145 in= gm=07 sub=03 fc=99 room=37
f=1146 in= gm=07 sub=03 fc=9A room=37
f=1147 in= gm=07 sub=03 fc=9B room=37
f=1148 in= gm=07 sub=03 fc=9C room=37
f=1149 in= gm=07 sub=03 fc=9D room=37
f=1150 in= gm=07 sub=03 fc=9E room=37
f=1151 in= gm=07 sub=03 fc=9F room=37
f=1152 in= gm=07 sub=03 fc=A0 room=37
f=1153 in= gm=07 sub=03 fc=A1 room=37
f=1154 in= gm=07 sub=03 fc=A2 room=37
f=1155 in= gm=07 sub=03 fc=A3 room=37
f=1156 in= gm=07 sub=03 fc=A4 room=37
f=1157 in= gm=07 sub=03 fc=A5 room=37
f=1158 in= gm=07 sub=03 fc=A6 room=37
f=1159 in= gm=07 sub=03 fc=A7 room=37
f=1160 in= gm=07 sub=03 fc=A8 room=37
f=1161 in= gm=07 sub=03 fc=A9 room=37
f=1162 in= gm=07 sub=03 fc=AA room=37
f=1163 in= gm=07 sub=03 fc=AB room=37
f=1164 in= gm=07 sub=03 fc=AC room=37
f=1165 in= gm=07 sub=03 fc=AD room=37
f=1166 in= gm=07 sub=03 fc=AE room=37
f=1167 in= gm=07 sub=03 fc=AF room=37
f=1168 in= gm=07 sub=03 fc=B0 room=37
f=1169 in= gm=07 sub=03 fc=B1 room=37
f=1170 in= gm=07 sub=03 fc=B2 room=37
f=1171 in= gm=07 sub=03 fc=B3 room=37
f=1172 in= gm=07 sub=03 fc=B4 room=37
f=1173 in= gm=07 sub=03 fc=B5 room=37
f=1174 in= gm=07 sub=03 fc=B6 room=37
f=1175 in= gm=07 sub=03 fc=B7 room=37
f=1176 in= gm=07 sub=03 fc=B8 room=37
f=1177 in= gm=07 sub=03 fc=B9 room=37
f=1178 in= gm=07 sub=03 fc=BA room=37
f=1179 in= gm=07 sub=03 fc=BB room=37
f=1180 in= gm=07 sub=03 fc=BC room=37
f=1181 in= gm=07 sub=03 fc=BD room=37
f=1182 in= gm=07 sub=03 fc=BE room=37
f=1183 in= gm=07 sub=03 fc=BF room=37
f=1184 in= gm=07 sub=03 fc=C0 room=37
f=1185 in= gm=07 sub=03 fc=C1 room=37
f=1186 in= gm=07 sub=03 fc=C2 room=37
f=1187 in= gm=07 sub=03 fc=C3 room=37
f=1188 in= gm=07 sub=03 fc=C4 room=37
f=1189 in= gm=07 sub=03 fc=C5 room=37
f=1190 in= gm=07 sub=03 fc=C6 room=37
f=1191 in= gm=07 sub=03 fc=C7 room=37
f=1192 in= gm=07 sub=03 fc=C8 room=37
f=1193 in= gm=07 sub=03 fc=C9 room=37
f=1194 in= gm=07 sub=03 fc=CA room=37
f=1195 in= gm=07 sub=03 fc=CB room=37
f=1196 in= gm=07 sub=03 fc=CC room=37
f=1197 in= gm=07 sub=03 fc=CD room=37
f=1198 in= gm=07 sub=04 fc=CE room=37
f=1199 in= gm=07 sub=05 fc=CF room=37
f=1200 in= gm=07 sub=06 fc=D0 room=37
f=1201 in= gm=04 sub=01 fc=D1 room=37
f=1202 in= gm=04 sub=02 fc=D2 room=37
f=1203 in= gm=04 sub=00 fc=D3 room=37
f=1204 in= gm=04 sub=00 fc=D4 room=37
f=1205 in= gm=05 sub=00 fc=D5 room=37
f=1206 in= gm=05 sub=00 fc=D6 room=37
f=1207 in= gm=05 sub=00 fc=D7 room=37
f=1208 in= gm=05 sub=00 fc=D8 room=37
f=1209 in= gm=05 sub=00 fc=D9 room=37
f=1210 in= gm=05 sub=00 fc=DA room=37
f=1211 in= gm=05 sub=00 fc=DB room=37
f=1212 in= gm=05 sub=00 fc=DC room=37
f=1213 in= gm=05 sub=00 fc=DD room=37
f=1214 in= gm=05 sub=00 fc=DE room=37
f=1215 in= gm=05 sub=00 fc=DF room=37
f=1216 in= gm=05 sub=00 fc=E0 room=37
f=1217 in= gm=05 sub=00 fc=E1 room=37
f=1218 in= gm=05 sub=00 fc=E2 room=37
f=1219 in= gm=05 sub=00 fc=E3 room=37
f=1220 in= gm=05 sub=00 fc=E4 room=37
f=1221 in= gm=05 sub=00 fc=E5 room=37
f=1222 in= gm=05 sub=00 fc=E6 room=37
f=1223 in= gm=05 sub=00 fc=E7 room=37
f=1224 in= gm=05 sub=00 fc=E8 room=37
f=1225 in= gm=05 sub=00 fc=E9 room=37
f=1226 in= gm=05 sub=00 fc=EA room=37
f=1227 in= gm=05 sub=00 fc=EB room=37
f=1228 in= gm=05 sub=00 fc=EC room=37
f=1229 in= gm=05 sub=00 fc=ED room=37
f=1230 in= gm=05 sub=00 fc=EE room=37
f=1231 in= gm=05 sub=00 fc=EF room=37
f=1232 in= gm=05 sub=00 fc=F0 room=37
f=1233 in= gm=05 sub=00 fc=F1 room=37
f=1234 in= gm=05 sub=00 fc=F2 room=37
f=1235 in= gm=05 sub=00 fc=F3 room=37
f=1236 in= gm=05 sub=00 fc=F4 room=37
f=1237 in= gm=05 sub=00 fc=F5 room=37
f=1238 in= gm=05 sub=00 fc=F6 room=37
f=1239 in= gm=05 sub=00 fc=F7 room=37
f=1240 in= gm=05 sub=00 fc=F8 room=37
f=1241 in= gm=05 sub=00 fc=F9 room=37
f=1242 in= gm=05 sub=00 fc=FA room=37
f=1243 in= gm=05 sub=00 fc=FB room=37
f=1244 in= gm=05 sub=00 fc=FC room=37
f=1245 in= gm=05 sub=00 fc=FD room=37
f=1246 in= gm=05 sub=00 fc=FE room=37
f=1247 in= gm=05 sub=00 fc=FF room=37
f=1248 in= gm=05 sub=00 fc=00 room=37
f=1249 in= gm=05 sub=00 fc=01 room=37
f=1250 in= gm=05 sub=00 fc=02 room=37
f=1251 in= gm=05 sub=00 fc=03 room=37
f=1252 in= gm=05 sub=00 fc=04 room=37
f=1253 in= gm=05 sub=00 fc=05 room=37
f=1254 in= gm=05 sub=00 fc=06 room=37
f=1255 in= gm=05 sub=00 fc=07 room=37
f=1256 in= gm=05 sub=00 fc=08 room=37
f=1257 in= gm=05 sub=00 fc=09 room=37
f=1258 in= gm=05 sub=00 fc=0A room=37
f=1259 in= gm=05 sub=00 fc=0B room=37
f=1260 in= gm=05 sub=00 fc=0C room=37
f=1261 in= gm=05 sub=00 fc=0D room=37
f=1262 in= gm=05 sub=00 fc=0E room=37
f=1263 in= gm=05 sub=00 fc=0F room=37
f=1264 in= gm=05 sub=00 fc=10 room=37
f=1265 in= gm=05 sub=00 fc=11 room=37
f=1266 in= gm=05 sub=00 fc=12 room=37
f=1267 in= gm=05 sub=00 fc=13 room=37
f=1268 in= gm=05 sub=00 fc=14 room=37
f=1269 in= gm=05 sub=00 fc=15 room=37
f=1270 in= gm=05 sub=00 fc=16 room=37
f=1271 in= gm=05 sub=00 fc=17 room=37
f=1272 in= gm=05 sub=00 fc=18 room=37
f=1273 in= gm=05 sub=00 fc=19 room=37
f=1274 in= gm=05 sub=00 fc=1A room=37
f=1275 in= gm=05 sub=00 fc=1B room=37
f=1276 in= gm=05 sub=00 fc=1C room=37
f=1277 in= gm=05 sub=00 fc=1D room=37
f=1278 in= gm=05 sub=00 fc=1E room=37
f=1279 in= gm=05 sub=00 fc=1F room=37
f=1280 in= gm=05 sub=00 fc=20 room=37
f=1281 in= gm=05 sub=00 fc=21 room=37
f=1282 in= gm=05 sub=00 fc=22 room=37
f=1283 in= gm=05 sub=00 fc=23 room=37
f=1284 in= gm=05 sub=00 fc=24 room=37
f=1285 in= gm=05 sub=00 fc=25 room=37
f=1286 in= gm=05 sub=00 fc=26 room=37
f=1287 in= gm=05 sub=00 fc=27 room=37
f=1288 in= gm=05 sub=00 fc=28 room=37
f=1289 in= gm=05 sub=00 fc=29 room=37
f=1290 in= gm=05 sub=00 fc=2A room=37
f=1291 in= gm=05 sub=00 fc=2B room=37
f=1292 in= gm=05 sub=00 fc=2C room=37
f=1293 in= gm=05 sub=00 fc=2D room=37
f=1294 in= gm=05 sub=00 fc=2E room=37
f=1295 in= gm=05 sub=00 fc=2F room=37
f=1296 in= gm=05 sub=00 fc=30 room=37
f=1297 in= gm=05 sub=00 fc=31 room=37
f=1298 in= gm=05 sub=00 fc=32 room=37
f=1299 in= gm=05 sub=00 fc=33 room=37
stage at f=1300
stage: room 37 lvl 00 gm 05 link 70,9D keys 1 bombs 4 doors 01
f=1300 in=U gm=05 sub=00 fc=34 room=37
f=1301 in=U gm=05 sub=00 fc=35 room=37
f=1302 in=U gm=05 sub=00 fc=36 room=37
f=1303 in=U gm=05 sub=00 fc=37 room=37
f=1304 in=U gm=05 sub=00 fc=38 room=37
f=1305 in=U gm=05 sub=00 fc=39 room=37
f=1306 in=U gm=05 sub=00 fc=3A room=37
f=1307 in=U gm=05 sub=00 fc=3B room=37
f=1308 in=U gm=05 sub=00 fc=3C room=37
f=1309 in=U gm=05 sub=00 fc=3D room=37
f=1310 in=U gm=05 sub=00 fc=3E room=37
f=1311 in=U gm=05 sub=00 fc=3F room=37
f=1312 in=U gm=05 sub=00 fc=40 room=37
f=1313 in=U gm=05 sub=00 fc=41 room=37
f=1314 in=U gm=05 sub=00 fc=42 room=37
f=1315 in=U gm=05 sub=00 fc=43 room=37
f=1316 in=U gm=05 sub=00 fc=44 room=37
f=1317 in=U gm=05 sub=00 fc=45 room=37
f=1318 in=U gm=05 sub=00 fc=46 room=37
f=1319 in=U gm=05 sub=00 fc=47 room=37
f=1320 in=U gm=05 sub=00 fc=48 room=37
f=1321 in=U gm=05 sub=00 fc=49 room=37
f=1322 in=U gm=05 sub=00 fc=4A room=37
f=1323 in=U gm=10 sub=00 fc=4B room=37
f=1324 in=U gm=10 sub=00 fc=4C room=37
f=1325 in=U gm=10 sub=00 fc=4D room=37
f=1326 in=U gm=10 sub=00 fc=4E room=37
f=1327 in=U gm=10 sub=00 fc=4F room=37
f=1328 in=U gm=10 sub=00 fc=50 room=37
f=1329 in=U gm=10 sub=00 fc=51 room=37
f=1330 in=U gm=10 sub=00 fc=52 room=37
f=1331 in=U gm=10 sub=00 fc=53 room=37
f=1332 in=U gm=10 sub=00 fc=54 room=37
f=1333 in=U gm=10 sub=00 fc=55 room=37
f=1334 in=U gm=10 sub=00 fc=56 room=37
f=1335 in=U gm=10 sub=00 fc=57 room=37
f=1336 in=U gm=10 sub=00 fc=58 room=37
f=1337 in=U gm=10 sub=00 fc=59 room=37
f=1338 in=U gm=10 sub=00 fc=5A room=37
f=1339 in=U gm=10 sub=00 fc=5B room=37
f=1340 in=U gm=10 sub=00 fc=5C room=37
f=1341 in=U gm=10 sub=00 fc=5D room=37
f=1342 in=U gm=10 sub=00 fc=5E room=37
f=1343 in=U gm=10 sub=00 fc=5F room=37
f=1344 in=U gm=10 sub=00 fc=60 room=37
f=1345 in=U gm=10 sub=00 fc=61 room=37
f=1346 in=U gm=10 sub=00 fc=62 room=37
f=1347 in=U gm=10 sub=00 fc=63 room=37
f=1348 in=U gm=10 sub=00 fc=64 room=37
f=1349 in=U gm=10 sub=00 fc=65 room=37
f=1350 in=U gm=10 sub=00 fc=66 room=37
f=1351 in=U gm=10 sub=00 fc=67 room=37
f=1352 in=U gm=10 sub=00 fc=68 room=37
f=1353 in=U gm=10 sub=00 fc=69 room=37
f=1354 in=U gm=10 sub=00 fc=6A room=37
f=1355 in=U gm=10 sub=00 fc=6B room=37
f=1356 in=U gm=10 sub=00 fc=6C room=37
f=1357 in=U gm=10 sub=00 fc=6D room=37
f=1358 in=U gm=10 sub=00 fc=6E room=37
f=1359 in=U gm=10 sub=00 fc=6F room=37
f=1360 in=U gm=10 sub=00 fc=70 room=37
f=1361 in=U gm=10 sub=00 fc=71 room=37
f=1362 in=U gm=10 sub=00 fc=72 room=37
f=1363 in=U gm=10 sub=00 fc=73 room=37
f=1364 in=U gm=10 sub=00 fc=74 room=37
f=1365 in=U gm=10 sub=00 fc=75 room=37
f=1366 in=U gm=10 sub=00 fc=76 room=37
f=1367 in=U gm=10 sub=00 fc=77 room=37
f=1368 in=U gm=10 sub=00 fc=78 room=37
f=1369 in=U gm=10 sub=00 fc=79 room=37
f=1370 in=U gm=10 sub=00 fc=7A room=37
f=1371 in=U gm=10 sub=00 fc=7B room=37
f=1372 in=U gm=10 sub=00 fc=7C room=37
f=1373 in=U gm=10 sub=00 fc=7D room=37
f=1374 in=U gm=10 sub=00 fc=7E room=37
f=1375 in=U gm=10 sub=00 fc=7F room=37
f=1376 in=U gm=10 sub=00 fc=80 room=37
f=1377 in=U gm=10 sub=00 fc=81 room=37
f=1378 in=U gm=10 sub=00 fc=82 room=37
f=1379 in=U gm=10 sub=00 fc=83 room=37
f=1380 in= gm=10 sub=00 fc=84 room=37
f=1381 in= gm=10 sub=00 fc=85 room=37
f=1382 in= gm=10 sub=00 fc=86 room=37
f=1383 in= gm=10 sub=00 fc=87 room=37
f=1384 in= gm=10 sub=00 fc=88 room=37
f=1385 in= gm=10 sub=00 fc=89 room=37
f=1386 in= gm=10 sub=00 fc=8A room=37
f=1387 in= gm=10 sub=00 fc=8B room=37
f=1388 in= gm=02 sub=00 fc=8C room=37
f=1389 in= gm=02 sub=00 fc=8D room=37
f=1390 in= gm=02 sub=00 fc=8D room=37
f=1391 in= gm=02 sub=00 fc=8D room=37
f=1392 in= gm=02 sub=00 fc=8D room=37
f=1393 in= gm=02 sub=00 fc=8D room=37
f=1394 in= gm=02 sub=00 fc=8D room=37
f=1395 in= gm=02 sub=00 fc=8D room=37
f=1396 in= gm=02 sub=00 fc=8D room=37
f=1397 in= gm=02 sub=00 fc=8D room=37
f=1398 in= gm=02 sub=00 fc=8D room=37
f=1399 in= gm=02 sub=00 fc=8D room=37
f=1400 in= gm=02 sub=00 fc=8D room=37
f=1401 in= gm=02 sub=00 fc=8D room=37
f=1402 in= gm=02 sub=00 fc=8D room=37
f=1403 in= gm=02 sub=00 fc=8D room=37
f=1404 in= gm=02 sub=00 fc=8D room=37
f=1405 in= gm=02 sub=01 fc=8D room=37
f=1406 in= gm=02 sub=00 fc=8E room=37
f=1407 in= gm=03 sub=00 fc=8F room=37
f=1408 in= gm=03 sub=01 fc=90 room=37
f=1409 in= gm=03 sub=02 fc=91 room=73
f=1410 in= gm=03 sub=03 fc=92 room=73
f=1411 in= gm=03 sub=04 fc=93 room=73
f=1412 in= gm=03 sub=05 fc=94 room=73
f=1413 in= gm=03 sub=06 fc=95 room=73
f=1414 in= gm=03 sub=07 fc=96 room=73
f=1415 in= gm=03 sub=08 fc=97 room=73
f=1416 in= gm=03 sub=08 fc=98 room=73
f=1417 in= gm=03 sub=08 fc=98 room=73
f=1418 in= gm=03 sub=08 fc=98 room=73
f=1419 in= gm=03 sub=00 fc=98 room=73
f=1420 in= gm=03 sub=00 fc=99 room=73
f=1421 in= gm=03 sub=00 fc=9A room=73
f=1422 in= gm=03 sub=00 fc=9B room=73
f=1423 in= gm=03 sub=00 fc=9C room=73
f=1424 in= gm=03 sub=00 fc=9D room=73
f=1425 in= gm=03 sub=00 fc=9E room=73
f=1426 in= gm=03 sub=00 fc=9F room=73
f=1427 in= gm=03 sub=00 fc=A0 room=73
f=1428 in= gm=03 sub=00 fc=A1 room=73
f=1429 in= gm=03 sub=00 fc=A2 room=73
f=1430 in= gm=03 sub=00 fc=A3 room=73
f=1431 in= gm=03 sub=00 fc=A4 room=73
f=1432 in= gm=03 sub=00 fc=A5 room=73
f=1433 in= gm=03 sub=00 fc=A6 room=73
f=1434 in= gm=03 sub=00 fc=A7 room=73
f=1435 in= gm=03 sub=00 fc=A8 room=73
f=1436 in= gm=03 sub=00 fc=A9 room=73
f=1437 in= gm=03 sub=00 fc=AA room=73
f=1438 in= gm=03 sub=00 fc=AB room=73
f=1439 in= gm=03 sub=00 fc=AC room=73
f=1440 in= gm=03 sub=00 fc=AD room=73
f=1441 in= gm=03 sub=00 fc=AE room=73
f=1442 in= gm=03 sub=00 fc=AF room=73
f=1443 in= gm=03 sub=00 fc=B0 room=73
f=1444 in= gm=03 sub=00 fc=B1 room=73
f=1445 in= gm=03 sub=00 fc=B2 room=73
f=1446 in= gm=03 sub=00 fc=B3 room=73
f=1447 in= gm=03 sub=00 fc=B4 room=73
f=1448 in= gm=03 sub=00 fc=B5 room=73
f=1449 in= gm=03 sub=00 fc=B6 room=73
f=1450 in= gm=03 sub=00 fc=B7 room=73
f=1451 in= gm=03 sub=00 fc=B8 room=73
f=1452 in= gm=03 sub=00 fc=B9 room=73
f=1453 in= gm=03 sub=00 fc=BA room=73
f=1454 in= gm=03 sub=00 fc=BB room=73
f=1455 in= gm=03 sub=00 fc=BC room=73
f=1456 in= gm=03 sub=00 fc=BD room=73
f=1457 in= gm=03 sub=00 fc=BE room=73
f=1458 in= gm=03 sub=00 fc=BF room=73
f=1459 in= gm=03 sub=00 fc=C0 room=73
f=1460 in= gm=03 sub=00 fc=C1 room=73
f=1461 in= gm=03 sub=00 fc=C2 room=73
f=1462 in= gm=03 sub=00 fc=C3 room=73
f=1463 in= gm=03 sub=00 fc=C4 room=73
f=1464 in= gm=03 sub=00 fc=C5 room=73
f=1465 in= gm=03 sub=00 fc=C6 room=73
f=1466 in= gm=03 sub=00 fc=C7 room=73
f=1467 in= gm=03 sub=00 fc=C8 room=73
f=1468 in= gm=03 sub=00 fc=C9 room=73
f=1469 in= gm=03 sub=00 fc=CA room=73
f=1470 in= gm=03 sub=00 fc=CB room=73
f=1471 in= gm=03 sub=00 fc=CC room=73
f=1472 in= gm=03 sub=00 fc=CD room=73
f=1473 in= gm=03 sub=00 fc=CE room=73
f=1474 in= gm=03 sub=00 fc=CF room=73
f=1475 in= gm=03 sub=00 fc=D0 room=73
f=1476 in= gm=03 sub=00 fc=D1 room=73
f=1477 in= gm=03 sub=00 fc=D2 room=73
f=1478 in= gm=03 sub=00 fc=D3 room=73
f=1479 in= gm=03 sub=00 fc=D4 room=73
f=1480 in= gm=03 sub=00 fc=D5 room=73
f=1481 in= gm=03 sub=00 fc=D6 room=73
f=1482 in= gm=03 sub=00 fc=D7 room=73
f=1483 in= gm=03 sub=00 fc=D8 room=73
f=1484 in= gm=03 sub=00 fc=D9 room=73
f=1485 in= gm=03 sub=00 fc=DA room=73
f=1486 in= gm=03 sub=00 fc=DB room=73
f=1487 in= gm=03 sub=00 fc=DC room=73
f=1488 in= gm=03 sub=00 fc=DD room=73
f=1489 in= gm=03 sub=00 fc=DE room=73
f=1490 in= gm=03 sub=00 fc=DF room=73
f=1491 in= gm=03 sub=00 fc=E0 room=73
f=1492 in= gm=03 sub=00 fc=E1 room=73
f=1493 in= gm=03 sub=00 fc=E2 room=73
f=1494 in= gm=03 sub=00 fc=E3 room=73
f=1495 in= gm=04 sub=00 fc=E4 room=73
f=1496 in= gm=04 sub=00 fc=E5 room=73
f=1497 in= gm=04 sub=00 fc=E6 room=73
f=1498 in= gm=04 sub=00 fc=E7 room=73
f=1499 in= gm=04 sub=00 fc=E8 room=73
f=1500 in= gm=04 sub=00 fc=E9 room=73
f=1501 in= gm=04 sub=00 fc=EA room=73
f=1502 in= gm=04 sub=00 fc=EB room=73
f=1503 in= gm=04 sub=00 fc=EC room=73
f=1504 in= gm=04 sub=00 fc=ED room=73
f=1505 in= gm=04 sub=00 fc=EE room=73
f=1506 in= gm=04 sub=00 fc=EF room=73
f=1507 in= gm=04 sub=00 fc=F0 room=73
f=1508 in= gm=05 sub=00 fc=F1 room=73
f=1509 in= gm=05 sub=00 fc=F2 room=73
f=1510 in= gm=05 sub=00 fc=F3 room=73
f=1511 in= gm=05 sub=00 fc=F4 room=73
f=1512 in= gm=05 sub=00 fc=F5 room=73
f=1513 in= gm=05 sub=00 fc=F6 room=73
f=1514 in= gm=05 sub=00 fc=F7 room=73
f=1515 in= gm=05 sub=00 fc=F8 room=73
f=1516 in= gm=05 sub=00 fc=F9 room=73
f=1517 in= gm=05 sub=00 fc=FA room=73
f=1518 in= gm=05 sub=00 fc=FB room=73
f=1519 in= gm=05 sub=00 fc=FC room=73
f=1520 in= gm=05 sub=00 fc=FD room=73
f=1521 in= gm=05 sub=00 fc=FE room=73
f=1522 in= gm=05 sub=00 fc=FF room=73
f=1523 in= gm=05 sub=00 fc=00 room=73
f=1524 in= gm=05 sub=00 fc=01 room=73
f=1525 in= gm=05 sub=00 fc=02 room=73
f=1526 in= gm=05 sub=00 fc=03 room=73
f=1527 in= gm=05 sub=00 fc=04 room=73
f=1528 in= gm=05 sub=00 fc=05 room=73
f=1529 in= gm=05 sub=00 fc=06 room=73
f=1530 in= gm=05 sub=00 fc=07 room=73
f=1531 in= gm=05 sub=00 fc=08 room=73
f=1532 in= gm=05 sub=00 fc=09 room=73
f=1533 in= gm=05 sub=00 fc=0A room=73
f=1534 in= gm=05 sub=00 fc=0B room=73
f=1535 in= gm=05 sub=00 fc=0C room=73
f=1536 in= gm=05 sub=00 fc=0D room=73
f=1537 in= gm=05 sub=00 fc=0E room=73
f=1538 in= gm=05 sub=00 fc=0F room=73
f=1539 in= gm=05 sub=00 fc=10 room=73
f=1540 in= gm=05 sub=00 fc=11 room=73
f=1541 in= gm=05 sub=00 fc=12 room=73
f=1542 in= gm=05 sub=00 fc=13 room=73
f=1543 in= gm=05 sub=00 fc=14 room=73
f=1544 in= gm=05 sub=00 fc=15 room=73
f=1545 in= gm=05 sub=00 fc=16 room=73
f=1546 in= gm=05 sub=00 fc=17 room=73
f=1547 in= gm=05 sub=00 fc=18 room=73
f=1548 in= gm=05 sub=00 fc=19 room=73
f=1549 in= gm=05 sub=00 fc=1A room=73
f=1550 in= gm=05 sub=00 fc=1B room=73
f=1551 in= gm=05 sub=00 fc=1C room=73
f=1552 in= gm=05 sub=00 fc=1D room=73
f=1553 in= gm=05 sub=00 fc=1E room=73
f=1554 in= gm=05 sub=00 fc=1F room=73
f=1555 in= gm=05 sub=00 fc=20 room=73
f=1556 in= gm=05 sub=00 fc=21 room=73
f=1557 in= gm=05 sub=00 fc=22 room=73
f=1558 in= gm=05 sub=00 fc=23 room=73
f=1559 in= gm=05 sub=00 fc=24 room=73
f=1560 in= gm=05 sub=00 fc=25 room=73
f=1561 in= gm=05 sub=00 fc=26 room=73
f=1562 in= gm=05 sub=00 fc=27 room=73
f=1563 in= gm=05 sub=00 fc=28 room=73
f=1564 in= gm=05 sub=00 fc=29 room=73
f=1565 in= gm=05 sub=00 fc=2A room=73
f=1566 in= gm=05 sub=00 fc=2B room=73
f=1567 in= gm=05 sub=00 fc=2C room=73
f=1568 in= gm=05 sub=00 fc=2D room=73
f=1569 in= gm=05 sub=00 fc=2E room=73
f=1570 in= gm=05 sub=00 fc=2F room=73
f=1571 in= gm=05 sub=00 fc=30 room=73
f=1572 in= gm=05 sub=00 fc=31 room=73
f=1573 in= gm=05 sub=00 fc=32 room=73
f=1574 in= gm=05 sub=00 fc=33 room=73
f=1575 in= gm=05 sub=00 fc=34 room=73
f=1576 in= gm=05 sub=00 fc=35 room=73
f=1577 in= gm=05 sub=00 fc=36 room=73
f=1578 in= gm=05 sub=00 fc=37 room=73
f=1579 in= gm=05 sub=00 fc=38 room=73
f=1580 in= gm=05 sub=00 fc=39 room=73
f=1581 in= gm=05 sub=00 fc=3A room=73
f=1582 in= gm=05 sub=00 fc=3B room=73
f=1583 in= gm=05 sub=00 fc=3C room=73
f=1584 in= gm=05 sub=00 fc=3D room=73
f=1585 in= gm=05 sub=00 fc=3E room=73
f=1586 in= gm=05 sub=00 fc=3F room=73
f=1587 in= gm=05 sub=00 fc=40 room=73
f=1588 in= gm=05 sub=00 fc=41 room=73
f=1589 in= gm=05 sub=00 fc=42 room=73
f=1590 in= gm=05 sub=00 fc=43 room=73
f=1591 in= gm=05 sub=00 fc=44 room=73
f=1592 in= gm=05 sub=00 fc=45 room=73
f=1593 in= gm=05 sub=00 fc=46 room=73
f=1594 in= gm=05 sub=00 fc=47 room=73
f=1595 in= gm=05 sub=00 fc=48 room=73
f=1596 in= gm=05 sub=00 fc=49 room=73
f=1597 in= gm=05 sub=00 fc=4A room=73
f=1598 in= gm=05 sub=00 fc=4B room=73
f=1599 in= gm=05 sub=00 fc=4C room=73
f=1600 in= gm=05 sub=00 fc=4D room=73
f=1601 in= gm=05 sub=00 fc=4E room=73
f=1602 in= gm=05 sub=00 fc=4F room=73
f=1603 in= gm=05 sub=00 fc=50 room=73
f=1604 in= gm=05 sub=00 fc=51 room=73
f=1605 in= gm=05 sub=00 fc=52 room=73
f=1606 in= gm=05 sub=00 fc=53 room=73
f=1607 in= gm=05 sub=00 fc=54 room=73
f=1608 in= gm=05 sub=00 fc=55 room=73
f=1609 in= gm=05 sub=00 fc=56 room=73
f=1610 in= gm=05 sub=00 fc=57 room=73
f=1611 in= gm=05 sub=00 fc=58 room=73
f=1612 in= gm=05 sub=00 fc=59 room=73
f=1613 in= gm=05 sub=00 fc=5A room=73
f=1614 in= gm=05 sub=00 fc=5B room=73
f=1615 in= gm=05 sub=00 fc=5C room=73
f=1616 in= gm=05 sub=00 fc=5D room=73
f=1617 in= gm=05 sub=00 fc=5E room=73
f=1618 in= gm=05 sub=00 fc=5F room=73
f=1619 in= gm=05 sub=00 fc=60 room=73
f=1620 in= gm=05 sub=00 fc=61 room=73
f=1621 in= gm=05 sub=00 fc=62 room=73
f=1622 in= gm=05 sub=00 fc=63 room=73
f=1623 in= gm=05 sub=00 fc=64 room=73
f=1624 in= gm=05 sub=00 fc=65 room=73
f=1625 in= gm=05 sub=00 fc=66 room=73
f=1626 in= gm=05 sub=00 fc=67 room=73
f=1627 in= gm=05 sub=00 fc=68 room=73
f=1628 in= gm=05 sub=00 fc=69 room=73
f=1629 in= gm=05 sub=00 fc=6A room=73
f=1630 in= gm=05 sub=00 fc=6B room=73
f=1631 in= gm=05 sub=00 fc=6C room=73
f=1632 in= gm=05 sub=00 fc=6D room=73
f=1633 in= gm=05 sub=00 fc=6E room=73
f=1634 in= gm=05 sub=00 fc=6F room=73
f=1635 in= gm=05 sub=00 fc=70 room=73
f=1636 in= gm=05 sub=00 fc=71 room=73
f=1637 in= gm=05 sub=00 fc=72 room=73
f=1638 in= gm=05 sub=00 fc=73 room=73
f=1639 in= gm=05 sub=00 fc=74 room=73
f=1640 in= gm=05 sub=00 fc=75 room=73
f=1641 in= gm=05 sub=00 fc=76 room=73
f=1642 in= gm=05 sub=00 fc=77 room=73
f=1643 in= gm=05 sub=00 fc=78 room=73
f=1644 in= gm=05 sub=00 fc=79 room=73
f=1645 in= gm=05 sub=00 fc=7A room=73
f=1646 in= gm=05 sub=00 fc=7B room=73
f=1647 in= gm=05 sub=00 fc=7C room=73
f=1648 in= gm=05 sub=00 fc=7D room=73
f=1649 in= gm=05 sub=00 fc=7E room=73
f=1650 in= gm=05 sub=00 fc=7F room=73
f=1651 in= gm=05 sub=00 fc=80 room=73
f=1652 in= gm=05 sub=00 fc=81 room=73
f=1653 in= gm=05 sub=00 fc=82 room=73
f=1654 in= gm=05 sub=00 fc=83 room=73
f=1655 in= gm=05 sub=00 fc=84 room=73
f=1656 in= gm=05 sub=00 fc=85 room=73
f=1657 in= gm=05 sub=00 fc=86 room=73
f=1658 in= gm=05 sub=00 fc=87 room=73
f=1659 in= gm=05 sub=00 fc=88 room=73
f=1660 in= gm=05 sub=00 fc=89 room=73
f=1661 in= gm=05 sub=00 fc=8A room=73
f=1662 in= gm=05 sub=00 fc=8B room=73
f=1663 in= gm=05 sub=00 fc=8C room=73
f=1664 in= gm=05 sub=00 fc=8D room=73
f=1665 in= gm=05 sub=00 fc=8E room=73
f=1666 in= gm=05 sub=00 fc=8F room=73
f=1667 in= gm=05 sub=00 fc=90 room=73
f=1668 in= gm=05 sub=00 fc=91 room=73
f=1669 in= gm=05 sub=00 fc=92 room=73
f=1670 in= gm=05 sub=00 fc=93 room=73
f=1671 in= gm=05 sub=00 fc=94 room=73
f=1672 in= gm=05 sub=00 fc=95 room=73
f=1673 in= gm=05 sub=00 fc=96 room=73
f=1674 in= gm=05 sub=00 fc=97 room=73
f=1675 in= gm=05 sub=00 fc=98 room=73
f=1676 in= gm=05 sub=00 fc=99 room=73
f=1677 in= gm=05 sub=00 fc=9A room=73
f=1678 in= gm=05 sub=00 fc=9B room=73
f=1679 in= gm=05 sub=00 fc=9C room=73
f=1680 in= gm=05 sub=00 fc=9D room=73
f=1681 in= gm=05 sub=00 fc=9E room=73
f=1682 in= gm=05 sub=00 fc=9F room=73
f=1683 in= gm=05 sub=00 fc=A0 room=73
f=1684 in= gm=05 sub=00 fc=A1 room=73
f=1685 in= gm=05 sub=00 fc=A2 room=73
f=1686 in= gm=05 sub=00 fc=A3 room=73
f=1687 in= gm=05 sub=00 fc=A4 room=73
f=1688 in= gm=05 sub=00 fc=A5 room=73
f=1689 in= gm=05 sub=00 fc=A6 room=73
f=1690 in= gm=05 sub=00 fc=A7 room=73
f=1691 in= gm=05 sub=00 fc=A8 room=73
f=1692 in= gm=05 sub=00 fc=A9 room=73
f=1693 in= gm=05 sub=00 fc=AA room=73
f=1694 in= gm=05 sub=00 fc=AB room=73
f=1695 in= gm=05 sub=00 fc=AC room=73
f=1696 in= gm=05 sub=00 fc=AD room=73
f=1697 in= gm=05 sub=00 fc=AE room=73
f=1698 in= gm=05 sub=00 fc=AF room=73
f=1699 in= gm=05 sub=00 fc=B0 room=73
stage at f=1700
stage: room 73 lvl 01 gm 05 link 78,6D keys 1 bombs 4 doors 00
f=1700 in=U gm=05 sub=00 fc=B1 room=73
f=1701 in=U gm=05 sub=00 fc=B2 room=73
f=1702 in=U gm=05 sub=00 fc=B3 room=73
f=1703 in=U gm=05 sub=00 fc=B4 room=73
f=1704 in=U gm=05 sub=00 fc=B5 room=73
f=1705 in=U gm=05 sub=00 fc=B6 room=73
f=1706 in=U gm=05 sub=00 fc=B7 room=73
f=1707 in=U gm=05 sub=00 fc=B8 room=73
f=1708 in=U gm=05 sub=00 fc=B9 room=73
f=1709 in=U gm=05 sub=00 fc=BA room=73
f=1710 in=U gm=05 sub=00 fc=BB room=73
f=1711 in=U gm=05 sub=00 fc=BC room=73
f=1712 in=U gm=05 sub=00 fc=BD room=73
f=1713 in=U gm=05 sub=00 fc=BE room=73
f=1714 in=U gm=05 sub=00 fc=BF room=73
f=1715 in=U gm=05 sub=00 fc=C0 room=73
f=1716 in=U gm=05 sub=00 fc=C1 room=73
f=1717 in=U gm=05 sub=00 fc=C2 room=73
f=1718 in=U gm=05 sub=00 fc=C3 room=73
f=1719 in=U gm=05 sub=00 fc=C4 room=73
f=1720 in=U gm=05 sub=00 fc=C5 room=73
f=1721 in=U gm=05 sub=00 fc=C6 room=73
f=1722 in=U gm=05 sub=00 fc=C7 room=73
f=1723 in=U gm=05 sub=00 fc=C8 room=73
f=1724 in=U gm=05 sub=00 fc=C9 room=73
f=1725 in=U gm=05 sub=00 fc=CA room=73
f=1726 in=U gm=05 sub=00 fc=CB room=73
f=1727 in=U gm=05 sub=00 fc=CC room=73
f=1728 in=U gm=05 sub=00 fc=CD room=73
f=1729 in=U gm=05 sub=00 fc=CE room=73
f=1730 in=U gm=05 sub=00 fc=CF room=73
f=1731 in=U gm=05 sub=00 fc=D0 room=73
f=1732 in=U gm=05 sub=00 fc=D1 room=73
f=1733 in=U gm=05 sub=00 fc=D2 room=73
f=1734 in=U gm=05 sub=00 fc=D3 room=73
f=1735 in=U gm=05 sub=00 fc=D4 room=73
f=1736 in=U gm=05 sub=00 fc=D5 room=73
f=1737 in=U gm=05 sub=00 fc=D6 room=73
f=1738 in=U gm=05 sub=00 fc=D7 room=73
f=1739 in=U gm=05 sub=00 fc=D8 room=73
f=1740 in=U gm=05 sub=00 fc=D9 room=73
f=1741 in=U gm=05 sub=00 fc=DA room=73
f=1742 in=U gm=05 sub=00 fc=DB room=73
f=1743 in=U gm=05 sub=00 fc=DC room=73
f=1744 in=U gm=05 sub=00 fc=DD room=73
f=1745 in=U gm=05 sub=00 fc=DE room=73
f=1746 in=U gm=06 sub=00 fc=DF room=73
f=1747 in=U gm=06 sub=00 fc=E0 room=73
f=1748 in=U gm=07 sub=00 fc=E1 room=73
f=1749 in=U gm=07 sub=01 fc=E2 room=73
f=1750 in=U gm=07 sub=02 fc=E3 room=73
f=1751 in=U gm=07 sub=02 fc=E4 room=73
f=1752 in=U gm=07 sub=02 fc=E5 room=73
f=1753 in=U gm=07 sub=02 fc=E6 room=73
f=1754 in=U gm=07 sub=02 fc=E7 room=73
f=1755 in=U gm=07 sub=02 fc=E8 room=73
f=1756 in=U gm=07 sub=02 fc=E9 room=73
f=1757 in=U gm=07 sub=02 fc=EA room=73
f=1758 in=U gm=07 sub=02 fc=EB room=73
f=1759 in=U gm=07 sub=02 fc=EC room=73
f=1760 in=U gm=07 sub=02 fc=ED room=73
f=1761 in=U gm=07 sub=02 fc=EE room=73
f=1762 in=U gm=07 sub=02 fc=EF room=73
f=1763 in=U gm=07 sub=02 fc=F0 room=73
f=1764 in=U gm=07 sub=02 fc=F1 room=73
f=1765 in=U gm=07 sub=02 fc=F2 room=73
f=1766 in=U gm=07 sub=02 fc=F3 room=73
f=1767 in=U gm=07 sub=02 fc=F4 room=73
f=1768 in=U gm=07 sub=02 fc=F5 room=73
f=1769 in=U gm=07 sub=02 fc=F6 room=73
f=1770 in=U gm=07 sub=02 fc=F7 room=73
f=1771 in=U gm=07 sub=02 fc=F8 room=73
f=1772 in=U gm=07 sub=03 fc=F9 room=73
f=1773 in=U gm=07 sub=04 fc=FA room=73
f=1774 in=U gm=07 sub=05 fc=FB room=73
f=1775 in=U gm=07 sub=05 fc=FC room=63
f=1776 in=U gm=07 sub=05 fc=FC room=63
f=1777 in=U gm=07 sub=05 fc=FC room=63
f=1778 in=U gm=07 sub=00 fc=FC room=63
f=1779 in=U gm=07 sub=01 fc=FD room=63
f=1780 in=U gm=07 sub=02 fc=FE room=63
f=1781 in=U gm=07 sub=03 fc=FF room=63
f=1782 in=U gm=07 sub=03 fc=00 room=63
f=1783 in=U gm=07 sub=03 fc=01 room=63
f=1784 in=U gm=07 sub=03 fc=02 room=63
f=1785 in=U gm=07 sub=03 fc=03 room=63
f=1786 in=U gm=07 sub=03 fc=04 room=63
f=1787 in=U gm=07 sub=03 fc=05 room=63
f=1788 in=U gm=07 sub=03 fc=06 room=63
f=1789 in=U gm=07 sub=03 fc=07 room=63
f=1790 in=U gm=07 sub=03 fc=08 room=63
f=1791 in=U gm=07 sub=03 fc=09 room=63
f=1792 in=U gm=07 sub=03 fc=0A room=63
f=1793 in=U gm=07 sub=03 fc=0B room=63
f=1794 in=U gm=07 sub=03 fc=0C room=63
f=1795 in=U gm=07 sub=03 fc=0D room=63
f=1796 in=U gm=07 sub=03 fc=0E room=63
f=1797 in=U gm=07 sub=03 fc=0F room=63
f=1798 in=U gm=07 sub=03 fc=10 room=63
f=1799 in=U gm=07 sub=03 fc=11 room=63
f=1800 in= gm=07 sub=03 fc=12 room=63
f=1801 in= gm=07 sub=03 fc=13 room=63
f=1802 in= gm=07 sub=03 fc=14 room=63
f=1803 in= gm=07 sub=03 fc=15 room=63
f=1804 in= gm=07 sub=03 fc=16 room=63
f=1805 in= gm=07 sub=03 fc=17 room=63
f=1806 in= gm=07 sub=03 fc=18 room=63
f=1807 in= gm=07 sub=03 fc=19 room=63
f=1808 in= gm=07 sub=03 fc=1A room=63
f=1809 in= gm=07 sub=03 fc=1B room=63
f=1810 in= gm=07 sub=03 fc=1C room=63
f=1811 in= gm=07 sub=03 fc=1D room=63
f=1812 in= gm=07 sub=03 fc=1E room=63
f=1813 in= gm=07 sub=03 fc=1F room=63
f=1814 in= gm=07 sub=03 fc=20 room=63
f=1815 in= gm=07 sub=03 fc=21 room=63
f=1816 in= gm=07 sub=03 fc=22 room=63
f=1817 in= gm=07 sub=03 fc=23 room=63
f=1818 in= gm=07 sub=03 fc=24 room=63
f=1819 in= gm=07 sub=03 fc=25 room=63
f=1820 in= gm=07 sub=03 fc=26 room=63
f=1821 in= gm=07 sub=03 fc=27 room=63
f=1822 in= gm=07 sub=03 fc=28 room=63
f=1823 in= gm=07 sub=03 fc=29 room=63
f=1824 in= gm=07 sub=03 fc=2A room=63
f=1825 in= gm=07 sub=03 fc=2B room=63
f=1826 in= gm=07 sub=03 fc=2C room=63
f=1827 in= gm=07 sub=03 fc=2D room=63
f=1828 in= gm=07 sub=03 fc=2E room=63
f=1829 in= gm=07 sub=03 fc=2F room=63
f=1830 in= gm=07 sub=03 fc=30 room=63
f=1831 in= gm=07 sub=03 fc=31 room=63
f=1832 in= gm=07 sub=03 fc=32 room=63
f=1833 in= gm=07 sub=03 fc=33 room=63
f=1834 in= gm=07 sub=03 fc=34 room=63
f=1835 in= gm=07 sub=03 fc=35 room=63
f=1836 in= gm=07 sub=03 fc=36 room=63
f=1837 in= gm=07 sub=03 fc=37 room=63
f=1838 in= gm=07 sub=03 fc=38 room=63
f=1839 in= gm=07 sub=03 fc=39 room=63
f=1840 in= gm=07 sub=03 fc=3A room=63
f=1841 in= gm=07 sub=03 fc=3B room=63
f=1842 in= gm=07 sub=03 fc=3C room=63
f=1843 in= gm=07 sub=03 fc=3D room=63
f=1844 in= gm=07 sub=03 fc=3E room=63
f=1845 in= gm=07 sub=03 fc=3F room=63
f=1846 in= gm=07 sub=03 fc=40 room=63
f=1847 in= gm=07 sub=03 fc=41 room=63
f=1848 in= gm=07 sub=03 fc=42 room=63
f=1849 in= gm=07 sub=03 fc=43 room=63
f=1850 in= gm=07 sub=03 fc=44 room=63
f=1851 in= gm=07 sub=03 fc=45 room=63
f=1852 in= gm=07 sub=03 fc=46 room=63
f=1853 in= gm=07 sub=03 fc=47 room=63
f=1854 in= gm=07 sub=03 fc=48 room=63
f=1855 in= gm=07 sub=03 fc=49 room=63
f=1856 in= gm=07 sub=03 fc=4A room=63
f=1857 in= gm=07 sub=03 fc=4B room=63
f=1858 in= gm=07 sub=03 fc=4C room=63
f=1859 in= gm=07 sub=03 fc=4D room=63
f=1860 in= gm=07 sub=03 fc=4E room=63
f=1861 in= gm=07 sub=03 fc=4F room=63
f=1862 in= gm=07 sub=03 fc=50 room=63
f=1863 in= gm=07 sub=03 fc=51 room=63
f=1864 in= gm=07 sub=03 fc=52 room=63
f=1865 in= gm=07 sub=03 fc=53 room=63
f=1866 in= gm=07 sub=03 fc=54 room=63
f=1867 in= gm=07 sub=03 fc=55 room=63
f=1868 in= gm=07 sub=03 fc=56 room=63
f=1869 in= gm=07 sub=03 fc=57 room=63
f=1870 in= gm=07 sub=04 fc=58 room=63
f=1871 in= gm=07 sub=06 fc=59 room=63
f=1872 in= gm=04 sub=01 fc=5A room=63
f=1873 in= gm=04 sub=02 fc=5B room=63
f=1874 in= gm=04 sub=00 fc=5C room=63
f=1875 in= gm=04 sub=00 fc=5D room=63
f=1876 in= gm=04 sub=00 fc=5E room=63
f=1877 in= gm=04 sub=00 fc=5F room=63
f=1878 in= gm=04 sub=00 fc=60 room=63
f=1879 in= gm=04 sub=00 fc=61 room=63
f=1880 in= gm=04 sub=00 fc=62 room=63
f=1881 in= gm=04 sub=00 fc=63 room=63
f=1882 in= gm=04 sub=00 fc=64 room=63
f=1883 in= gm=04 sub=00 fc=65 room=63
f=1884 in= gm=04 sub=00 fc=66 room=63
f=1885 in= gm=04 sub=00 fc=67 room=63
f=1886 in= gm=04 sub=00 fc=68 room=63
f=1887 in= gm=05 sub=00 fc=69 room=63
f=1888 in= gm=05 sub=00 fc=6A room=63
f=1889 in= gm=05 sub=00 fc=6B room=63
f=1890 in= gm=05 sub=00 fc=6C room=63
f=1891 in= gm=05 sub=00 fc=6D room=63
f=1892 in= gm=05 sub=00 fc=6E room=63
f=1893 in= gm=05 sub=00 fc=6F room=63
f=1894 in= gm=05 sub=00 fc=70 room=63
f=1895 in= gm=05 sub=00 fc=71 room=63
f=1896 in= gm=05 sub=00 fc=72 room=63
f=1897 in= gm=05 sub=00 fc=73 room=63
f=1898 in= gm=05 sub=00 fc=74 room=63
f=1899 in= gm=05 sub=00 fc=75 room=63
f=1900 in= gm=05 sub=00 fc=76 room=63
f=1901 in= gm=05 sub=00 fc=77 room=63
f=1902 in= gm=05 sub=00 fc=78 room=63
f=1903 in= gm=05 sub=00 fc=79 room=63
f=1904 in= gm=05 sub=00 fc=7A room=63
f=1905 in= gm=05 sub=00 fc=7B room=63
f=1906 in= gm=05 sub=00 fc=7C room=63
f=1907 in= gm=05 sub=00 fc=7D room=63
f=1908 in= gm=05 sub=00 fc=7E room=63
f=1909 in= gm=05 sub=00 fc=7F room=63
f=1910 in= gm=05 sub=00 fc=80 room=63
f=1911 in= gm=05 sub=00 fc=81 room=63
f=1912 in= gm=05 sub=00 fc=82 room=63
f=1913 in= gm=05 sub=00 fc=83 room=63
f=1914 in= gm=05 sub=00 fc=84 room=63
f=1915 in= gm=05 sub=00 fc=85 room=63
f=1916 in= gm=05 sub=00 fc=86 room=63
f=1917 in= gm=05 sub=00 fc=87 room=63
f=1918 in= gm=05 sub=00 fc=88 room=63
f=1919 in= gm=05 sub=00 fc=89 room=63
f=1920 in= gm=05 sub=00 fc=8A room=63
f=1921 in= gm=05 sub=00 fc=8B room=63
f=1922 in= gm=05 sub=00 fc=8C room=63
f=1923 in= gm=05 sub=00 fc=8D room=63
f=1924 in= gm=05 sub=00 fc=8E room=63
f=1925 in= gm=05 sub=00 fc=8F room=63
f=1926 in= gm=05 sub=00 fc=90 room=63
f=1927 in= gm=05 sub=00 fc=91 room=63
f=1928 in= gm=05 sub=00 fc=92 room=63
f=1929 in= gm=05 sub=00 fc=93 room=63
f=1930 in= gm=05 sub=00 fc=94 room=63
f=1931 in= gm=05 sub=00 fc=95 room=63
f=1932 in= gm=05 sub=00 fc=96 room=63
f=1933 in= gm=05 sub=00 fc=97 room=63
f=1934 in= gm=05 sub=00 fc=98 room=63
f=1935 in= gm=05 sub=00 fc=99 room=63
f=1936 in= gm=05 sub=00 fc=9A room=63
f=1937 in= gm=05 sub=00 fc=9B room=63
f=1938 in= gm=05 sub=00 fc=9C room=63
f=1939 in= gm=05 sub=00 fc=9D room=63
f=1940 in= gm=05 sub=00 fc=9E room=63
f=1941 in= gm=05 sub=00 fc=9F room=63
f=1942 in= gm=05 sub=00 fc=A0 room=63
f=1943 in= gm=05 sub=00 fc=A1 room=63
f=1944 in= gm=05 sub=00 fc=A2 room=63
f=1945 in= gm=05 sub=00 fc=A3 room=63
f=1946 in= gm=05 sub=00 fc=A4 room=63
f=1947 in= gm=05 sub=00 fc=A5 room=63
f=1948 in= gm=05 sub=00 fc=A6 room=63
f=1949 in= gm=05 sub=00 fc=A7 room=63
f=1950 in= gm=05 sub=00 fc=A8 room=63
f=1951 in= gm=05 sub=00 fc=A9 room=63
f=1952 in= gm=05 sub=00 fc=AA room=63
f=1953 in= gm=05 sub=00 fc=AB room=63
f=1954 in= gm=05 sub=00 fc=AC room=63
f=1955 in= gm=05 sub=00 fc=AD room=63
f=1956 in= gm=05 sub=00 fc=AE room=63
f=1957 in= gm=05 sub=00 fc=AF room=63
f=1958 in= gm=05 sub=00 fc=B0 room=63
f=1959 in= gm=05 sub=00 fc=B1 room=63
f=1960 in= gm=05 sub=00 fc=B2 room=63
f=1961 in= gm=05 sub=00 fc=B3 room=63
f=1962 in= gm=05 sub=00 fc=B4 room=63
f=1963 in= gm=05 sub=00 fc=B5 room=63
f=1964 in= gm=05 sub=00 fc=B6 room=63
f=1965 in= gm=05 sub=00 fc=B7 room=63
f=1966 in= gm=05 sub=00 fc=B8 room=63
f=1967 in= gm=05 sub=00 fc=B9 room=63
f=1968 in= gm=05 sub=00 fc=BA room=63
f=1969 in= gm=05 sub=00 fc=BB room=63
f=1970 in= gm=05 sub=00 fc=BC room=63
f=1971 in= gm=05 sub=00 fc=BD room=63
f=1972 in= gm=05 sub=00 fc=BE room=63
f=1973 in= gm=05 sub=00 fc=BF room=63
f=1974 in= gm=05 sub=00 fc=C0 room=63
f=1975 in= gm=05 sub=00 fc=C1 room=63
f=1976 in= gm=05 sub=00 fc=C2 room=63
f=1977 in= gm=05 sub=00 fc=C3 room=63
f=1978 in= gm=05 sub=00 fc=C4 room=63
f=1979 in= gm=05 sub=00 fc=C5 room=63
f=1980 in= gm=05 sub=00 fc=C6 room=63
f=1981 in= gm=05 sub=00 fc=C7 room=63
f=1982 in= gm=05 sub=00 fc=C8 room=63
f=1983 in= gm=05 sub=00 fc=C9 room=63
f=1984 in= gm=05 sub=00 fc=CA room=63
f=1985 in= gm=05 sub=00 fc=CB room=63
f=1986 in= gm=05 sub=00 fc=CC room=63
f=1987 in= gm=05 sub=00 fc=CD room=63
f=1988 in= gm=05 sub=00 fc=CE room=63
f=1989 in= gm=05 sub=00 fc=CF room=63
f=1990 in= gm=05 sub=00 fc=D0 room=63
f=1991 in= gm=05 sub=00 fc=D1 room=63
f=1992 in= gm=05 sub=00 fc=D2 room=63
f=1993 in= gm=05 sub=00 fc=D3 room=63
f=1994 in= gm=05 sub=00 fc=D4 room=63
f=1995 in= gm=05 sub=00 fc=D5 room=63
f=1996 in= gm=05 sub=00 fc=D6 room=63
f=1997 in= gm=05 sub=00 fc=D7 room=63
f=1998 in= gm=05 sub=00 fc=D8 room=63
f=1999 in= gm=05 sub=00 fc=D9 room=63
stage at f=2000
stage: room 63 lvl 01 gm 05 link 78,6D keys 0 bombs 4 doors 04
f=2000 in=U gm=05 sub=00 fc=DA room=63
f=2001 in=U gm=05 sub=00 fc=DB room=63
f=2002 in=U gm=05 sub=00 fc=DC room=63
f=2003 in=U gm=05 sub=00 fc=DD room=63
f=2004 in=U gm=05 sub=00 fc=DE room=63
f=2005 in=U gm=05 sub=00 fc=DF room=63
f=2006 in=U gm=05 sub=00 fc=E0 room=63
f=2007 in=U gm=05 sub=00 fc=E1 room=63
f=2008 in=U gm=05 sub=00 fc=E2 room=63
f=2009 in=U gm=05 sub=00 fc=E3 room=63
f=2010 in=U gm=05 sub=00 fc=E4 room=63
f=2011 in=U gm=05 sub=00 fc=E5 room=63
f=2012 in=U gm=05 sub=00 fc=E6 room=63
f=2013 in=U gm=05 sub=00 fc=E7 room=63
f=2014 in=U gm=05 sub=00 fc=E8 room=63
f=2015 in=U gm=05 sub=00 fc=E9 room=63
f=2016 in=U gm=05 sub=00 fc=EA room=63
f=2017 in=U gm=05 sub=00 fc=EB room=63
f=2018 in=U gm=05 sub=00 fc=EC room=63
f=2019 in=U gm=05 sub=00 fc=ED room=63
f=2020 in=U gm=05 sub=00 fc=EE room=63
f=2021 in=U gm=05 sub=00 fc=EF room=63
f=2022 in=U gm=05 sub=00 fc=F0 room=63
f=2023 in=U gm=05 sub=00 fc=F1 room=63
f=2024 in=U gm=05 sub=00 fc=F2 room=63
f=2025 in=U gm=05 sub=00 fc=F3 room=63
f=2026 in=U gm=05 sub=00 fc=F4 room=63
f=2027 in=U gm=05 sub=00 fc=F5 room=63
f=2028 in=U gm=05 sub=00 fc=F6 room=63
f=2029 in=U gm=05 sub=00 fc=F7 room=63
f=2030 in=U gm=05 sub=00 fc=F8 room=63
f=2031 in=U gm=05 sub=00 fc=F9 room=63
f=2032 in=U gm=05 sub=00 fc=FA room=63
f=2033 in=U gm=05 sub=00 fc=FB room=63
f=2034 in=U gm=05 sub=00 fc=FC room=63
f=2035 in=U gm=05 sub=00 fc=FD room=63
f=2036 in=U gm=05 sub=00 fc=FE room=63
f=2037 in=U gm=06 sub=00 fc=FF room=63
f=2038 in=U gm=06 sub=00 fc=00 room=63
f=2039 in=U gm=07 sub=00 fc=01 room=63
f=2040 in=U gm=07 sub=01 fc=02 room=63
f=2041 in=U gm=07 sub=02 fc=03 room=63
f=2042 in=U gm=07 sub=02 fc=04 room=63
f=2043 in=U gm=07 sub=02 fc=05 room=63
f=2044 in=U gm=07 sub=02 fc=06 room=63
f=2045 in=U gm=07 sub=02 fc=07 room=63
f=2046 in=U gm=07 sub=02 fc=08 room=63
f=2047 in=U gm=07 sub=02 fc=09 room=63
f=2048 in=U gm=07 sub=02 fc=0A room=63
f=2049 in=U gm=07 sub=02 fc=0B room=63
f=2050 in=U gm=07 sub=02 fc=0C room=63
f=2051 in=U gm=07 sub=02 fc=0D room=63
f=2052 in=U gm=07 sub=02 fc=0E room=63
f=2053 in=U gm=07 sub=02 fc=0F room=63
f=2054 in=U gm=07 sub=02 fc=10 room=63
f=2055 in=U gm=07 sub=02 fc=11 room=63
f=2056 in=U gm=07 sub=02 fc=12 room=63
f=2057 in=U gm=07 sub=02 fc=13 room=63
f=2058 in=U gm=07 sub=02 fc=14 room=63
f=2059 in=U gm=07 sub=02 fc=15 room=63
f=2060 in=U gm=07 sub=02 fc=16 room=63
f=2061 in=U gm=07 sub=02 fc=17 room=63
f=2062 in=U gm=07 sub=02 fc=18 room=63
f=2063 in=U gm=07 sub=03 fc=19 room=63
f=2064 in=U gm=07 sub=04 fc=1A room=63
f=2065 in=U gm=07 sub=05 fc=1B room=63
f=2066 in=U gm=07 sub=05 fc=1C room=53
f=2067 in=U gm=07 sub=05 fc=1C room=53
f=2068 in=U gm=07 sub=05 fc=1C room=53
f=2069 in=U gm=07 sub=00 fc=1C room=53
f=2070 in=U gm=07 sub=01 fc=1D room=53
f=2071 in=U gm=07 sub=02 fc=1E room=53
f=2072 in=U gm=07 sub=03 fc=1F room=53
f=2073 in=U gm=07 sub=03 fc=20 room=53
f=2074 in=U gm=07 sub=03 fc=21 room=53
f=2075 in=U gm=07 sub=03 fc=22 room=53
f=2076 in=U gm=07 sub=03 fc=23 room=53
f=2077 in=U gm=07 sub=03 fc=24 room=53
f=2078 in=U gm=07 sub=03 fc=25 room=53
f=2079 in=U gm=07 sub=03 fc=26 room=53
f=2080 in=U gm=07 sub=03 fc=27 room=53
f=2081 in=U gm=07 sub=03 fc=28 room=53
f=2082 in=U gm=07 sub=03 fc=29 room=53
f=2083 in=U gm=07 sub=03 fc=2A room=53
f=2084 in=U gm=07 sub=03 fc=2B room=53
f=2085 in=U gm=07 sub=03 fc=2C room=53
f=2086 in=U gm=07 sub=03 fc=2D room=53
f=2087 in=U gm=07 sub=03 fc=2E room=53
f=2088 in=U gm=07 sub=03 fc=2F room=53
f=2089 in=U gm=07 sub=03 fc=30 room=53
f=2090 in=U gm=07 sub=03 fc=31 room=53
f=2091 in=U gm=07 sub=03 fc=32 room=53
f=2092 in=U gm=07 sub=03 fc=33 room=53
f=2093 in=U gm=07 sub=03 fc=34 room=53
f=2094 in=U gm=07 sub=03 fc=35 room=53
f=2095 in=U gm=07 sub=03 fc=36 room=53
f=2096 in=U gm=07 sub=03 fc=37 room=53
f=2097 in=U gm=07 sub=03 fc=38 room=53
f=2098 in=U gm=07 sub=03 fc=39 room=53
f=2099 in=U gm=07 sub=03 fc=3A room=53
f=2100 in= gm=07 sub=03 fc=3B room=53
f=2101 in= gm=07 sub=03 fc=3C room=53
f=2102 in= gm=07 sub=03 fc=3D room=53
f=2103 in= gm=07 sub=03 fc=3E room=53
f=2104 in= gm=07 sub=03 fc=3F room=53
f=2105 in= gm=07 sub=03 fc=40 room=53
f=2106 in= gm=07 sub=03 fc=41 room=53
f=2107 in= gm=07 sub=03 fc=42 room=53
f=2108 in= gm=07 sub=03 fc=43 room=53
f=2109 in= gm=07 sub=03 fc=44 room=53
f=2110 in= gm=07 sub=03 fc=45 room=53
f=2111 in= gm=07 sub=03 fc=46 room=53
f=2112 in= gm=07 sub=03 fc=47 room=53
f=2113 in= gm=07 sub=03 fc=48 room=53
f=2114 in= gm=07 sub=03 fc=49 room=53
f=2115 in= gm=07 sub=03 fc=4A room=53
f=2116 in= gm=07 sub=03 fc=4B room=53
f=2117 in= gm=07 sub=03 fc=4C room=53
f=2118 in= gm=07 sub=03 fc=4D room=53
f=2119 in= gm=07 sub=03 fc=4E room=53
f=2120 in= gm=07 sub=03 fc=4F room=53
f=2121 in= gm=07 sub=03 fc=50 room=53
f=2122 in= gm=07 sub=03 fc=51 room=53
f=2123 in= gm=07 sub=03 fc=52 room=53
f=2124 in= gm=07 sub=03 fc=53 room=53
f=2125 in= gm=07 sub=03 fc=54 room=53
f=2126 in= gm=07 sub=03 fc=55 room=53
f=2127 in= gm=07 sub=03 fc=56 room=53
f=2128 in= gm=07 sub=03 fc=57 room=53
f=2129 in= gm=07 sub=03 fc=58 room=53
f=2130 in= gm=07 sub=03 fc=59 room=53
f=2131 in= gm=07 sub=03 fc=5A room=53
f=2132 in= gm=07 sub=03 fc=5B room=53
f=2133 in= gm=07 sub=03 fc=5C room=53
f=2134 in= gm=07 sub=03 fc=5D room=53
f=2135 in= gm=07 sub=03 fc=5E room=53
f=2136 in= gm=07 sub=03 fc=5F room=53
f=2137 in= gm=07 sub=03 fc=60 room=53
f=2138 in= gm=07 sub=03 fc=61 room=53
f=2139 in= gm=07 sub=03 fc=62 room=53
f=2140 in= gm=07 sub=03 fc=63 room=53
f=2141 in= gm=07 sub=03 fc=64 room=53
f=2142 in= gm=07 sub=03 fc=65 room=53
f=2143 in= gm=07 sub=03 fc=66 room=53
f=2144 in= gm=07 sub=03 fc=67 room=53
f=2145 in= gm=07 sub=03 fc=68 room=53
f=2146 in= gm=07 sub=03 fc=69 room=53
f=2147 in= gm=07 sub=03 fc=6A room=53
f=2148 in= gm=07 sub=03 fc=6B room=53
f=2149 in= gm=07 sub=03 fc=6C room=53
f=2150 in= gm=07 sub=03 fc=6D room=53
f=2151 in= gm=07 sub=03 fc=6E room=53
f=2152 in= gm=07 sub=03 fc=6F room=53
f=2153 in= gm=07 sub=03 fc=70 room=53
f=2154 in= gm=07 sub=03 fc=71 room=53
f=2155 in= gm=07 sub=03 fc=72 room=53
f=2156 in= gm=07 sub=03 fc=73 room=53
f=2157 in= gm=07 sub=03 fc=74 room=53
f=2158 in= gm=07 sub=03 fc=75 room=53
f=2159 in= gm=07 sub=03 fc=76 room=53
f=2160 in= gm=07 sub=03 fc=77 room=53
f=2161 in= gm=07 sub=04 fc=78 room=53
f=2162 in= gm=07 sub=06 fc=79 room=53
f=2163 in= gm=04 sub=01 fc=7A room=53
f=2164 in= gm=04 sub=02 fc=7B room=53
f=2165 in= gm=04 sub=00 fc=7C room=53
f=2166 in= gm=04 sub=00 fc=7D room=53
f=2167 in= gm=04 sub=00 fc=7E room=53
f=2168 in= gm=04 sub=00 fc=7F room=53
f=2169 in= gm=04 sub=00 fc=80 room=53
f=2170 in= gm=04 sub=00 fc=81 room=53
f=2171 in= gm=04 sub=00 fc=82 room=53
f=2172 in= gm=04 sub=00 fc=83 room=53
f=2173 in= gm=04 sub=00 fc=84 room=53
f=2174 in= gm=04 sub=00 fc=85 room=53
f=2175 in= gm=04 sub=00 fc=86 room=53
f=2176 in= gm=04 sub=00 fc=87 room=53
f=2177 in= gm=04 sub=00 fc=88 room=53
f=2178 in= gm=05 sub=00 fc=89 room=53
f=2179 in= gm=05 sub=00 fc=8A room=53
f=2180 in= gm=05 sub=00 fc=8B room=53
f=2181 in= gm=05 sub=00 fc=8C room=53
f=2182 in= gm=05 sub=00 fc=8D room=53
f=2183 in= gm=05 sub=00 fc=8E room=53
f=2184 in= gm=05 sub=00 fc=8F room=53
f=2185 in= gm=05 sub=00 fc=90 room=53
f=2186 in= gm=05 sub=00 fc=91 room=53
f=2187 in= gm=05 sub=00 fc=92 room=53
f=2188 in= gm=05 sub=00 fc=93 room=53
f=2189 in= gm=05 sub=00 fc=94 room=53
f=2190 in= gm=05 sub=00 fc=95 room=53
f=2191 in= gm=05 sub=00 fc=96 room=53
f=2192 in= gm=05 sub=00 fc=97 room=53
f=2193 in= gm=05 sub=00 fc=98 room=53
f=2194 in= gm=05 sub=00 fc=99 room=53
f=2195 in= gm=05 sub=00 fc=9A room=53
f=2196 in= gm=05 sub=00 fc=9B room=53
f=2197 in= gm=05 sub=00 fc=9C room=53
f=2198 in= gm=05 sub=00 fc=9D room=53
f=2199 in= gm=05 sub=00 fc=9E room=53
f=2200 in= gm=05 sub=00 fc=9F room=53
f=2201 in= gm=05 sub=00 fc=A0 room=53
f=2202 in= gm=05 sub=00 fc=A1 room=53
f=2203 in= gm=05 sub=00 fc=A2 room=53
f=2204 in= gm=05 sub=00 fc=A3 room=53
f=2205 in= gm=05 sub=00 fc=A4 room=53
f=2206 in= gm=05 sub=00 fc=A5 room=53
f=2207 in= gm=05 sub=00 fc=A6 room=53
f=2208 in= gm=05 sub=00 fc=A7 room=53
f=2209 in= gm=05 sub=00 fc=A8 room=53
f=2210 in= gm=05 sub=00 fc=A9 room=53
f=2211 in= gm=05 sub=00 fc=AA room=53
f=2212 in= gm=05 sub=00 fc=AB room=53
f=2213 in= gm=05 sub=00 fc=AC room=53
f=2214 in= gm=05 sub=00 fc=AD room=53
f=2215 in= gm=05 sub=00 fc=AE room=53
f=2216 in= gm=05 sub=00 fc=AF room=53
f=2217 in= gm=05 sub=00 fc=B0 room=53
f=2218 in= gm=05 sub=00 fc=B1 room=53
f=2219 in= gm=05 sub=00 fc=B2 room=53
f=2220 in= gm=05 sub=00 fc=B3 room=53
f=2221 in= gm=05 sub=00 fc=B4 room=53
f=2222 in= gm=05 sub=00 fc=B5 room=53
f=2223 in= gm=05 sub=00 fc=B6 room=53
f=2224 in= gm=05 sub=00 fc=B7 room=53
f=2225 in= gm=05 sub=00 fc=B8 room=53
f=2226 in= gm=05 sub=00 fc=B9 room=53
f=2227 in= gm=05 sub=00 fc=BA room=53
f=2228 in= gm=05 sub=00 fc=BB room=53
f=2229 in= gm=05 sub=00 fc=BC room=53
f=2230 in= gm=05 sub=00 fc=BD room=53
f=2231 in= gm=05 sub=00 fc=BE room=53
f=2232 in= gm=05 sub=00 fc=BF room=53
f=2233 in= gm=05 sub=00 fc=C0 room=53
f=2234 in= gm=05 sub=00 fc=C1 room=53
f=2235 in= gm=05 sub=00 fc=C2 room=53
f=2236 in= gm=05 sub=00 fc=C3 room=53
f=2237 in= gm=05 sub=00 fc=C4 room=53
f=2238 in= gm=05 sub=00 fc=C5 room=53
f=2239 in= gm=05 sub=00 fc=C6 room=53
f=2240 in= gm=05 sub=00 fc=C7 room=53
f=2241 in= gm=05 sub=00 fc=C8 room=53
f=2242 in= gm=05 sub=00 fc=C9 room=53
f=2243 in= gm=05 sub=00 fc=CA room=53
f=2244 in= gm=05 sub=00 fc=CB room=53
f=2245 in= gm=05 sub=00 fc=CC room=53
f=2246 in= gm=05 sub=00 fc=CD room=53
f=2247 in= gm=05 sub=00 fc=CE room=53
f=2248 in= gm=05 sub=00 fc=CF room=53
f=2249 in= gm=05 sub=00 fc=D0 room=53
f=2250 in= gm=05 sub=00 fc=D1 room=53
f=2251 in= gm=05 sub=00 fc=D2 room=53
f=2252 in= gm=05 sub=00 fc=D3 room=53
f=2253 in= gm=05 sub=00 fc=D4 room=53
f=2254 in= gm=05 sub=00 fc=D5 room=53
f=2255 in= gm=05 sub=00 fc=D6 room=53
f=2256 in= gm=05 sub=00 fc=D7 room=53
f=2257 in= gm=05 sub=00 fc=D8 room=53
f=2258 in= gm=05 sub=00 fc=D9 room=53
f=2259 in= gm=05 sub=00 fc=DA room=53
f=2260 in= gm=05 sub=00 fc=DB room=53
f=2261 in= gm=05 sub=00 fc=DC room=53
f=2262 in= gm=05 sub=00 fc=DD room=53
f=2263 in= gm=05 sub=00 fc=DE room=53
f=2264 in= gm=05 sub=00 fc=DF room=53
f=2265 in= gm=05 sub=00 fc=E0 room=53
f=2266 in= gm=05 sub=00 fc=E1 room=53
f=2267 in= gm=05 sub=00 fc=E2 room=53
f=2268 in= gm=05 sub=00 fc=E3 room=53
f=2269 in= gm=05 sub=00 fc=E4 room=53
f=2270 in= gm=05 sub=00 fc=E5 room=53
f=2271 in= gm=05 sub=00 fc=E6 room=53
f=2272 in= gm=05 sub=00 fc=E7 room=53
f=2273 in= gm=05 sub=00 fc=E8 room=53
f=2274 in= gm=05 sub=00 fc=E9 room=53
f=2275 in= gm=05 sub=00 fc=EA room=53
f=2276 in= gm=05 sub=00 fc=EB room=53
f=2277 in= gm=05 sub=00 fc=EC room=53
f=2278 in= gm=05 sub=00 fc=ED room=53
f=2279 in= gm=05 sub=00 fc=EE room=53
f=2280 in= gm=05 sub=00 fc=EF room=53
f=2281 in= gm=05 sub=00 fc=F0 room=53
f=2282 in= gm=05 sub=00 fc=F1 room=53
f=2283 in= gm=05 sub=00 fc=F2 room=53
f=2284 in= gm=05 sub=00 fc=F3 room=53
f=2285 in= gm=05 sub=00 fc=F4 room=53
f=2286 in= gm=05 sub=00 fc=F5 room=53
f=2287 in= gm=05 sub=00 fc=F6 room=53
f=2288 in= gm=05 sub=00 fc=F7 room=53
f=2289 in= gm=05 sub=00 fc=F8 room=53
f=2290 in= gm=05 sub=00 fc=F9 room=53
f=2291 in= gm=05 sub=00 fc=FA room=53
f=2292 in= gm=05 sub=00 fc=FB room=53
f=2293 in= gm=05 sub=00 fc=FC room=53
f=2294 in= gm=05 sub=00 fc=FD room=53
f=2295 in= gm=05 sub=00 fc=FE room=53
f=2296 in= gm=05 sub=00 fc=FF room=53
f=2297 in= gm=05 sub=00 fc=00 room=53
f=2298 in= gm=05 sub=00 fc=01 room=53
f=2299 in= gm=05 sub=00 fc=02 room=53
stage at f=2300
stage: room 53 lvl 01 gm 05 link 78,6D keys 0 bombs 4 doors 00
f=2300 in=B gm=05 sub=00 fc=03 room=53
f=2301 in=B gm=05 sub=00 fc=04 room=53
f=2302 in= gm=05 sub=00 fc=05 room=53
f=2303 in= gm=05 sub=00 fc=06 room=53
f=2304 in= gm=05 sub=00 fc=07 room=53
f=2305 in= gm=05 sub=00 fc=08 room=53
f=2306 in= gm=05 sub=00 fc=09 room=53
f=2307 in= gm=05 sub=00 fc=0A room=53
f=2308 in= gm=05 sub=00 fc=0B room=53
f=2309 in= gm=05 sub=00 fc=0C room=53
f=2310 in= gm=05 sub=00 fc=0D room=53
f=2311 in= gm=05 sub=00 fc=0E room=53
f=2312 in= gm=05 sub=00 fc=0F room=53
f=2313 in= gm=05 sub=00 fc=10 room=53
f=2314 in= gm=05 sub=00 fc=11 room=53
f=2315 in= gm=05 sub=00 fc=12 room=53
f=2316 in= gm=05 sub=00 fc=13 room=53
f=2317 in= gm=05 sub=00 fc=14 room=53
f=2318 in= gm=05 sub=00 fc=15 room=53
f=2319 in= gm=05 sub=00 fc=16 room=53
f=2320 in= gm=05 sub=00 fc=17 room=53
f=2321 in= gm=05 sub=00 fc=18 room=53
f=2322 in= gm=05 sub=00 fc=19 room=53
f=2323 in= gm=05 sub=00 fc=1A room=53
f=2324 in= gm=05 sub=00 fc=1B room=53
f=2325 in= gm=05 sub=00 fc=1C room=53
f=2326 in= gm=05 sub=00 fc=1D room=53
f=2327 in= gm=05 sub=00 fc=1E room=53
f=2328 in= gm=05 sub=00 fc=1F room=53
f=2329 in= gm=05 sub=00 fc=20 room=53
f=2330 in= gm=05 sub=00 fc=21 room=53
f=2331 in= gm=05 sub=00 fc=22 room=53
f=2332 in= gm=05 sub=00 fc=23 room=53
f=2333 in= gm=05 sub=00 fc=24 room=53
f=2334 in= gm=05 sub=00 fc=25 room=53
f=2335 in= gm=05 sub=00 fc=26 room=53
f=2336 in= gm=05 sub=00 fc=27 room=53
f=2337 in= gm=05 sub=00 fc=28 room=53
f=2338 in= gm=05 sub=00 fc=29 room=53
f=2339 in= gm=05 sub=00 fc=2A room=53
f=2340 in= gm=05 sub=00 fc=2B room=53
f=2341 in= gm=05 sub=00 fc=2C room=53
f=2342 in= gm=05 sub=00 fc=2D room=53
f=2343 in= gm=05 sub=00 fc=2E room=53
f=2344 in= gm=05 sub=00 fc=2F room=53
f=2345 in= gm=05 sub=00 fc=30 room=53
f=2346 in= gm=05 sub=00 fc=31 room=53
f=2347 in= gm=05 sub=00 fc=32 room=53
f=2348 in= gm=05 sub=00 fc=33 room=53
f=2349 in= gm=05 sub=00 fc=34 room=53
f=2350 in= gm=05 sub=00 fc=35 room=53
f=2351 in= gm=05 sub=00 fc=36 room=53
f=2352 in= gm=05 sub=00 fc=37 room=53
f=2353 in= gm=05 sub=00 fc=38 room=53
f=2354 in= gm=05 sub=00 fc=39 room=53
f=2355 in= gm=05 sub=00 fc=3A room=53
f=2356 in= gm=05 sub=00 fc=3B room=53
f=2357 in= gm=05 sub=00 fc=3C room=53
f=2358 in= gm=05 sub=00 fc=3D room=53
f=2359 in= gm=05 sub=00 fc=3E room=53
f=2360 in= gm=05 sub=00 fc=3F room=53
f=2361 in= gm=05 sub=00 fc=40 room=53
f=2362 in= gm=05 sub=00 fc=41 room=53
f=2363 in= gm=05 sub=00 fc=42 room=53
f=2364 in= gm=05 sub=00 fc=43 room=53
f=2365 in= gm=05 sub=00 fc=44 room=53
f=2366 in= gm=05 sub=00 fc=45 room=53
f=2367 in= gm=05 sub=00 fc=46 room=53
f=2368 in= gm=05 sub=00 fc=47 room=53
f=2369 in= gm=05 sub=00 fc=48 room=53
f=2370 in= gm=05 sub=00 fc=49 room=53
f=2371 in= gm=05 sub=00 fc=4A room=53
f=2372 in= gm=05 sub=00 fc=4B room=53
f=2373 in= gm=05 sub=00 fc=4C room=53
f=2374 in= gm=05 sub=00 fc=4D room=53
f=2375 in= gm=05 sub=00 fc=4E room=53
f=2376 in= gm=05 sub=00 fc=4F room=53
f=2377 in= gm=05 sub=00 fc=50 room=53
f=2378 in= gm=05 sub=00 fc=51 room=53
f=2379 in= gm=05 sub=00 fc=52 room=53
f=2380 in= gm=05 sub=00 fc=53 room=53
f=2381 in= gm=05 sub=00 fc=54 room=53
f=2382 in= gm=05 sub=00 fc=55 room=53
f=2383 in= gm=05 sub=00 fc=56 room=53
f=2384 in= gm=05 sub=00 fc=57 room=53
f=2385 in= gm=05 sub=00 fc=58 room=53
f=2386 in= gm=05 sub=00 fc=59 room=53
f=2387 in= gm=05 sub=00 fc=5A room=53
f=2388 in= gm=05 sub=00 fc=5B room=53
f=2389 in= gm=05 sub=00 fc=5C room=53
f=2390 in= gm=05 sub=00 fc=5D room=53
f=2391 in= gm=05 sub=00 fc=5E room=53
f=2392 in= gm=05 sub=00 fc=5F room=53
f=2393 in= gm=05 sub=00 fc=60 room=53
f=2394 in= gm=05 sub=00 fc=61 room=53
f=2395 in= gm=05 sub=00 fc=62 room=53
f=2396 in= gm=05 sub=00 fc=63 room=53
f=2397 in= gm=05 sub=00 fc=64 room=53
f=2398 in= gm=05 sub=00 fc=65 room=53
f=2399 in= gm=05 sub=00 fc=66 room=53
f=2400 in= gm=05 sub=00 fc=67 room=53
f=2401 in= gm=05 sub=00 fc=68 room=53
f=2402 in= gm=05 sub=00 fc=69 room=53
f=2403 in= gm=05 sub=00 fc=6A room=53
f=2404 in= gm=05 sub=00 fc=6B room=53
f=2405 in= gm=05 sub=00 fc=6C room=53
f=2406 in= gm=05 sub=00 fc=6D room=53
f=2407 in= gm=05 sub=00 fc=6E room=53
f=2408 in= gm=05 sub=00 fc=6F room=53
f=2409 in= gm=05 sub=00 fc=70 room=53
f=2410 in= gm=05 sub=00 fc=71 room=53
f=2411 in= gm=05 sub=00 fc=72 room=53
f=2412 in= gm=05 sub=00 fc=73 room=53
f=2413 in= gm=05 sub=00 fc=74 room=53
f=2414 in= gm=05 sub=00 fc=75 room=53
f=2415 in= gm=05 sub=00 fc=76 room=53
f=2416 in= gm=05 sub=00 fc=77 room=53
f=2417 in= gm=05 sub=00 fc=78 room=53
f=2418 in= gm=05 sub=00 fc=79 room=53
f=2419 in= gm=05 sub=00 fc=7A room=53
f=2420 in= gm=05 sub=00 fc=7B room=53
f=2421 in= gm=05 sub=00 fc=7C room=53
f=2422 in= gm=05 sub=00 fc=7D room=53
f=2423 in= gm=05 sub=00 fc=7E room=53
f=2424 in= gm=05 sub=00 fc=7F room=53
f=2425 in= gm=05 sub=00 fc=80 room=53
f=2426 in= gm=05 sub=00 fc=81 room=53
f=2427 in= gm=05 sub=00 fc=82 room=53
f=2428 in= gm=05 sub=00 fc=83 room=53
f=2429 in= gm=05 sub=00 fc=84 room=53
f=2430 in= gm=05 sub=00 fc=85 room=53
f=2431 in= gm=05 sub=00 fc=86 room=53
f=2432 in= gm=05 sub=00 fc=87 room=53
f=2433 in= gm=05 sub=00 fc=88 room=53
f=2434 in= gm=05 sub=00 fc=89 room=53
f=2435 in= gm=05 sub=00 fc=8A room=53
f=2436 in= gm=05 sub=00 fc=8B room=53
f=2437 in= gm=05 sub=00 fc=8C room=53
f=2438 in= gm=05 sub=00 fc=8D room=53
f=2439 in= gm=05 sub=00 fc=8E room=53
f=2440 in= gm=05 sub=00 fc=8F room=53
f=2441 in= gm=05 sub=00 fc=90 room=53
f=2442 in= gm=05 sub=00 fc=91 room=53
f=2443 in= gm=05 sub=00 fc=92 room=53
f=2444 in= gm=05 sub=00 fc=93 room=53
f=2445 in= gm=05 sub=00 fc=94 room=53
f=2446 in= gm=05 sub=00 fc=95 room=53
f=2447 in= gm=05 sub=00 fc=96 room=53
f=2448 in= gm=05 sub=00 fc=97 room=53
f=2449 in= gm=05 sub=00 fc=98 room=53
f=2450 in= gm=05 sub=00 fc=99 room=53
f=2451 in= gm=05 sub=00 fc=9A room=53
f=2452 in= gm=05 sub=00 fc=9B room=53
f=2453 in= gm=05 sub=00 fc=9C room=53
f=2454 in= gm=05 sub=00 fc=9D room=53
f=2455 in= gm=05 sub=00 fc=9E room=53
f=2456 in= gm=05 sub=00 fc=9F room=53
f=2457 in= gm=05 sub=00 fc=A0 room=53
f=2458 in= gm=05 sub=00 fc=A1 room=53
f=2459 in= gm=05 sub=00 fc=A2 room=53
f=2460 in= gm=05 sub=00 fc=A3 room=53
f=2461 in= gm=05 sub=00 fc=A4 room=53
f=2462 in= gm=05 sub=00 fc=A5 room=53
f=2463 in= gm=05 sub=00 fc=A6 room=53
f=2464 in= gm=05 sub=00 fc=A7 room=53
f=2465 in= gm=05 sub=00 fc=A8 room=53
f=2466 in= gm=05 sub=00 fc=A9 room=53
f=2467 in= gm=05 sub=00 fc=AA room=53
f=2468 in= gm=05 sub=00 fc=AB room=53
f=2469 in= gm=05 sub=00 fc=AC room=53
f=2470 in= gm=05 sub=00 fc=AD room=53
f=2471 in= gm=05 sub=00 fc=AE room=53
f=2472 in= gm=05 sub=00 fc=AF room=53
f=2473 in= gm=05 sub=00 fc=B0 room=53
f=2474 in= gm=05 sub=00 fc=B1 room=53
f=2475 in= gm=05 sub=00 fc=B2 room=53
f=2476 in= gm=05 sub=00 fc=B3 room=53
f=2477 in= gm=05 sub=00 fc=B4 room=53
f=2478 in= gm=05 sub=00 fc=B5 room=53
f=2479 in= gm=05 sub=00 fc=B6 room=53
f=2480 in= gm=05 sub=00 fc=B7 room=53
f=2481 in= gm=05 sub=00 fc=B8 room=53
f=2482 in= gm=05 sub=00 fc=B9 room=53
f=2483 in= gm=05 sub=00 fc=BA room=53
f=2484 in= gm=05 sub=00 fc=BB room=53
f=2485 in= gm=05 sub=00 fc=BC room=53
f=2486 in= gm=05 sub=00 fc=BD room=53
f=2487 in= gm=05 sub=00 fc=BE room=53
f=2488 in= gm=05 sub=00 fc=BF room=53
f=2489 in= gm=05 sub=00 fc=C0 room=53
f=2490 in= gm=05 sub=00 fc=C1 room=53
f=2491 in= gm=05 sub=00 fc=C2 room=53
f=2492 in= gm=05 sub=00 fc=C3 room=53
f=2493 in= gm=05 sub=00 fc=C4 room=53
f=2494 in= gm=05 sub=00 fc=C5 room=53
f=2495 in= gm=05 sub=00 fc=C6 room=53
f=2496 in= gm=05 sub=00 fc=C7 room=53
f=2497 in= gm=05 sub=00 fc=C8 room=53
f=2498 in= gm=05 sub=00 fc=C9 room=53
f=2499 in= gm=05 sub=00 fc=CA room=53
f=2500 in= gm=05 sub=00 fc=CB room=53
f=2501 in= gm=05 sub=00 fc=CC room=53
dump Battery RAM -> .wram (8192 bytes)
dump OAM -> .oam (256 bytes)
dump PALRAM -> .pal (32 bytes)
dump VRAM -> .chr (8192 bytes)
dump CIRAM (nametables) -> .nt (2048 bytes)
frames=2502
