z_02 undrained 3-15L: 44
  TransferPatternBlock_Bank2 (11L) jsrs=['PPU_VADDR)', '_transfer_chr_block_fast']
  InitDemoSubphaseTransferTitlePalette (3L) jsrs=[]
  InitDemoSubphaseTransferStoryPalette (3L) jsrs=[]
  InitDemoSubphaseTransferStoryTiles (10L) jsrs=['_clear_nametable_fast', '_clear_nametable_fast']
  AnimateDemoPhase0Subphase0 (7L) jsrs=[]
  AnimateDemoPhase1Subphase2 (7L) jsrs=['HideAllSprites', 'DisableFallenObjects', 'Demo_AnimateObjects']
  ProcessDemoLineItems (7L) jsrs=[]
  AnimateStationaryFairy (10L) jsrs=['Anim_FetchObjPosForSpriteDescriptor', 'Anim_SetSpriteDescriptorRedPaletteRow']
  AnimateDemoPhase1Subphase4 (5L) jsrs=[]
  UpdateWaterfallAnimation (15L) jsrs=[]
  UpdateSpritesForWaterfallWave (11L) jsrs=[]
  AnimateDemoPhase0Subphase1 (15L) jsrs=[]
  FetchFileBAddressSet (3L) jsrs=[]
  InitModeEandF_Full (7L) jsrs=['ModeE_ResetVariables', 'TurnOffAllVideo', 'TurnOffVideoAndClearArtifacts']
  UpdateModeERegister (6L) jsrs=[]
  UpdateModeFElimination (4L) jsrs=[]
  DeleteSlot (8L) jsrs=[]
  ModeE_HandleDirections (4L) jsrs=[]
  ModeE_HandleDirectionButton (6L) jsrs=[]
  ModeE_HandleAOrB (7L) jsrs=[]
  ModeEandF_WriteNameCursorSpritePosition (7L) jsrs=[]
  ModeEandF_WriteCharBoardCursorSpritePosition (7L) jsrs=[]
  ModifyFlashingCursorY (11L) jsrs=[]
  UpdateModeEandF_Idle (3L) jsrs=[]
  InitMode1_Full (3L) jsrs=['TurnOffAllVideo', 'TableJump)']
  UpdateMode0Demo_Sub1 (3L) jsrs=['TurnOffAllVideo']
  CalculateFileAChecksum (4L) jsrs=[]
  CalculateFileBChecksum (4L) jsrs=[]
  InitMode1_Sub1 (5L) jsrs=['FetchFileAAddressSet']
  UpdateMode1Menu_Sub0 (15L) jsrs=[]
  UpdateMode1Menu_Sub1 (15L) jsrs=['TurnOffAllVideo']
  Mode1_WriteLinkSprites (8L) jsrs=['Anim_SetSpriteDescriptorAttributes']
  UpdateModeDSave_Sub0 (5L) jsrs=['FetchFileBAddressSet', 'FormatFileB', 'FetchFileBAddressSet', 'FetchFileAAddressSet']
  StoreSaveSlotHearts (9L) jsrs=[]
  InitMode13_Sub0 (4L) jsrs=['UpdateEndGameCurtainEffect']
  UpdateEndGameCurtainEffect (11L) jsrs=['UpdateWorldCurtainEffect_Bank2']
  InitMode13_Sub2 (6L) jsrs=['UpdateZeldaTextbox']
  UpdateZeldaTextbox (4L) jsrs=['Link_EndMoveAndDraw']
  UpdateMode13WinGame_Sub0_Flash (6L) jsrs=['HideAllSprites', 'DrawLinkZeldaTriforces']
  UpdateMode13WinGame_Sub1 (13L) jsrs=['HideAllSprites', 'DrawLinkZeldaTriforces', 'UpdatePeaceTextbox']
  UpdatePeaceTextbox (6L) jsrs=[]
  DrawAshPile (3L) jsrs=['Anim_FetchObjPosForSpriteDescriptor']
  UpdateMode13WinGame_Sub3 (10L) jsrs=['DrawCredits']
  SwitchBank_Local2 (11L) jsrs=['D0=val', 'D0=val', 'D0=val', 'D0=val', 'D0=val']
