OK: SGDK pinned to ef9292c0 (v2.11).
OK: item CHR manifest verified (2 variant(s), 104 generated tiles)
verify_vram_budget: OK  BG=tiles 1..637  SPR=tiles 638..924  ITEM=tiles 925..1028  BOSS=SCENE_OBJ-shared (NES parity)  BOSS_PAL3=tiles 1029..1092  CLOUD=tiles 1300..1305  FIREBALL=tiles 1306..1307  SPARK=tiles 1308..1311  HUD_MARKER=tiles 1312..1313  SUBSCREEN_SPRITE=tiles 1280..1295  contiguous_tail_headroom=222 tiles before VDP tables
  hscroll_table_unused=1020 bytes (HSCROLL_PLANE mode uses 4 B of 1 KB allocated; available as SAT-extension scratch only)
[check_generated_freshness] OK (8 specs match)
python : C:\Users\Jake Diggity\Documents\GitHub\FINAL TRY_claude_marker\src\audio_driver.asm: Assembler messages:
At line:1 char:588
+ ... de_marker"; python tools\debug\build_debug.py *> "$env:TEMP\claude_t0 ...
+                 ~~~~~~~~~~~~~~~~~~~~~~~~~~~~~~~~~~~~~~~~~~~~~~~~~~~~~~~~~
    + CategoryInfo          : NotSpecified: (C:\Users\Jake D...mbler messages::String) [], RemoteException
    + FullyQualifiedErrorId : NativeCommandError
 
C:\Users\Jake Diggity\Documents\GitHub\FINAL TRY_claude_marker\src\audio_driver.asm:1382: Warning: zero assumed for 
missing expression
C:\Users\Jake Diggity\Documents\GitHub\FINAL TRY_claude_marker\src\audio_driver.asm:1383: Warning: zero assumed for 
missing expression
C:\Users\Jake Diggity\Documents\GitHub\FINAL TRY_claude_marker\src\audio_driver.asm:1384: Warning: zero assumed for 
missing expression
C:\Users\Jake Diggity\Documents\GitHub\FINAL TRY_claude_marker\src\audio_driver.asm:1385: Warning: zero assumed for 
missing expression
C:\Users\Jake Diggity\Documents\GitHub\FINAL TRY_claude_marker\src\frontend\fs\fs_render.c:77:13: warning: 
'sat_clear_entry' defined but not used [-Wunused-function]
   77 | static void sat_clear_entry(uint8_t entry) {
      |             ^~~~~~~~~~~~~~~
C:\Users\Jake Diggity\Documents\GitHub\FINAL TRY_claude_marker\src\game\debug\debug_tilegrid.c:236:22: warning: 
'joy_read3' defined but not used [-Wunused-function]
  236 | static unsigned char joy_read3(void) {
      |                      ^~~~~~~~~
In file included from C:\Users\Jake Diggity\Documents\GitHub\FINAL TRY_claude_marker\src\game\world\draw_dispatch.c:34:
C:/Users/Jake Diggity/Documents/GitHub/FINAL TRY_claude_marker/src/game/enemies/enemy_render.h:54:56: warning: "/*" 
within comment [-Wcomment]
   54 |  * (which is the drain-shim path used by oracle/enemies/*_runtime.c).
      |                                                         
C:\Users\Jake Diggity\Documents\GitHub\FINAL TRY_claude_marker\src\game\world\mode_dispatch.c: In function 
'mode_dispatch_update':
C:\Users\Jake Diggity\Documents\GitHub\FINAL TRY_claude_marker\src\game\world\mode_dispatch.c:50:21: warning: "/*" 
within comment [-Wcomment]
   50 |      * (src/frontend/*, fs_handoff.c trampoline). That handoff is a
      |                      
In file included from C:\Users\Jake Diggity\Documents\GitHub\FINAL 
TRY_claude_marker\src\game\enemies\enemy_render.c:20:
C:\Users\Jake Diggity\Documents\GitHub\FINAL TRY_claude_marker\src\game\enemies\enemy_render.h:54:56: warning: "/*" 
within comment [-Wcomment]
   54 |  * (which is the drain-shim path used by oracle/enemies/*_runtime.c).
      |                                                         
C:\Users\Jake Diggity\Documents\GitHub\FINAL TRY_claude_marker\src\game\enemies\enemy_render.c:38:28: warning: 
'k_sprite_offsets' defined but not used [-Wunused-const-variable=]
   38 | static const unsigned char k_sprite_offsets[41] = {
      |                            ^~~~~~~~~~~~~~~~
In file included from C:\Users\Jake Diggity\Documents\GitHub\FINAL TRY_claude_marker\RoomRom\src\main.c:60:
C:/Users/Jake Diggity/Documents/GitHub/FINAL TRY_claude_marker/src/game/enemies/enemy_render.h:54:56: warning: "/*" 
within comment [-Wcomment]
   54 |  * (which is the drain-shim path used by oracle/enemies/*_runtime.c).
      |                                                         
C:\Users\Jake Diggity\Documents\GitHub\FINAL TRY_claude_marker\src\game\hud\hud_runtime.c: In function 
'draw_original_dungeon_map':
C:\Users\Jake Diggity\Documents\GitHub\FINAL TRY_claude_marker\src\game\hud\hud_runtime.c:444:37: warning: passing 
argument 1 of 'apply_transfer_macro' discards 'volatile' qualifier from pointer target type [-Wdiscarded-qualifiers]
  444 |     if (owned) apply_transfer_macro(&nes_ram[0x6BCDu]);
      |                                     ^~~~~~~~~~~~~~~~~
C:\Users\Jake Diggity\Documents\GitHub\FINAL TRY_claude_marker\src\game\hud\hud_runtime.c:299:55: note: expected 
'const unsigned char *' but argument is of type 'volatile unsigned char *'
  299 | static void apply_transfer_macro(const unsigned char *macro)
      |                                  ~~~~~~~~~~~~~~~~~~~~~^~~~~
C:\Users\Jake Diggity\Documents\GitHub\FINAL TRY_claude_marker\src\game\hud\hud_runtime.c: At top level:
C:\Users\Jake Diggity\Documents\GitHub\FINAL TRY_claude_marker\src\game\hud\hud_runtime.c:72:28: warning: 
's_hud_custom_chr' defined but not used [-Wunused-const-variable=]
   72 | static const unsigned char s_hud_custom_chr[96] = {
      |                            ^~~~~~~~~~~~~~~~
C:\Users\Jake Diggity\Documents\GitHub\FINAL TRY_claude_marker\src\game\dungeon\uw_render.c: In function 
'load_palette_from_levelinfo':
C:\Users\Jake Diggity\Documents\GitHub\FINAL TRY_claude_marker\src\game\dungeon\uw_render.c:209:19: warning: unused 
variable 'buf' [-Wunused-variable]
  209 |     unsigned char buf[16] = {0};
      |                   ^~~
C:\Users\Jake Diggity\Documents\GitHub\FINAL TRY_claude_marker\src\game\inventory\inventory_render.c:838:22: warning: 
'b_item_owned' defined but not used [-Wunused-function]
  838 | static unsigned char b_item_owned(unsigned char slot)
      |                      ^~~~~~~~~~~~
C:\Users\Jake Diggity\Documents\GitHub\FINAL TRY_claude_marker\src\game\inventory\inventory_render.c:469:22: warning: 
'slot_to_item' defined but not used [-Wunused-function]
  469 | static unsigned char slot_to_item(unsigned char slot, unsigned char *tile_out)
      |                      ^~~~~~~~~~~~
C:\Users\Jake Diggity\Documents\GitHub\FINAL TRY_claude_marker\src\game\inventory\inventory_render.c:383:22: warning: 
'tile_subpal' defined but not used [-Wunused-function]
  383 | static unsigned char tile_subpal(unsigned short nes_row, unsigned char tid)
      |                      ^~~~~~~~~~~
C:\Users\Jake Diggity\Documents\GitHub\FINAL TRY_claude_marker\src\game\inventory\inventory_render.c:364:13: warning: 
'draw_item_icon_2x2' defined but not used [-Wunused-function]
  364 | static void draw_item_icon_2x2(unsigned char tile_offset, unsigned short y, unsigned short x)
      |             ^~~~~~~~~~~~~~~~~~
C:\Users\Jake Diggity\Documents\GitHub\FINAL TRY_claude_marker\src\game\inventory\inventory_render.c:353:13: warning: 
'draw_item_icon' defined but not used [-Wunused-function]
  353 | static void draw_item_icon(unsigned char tile_offset, unsigned short y, unsigned short x)
      |             ^~~~~~~~~~~~~~
C:\Users\Jake Diggity\Documents\GitHub\FINAL TRY_claude_marker\src\game\inventory\inventory_render.c:342:13: warning: 
'write_text' defined but not used [-Wunused-function]
  342 | static void write_text(unsigned short row, unsigned short col,
      |             ^~~~~~~~~~
C:\Users\Jake Diggity\Documents\GitHub\FINAL TRY_claude_marker\src\game\inventory\inventory_render.c:194:22: warning: 
'tile_is_narrow' defined but not used [-Wunused-function]
  194 | static unsigned char tile_is_narrow(unsigned char nes_tile)
      |                      ^~~~~~~~~~~~~~
In file included from C:\Users\Jake Diggity\Documents\GitHub\FINAL 
TRY_claude_marker\src\game\enemies\enemy_walker_bridge.c:49:
C:\Users\Jake Diggity\Documents\GitHub\FINAL TRY_claude_marker\src\game\enemies\enemy_render.h:54:56: warning: "/*" 
within comment [-Wcomment]
   54 |  * (which is the drain-shim path used by oracle/enemies/*_runtime.c).
      |                                                         
In file included from C:\Users\Jake Diggity\Documents\GitHub\FINAL 
TRY_claude_marker\src\game\enemies\bosses\boss_gleeok.c:31:
C:/Users/Jake Diggity/Documents/GitHub/FINAL TRY_claude_marker/src/game/enemies/enemy_render.h:54:56: warning: "/*" 
within comment [-Wcomment]
   54 |  * (which is the drain-shim path used by oracle/enemies/*_runtime.c).
      |                                                         
In function 'test_load_with_blank_returns_zero',
    inlined from 'run_test' at C:\Users\Jake Diggity\Documents\GitHub\FINAL 
TRY_claude_marker\src\game\options\probes\options_persistence_probe.c:220:20,
    inlined from 'options_persistence_probe_run' at C:\Users\Jake Diggity\Documents\GitHub\FINAL 
TRY_claude_marker\src\game\options\probes\options_persistence_probe.c:66:28:
C:\Users\Jake Diggity\Documents\GitHub\FINAL 
TRY_claude_marker\src\game\options\probes\options_persistence_probe.c:154:56: warning: writing 1 byte into a region of 
size 0 [-Wstringop-overflow=]
  154 |     for (i = 0u; i < OPTIONS_STATE_SIZE; ++i) blank[i] = 0xFFu;
      |                                               ~~~~~~~~~^~~~~~~
C:\Users\Jake Diggity\Documents\GitHub\FINAL TRY_claude_marker\src\game\options\probes\options_persistence_probe.c: In 
function 'options_persistence_probe_run':
C:\Users\Jake Diggity\Documents\GitHub\FINAL 
TRY_claude_marker\src\game\options\probes\options_persistence_probe.c:151:19: note: at offset 32 into destination 
object 'blank' of size 32
  151 |     unsigned char blank[OPTIONS_STATE_SIZE];
      |                   ^~~~~
In function 'test_blank_detector_mixed_returns_0',
    inlined from 'run_test' at C:\Users\Jake Diggity\Documents\GitHub\FINAL 
TRY_claude_marker\src\game\options\probes\options_persistence_probe.c:217:20,
    inlined from 'options_persistence_probe_run' at C:\Users\Jake Diggity\Documents\GitHub\FINAL 
TRY_claude_marker\src\game\options\probes\options_persistence_probe.c:66:28:
C:\Users\Jake Diggity\Documents\GitHub\FINAL 
TRY_claude_marker\src\game\options\probes\options_persistence_probe.c:99:54: warning: writing 1 byte into a region of 
size 0 [-Wstringop-overflow=]
   99 |     for (i = 0u; i < OPTIONS_STATE_SIZE; ++i) buf[i] = 0x00u;
      |                                               ~~~~~~~^~~~~~~
C:\Users\Jake Diggity\Documents\GitHub\FINAL TRY_claude_marker\src\game\options\probes\options_persistence_probe.c: In 
function 'options_persistence_probe_run':
C:\Users\Jake Diggity\Documents\GitHub\FINAL 
TRY_claude_marker\src\game\options\probes\options_persistence_probe.c:97:19: note: at offset 32 into destination 
object 'buf' of size 32
   97 |     unsigned char buf[OPTIONS_STATE_SIZE];
      |                   ^~~
In function 'test_blank_detector_ffs',
    inlined from 'run_test' at C:\Users\Jake Diggity\Documents\GitHub\FINAL 
TRY_claude_marker\src\game\options\probes\options_persistence_probe.c:216:20,
    inlined from 'options_persistence_probe_run' at C:\Users\Jake Diggity\Documents\GitHub\FINAL 
TRY_claude_marker\src\game\options\probes\options_persistence_probe.c:66:28:
C:\Users\Jake Diggity\Documents\GitHub\FINAL 
TRY_claude_marker\src\game\options\probes\options_persistence_probe.c:91:54: warning: writing 1 byte into a region of 
size 0 [-Wstringop-overflow=]
   91 |     for (i = 0u; i < OPTIONS_STATE_SIZE; ++i) buf[i] = 0xFFu;
      |                                               ~~~~~~~^~~~~~~
C:\Users\Jake Diggity\Documents\GitHub\FINAL TRY_claude_marker\src\game\options\probes\options_persistence_probe.c: In 
function 'options_persistence_probe_run':
C:\Users\Jake Diggity\Documents\GitHub\FINAL 
TRY_claude_marker\src\game\options\probes\options_persistence_probe.c:89:19: note: at offset 32 into destination 
object 'buf' of size 32
   89 |     unsigned char buf[OPTIONS_STATE_SIZE];
      |                   ^~~
In function 'test_blank_detector_zeros',
    inlined from 'run_test' at C:\Users\Jake Diggity\Documents\GitHub\FINAL 
TRY_claude_marker\src\game\options\probes\options_persistence_probe.c:215:20,
    inlined from 'options_persistence_probe_run' at C:\Users\Jake Diggity\Documents\GitHub\FINAL 
TRY_claude_marker\src\game\options\probes\options_persistence_probe.c:66:28:
C:\Users\Jake Diggity\Documents\GitHub\FINAL 
TRY_claude_marker\src\game\options\probes\options_persistence_probe.c:83:54: warning: writing 1 byte into a region of 
size 0 [-Wstringop-overflow=]
   83 |     for (i = 0u; i < OPTIONS_STATE_SIZE; ++i) buf[i] = 0x00u;
      |                                               ~~~~~~~^~~~~~~
C:\Users\Jake Diggity\Documents\GitHub\FINAL TRY_claude_marker\src\game\options\probes\options_persistence_probe.c: In 
function 'options_persistence_probe_run':
C:\Users\Jake Diggity\Documents\GitHub\FINAL 
TRY_claude_marker\src\game\options\probes\options_persistence_probe.c:81:19: note: at offset 32 into destination 
object 'buf' of size 32
   81 |     unsigned char buf[OPTIONS_STATE_SIZE];
      |                   ^~~
  Checksum:  $37FB
  ROM size:  2097152 bytes (2048 KB)
  ROM end:   $001FFFFF
  Written:   C:\Users\Jake Diggity\Documents\GitHub\FINAL TRY_claude_marker\builds\Debug.md
[Debug] check_sgdk_pin.py
[Debug][CHR-1 gate] verify_item_chr_manifest.py --strict
[Debug][CHR-1 gate] verify_vram_budget.py
[Debug][CHR-1 gate] check_generated_freshness.py
[1] Compiling sgdk/src/boot/rom_head.c...
[1] objcopy rom_head.o -> rom_head.bin...
[2] Compiling sgdk/src/boot/sega.s...
[3] Compiling src/debug/a4_probe_asm.s...
[3] Compiling src/debug/a4_probe_main.c...
[3] Compiling src/audio_driver.asm...
[3] Compiling src/sgdk_adapter/render_adapter.c...
[3] Compiling src/sgdk_adapter/audio_vblank_hook.c...
[3] Compiling src/sgdk_adapter/audio_adapter.c...
[3] Compiling data/audio/sfx_pcm.c...
[3] Compiling data/audio/sfx_pcm_stairs.c...
[3] Compiling data/audio_music/ow_theme_xgm.c...
[3] Compiling data/audio_music/uw_theme_xgm.c...
[3] Compiling src/frontend/intro/intro_phase.c...
[3] Compiling src/frontend/intro/intro_title.c...
[3] Compiling src/frontend/intro/intro_story.c...
[3] Compiling data/intro/intro_font_chr.c...
[3] Compiling data/intro/intro_art_chr.c...
[3] Compiling data/intro/intro_palette.c...
[3] Compiling data/intro/intro_story_tilemap.c...
[3] Compiling data/intro/intro_restore_chr.c...
[3] Compiling data/intro/intro_restore_palette.c...
[3] Compiling data/intro/intro_title_bg_chr.c...
[3] Compiling data/intro/intro_title_sprite_chr.c...
[3] Compiling data/intro/intro_title_palette.c...
[3] Compiling data/intro/intro_title_tilemap.c...
[3] Compiling data/intro/intro_title_fade.c...
[3] Compiling data/intro/intro_title_glow.c...
[3] Compiling data/intro/intro_common_bg_chr.c...
[3] Compiling data/intro/intro_sprite_chr.c...
[3] Compiling data/intro/intro_misc_chr.c...
[3] Compiling data/intro/intro_punct_chr.c...
[3] Compiling data/intro/intro_blink_chr.c...
[3] Compiling data/intro/intro_combined_palette.c...
[3] Compiling data/intro/intro_treasures_tilemap.c...
[3] Compiling src/frontend/fs/fs_options.c...
[3] Compiling src/frontend/fs/fs_main.c...
[3] Compiling src/frontend/fs/fs_render.c...
[3] Compiling src/frontend/fs/fs_input.c...
[3] Compiling src/frontend/fs/fs_phase.c...
[3] Compiling src/frontend/fs/fs_handoff.c...
[3] Compiling data/fs/fs_bg_chr_full.c...
[3] Compiling data/fs/fs_link_sprite_chr.c...
[3] Compiling data/fs/fs_heart_cursor_chr.c...
[3] Compiling data/fs/fs_palette.c...
[3] Compiling data/fs/fs_static_tilemap.c...
[3] Compiling data/fs/fs_static_attr.c...
[3] Compiling data/fs/fs_font_chr.c...
[3] Compiling data/fs/fs_border_chr.c...
[3] Compiling src/frontend/fs/fs_options_render.c...
[3] Compiling src/game/debug/debug_tilegrid.c...
[3] Compiling src/game/cave/cave_dispatch.c...
[3] Compiling src/game/cave/cave_entrance.c...
[3] Compiling src/game/world/world_dispatch.c...
[3] Compiling src/game/world/object_dispatch.c...
[3] Compiling src/game/world/sprite_dispatch.c...
[3] Compiling src/game/world/progress_dispatch.c...
[3] Compiling src/game/world/trap_dispatch.c...
[3] Compiling src/game/core/core_dispatch.c...
[3] Compiling src/game/enemies/enemy_dispatch.c...
[3] Compiling src/game/combat/collision_dispatch.c...
[3] Compiling src/game/room/room_dispatch.c...
[3] Compiling src/game/hud/hud_dispatch.c...
[3] Compiling src/game/items/weapon_dispatch.c...
[3] Compiling src/game/combat/targeting_dispatch.c...
[3] Compiling src/game/combat/combat_dispatch.c...
[3] Compiling src/game/cave/uw_person_dispatch.c...
[3] Compiling src/game/combat/link_collision_dispatch.c...
[3] Compiling src/game/world/draw_dispatch.c...
[3] Compiling src/game/world/dyn_tile_dispatch.c...
[3] Compiling src/game/world/mode_continue_question.c...
[3] Compiling src/game/world/mode_death.c...
[3] Compiling src/game/world/mode_endlevel.c...
[3] Compiling src/game/world/mode_save.c...
[3] Compiling src/game/world/mode_dispatch.c...
[3] Compiling src/game/world/level_info_install.c...
[3] Compiling src/state/nes_ram_sync.c...
[3] Compiling src/state/save_game.c...
[3] Compiling src/sgdk_adapter/sram_backend.c...
[3] Compiling src/sgdk_adapter/sram_adapter.c...
[3] Compiling src/game/audio/audio_dispatch.c...
[3] Compiling src/game/enemies/enemy_render.c...
[3] Compiling src/oracle/room/room_load_runtime.c...
[3] Compiling src/game/items/item_dispatch.c...
[3] Compiling src/game/items/item_object.c...
[3] Compiling src/game/items/item_tables.c...
[3] Compiling RoomRom/src/main.c...
[3] Compiling src/game/world/render/ow_render.c...
[3] Compiling src/game/hud/hud_runtime.c...
[3] Compiling src/game/hud/heart_container_anim.c...
[3] Compiling src/game/dungeon/uw_render.c...
[3] Compiling src/game/dungeon/uw_map_builder.c...
[3] Compiling RoomRom/src/uw_room_blob.c...
[3] Compiling RoomRom/src/uw_collision_data.c...
[3] Compiling src/game/dungeon/walk_model.c...
[3] Compiling src/game/dungeon/door_state.c...
[3] Compiling src/game/world/render/sprite_render.c...
[3] Compiling src/game/combat/combat_runtime.c...
[3] Compiling src/game/items/boomerang.c...
[3] Compiling src/game/items/arrow.c...
[3] Compiling src/game/items/bomb.c...
[3] Compiling src/game/items/debug_unlock_all.c...
[3] Compiling src/game/inventory/inventory_render.c...
[3] Compiling src/game/inventory/inventory_palette.c...
[3] Compiling src/game/inventory/inventory_tilemap.c...
[3] Compiling src/game/inventory/inventory_sprite_chr.c...
[3] Compiling src/game/inventory/inventory_uw_tilemap.c...
[3] Compiling src/game/world/bg_palette.c...
[3] Compiling src/game/world/transfer_buf_drain.c...
[3] Compiling src/game/world/render/cave_palette.c...
[3] Compiling src/game/world/render/cave_fade.c...
[3] Compiling src/game/world/mode_wingame.c...
[3] Compiling src/game/world/scene_load.c...
[3] Compiling src/game/world/ow_meta.c...
[3] Compiling src/game/world/transition.c...
[3] Compiling RoomRom/data/levelinfo_start_rooms.c...
[3] Compiling RoomRom/src/probes/metadata_probe.c...
[3] Compiling RoomRom/data/uw_l1q1_expected_doors.c...
[3] Compiling data/rooms/dungeons_offsets.c...
[3] Compiling RoomRom/data/uw_l1q1_cellar_pairs.c...
[3] Compiling src/game/dungeon/cellar_meta.c...
[3] Compiling RoomRom/data/uw_l1q1_pushblocks.c...
[3] Compiling src/game/dungeon/push_block_meta.c...
[3] Compiling src/game/world/pushblock.c...
[3] Compiling RoomRom/data/uw_dark_rooms.c...
[3] Compiling src/game/dungeon/dark_meta.c...
[3] Compiling RoomRom/data/uw_item_rooms.c...
[3] Compiling src/game/dungeon/item_room_meta.c...
[3] Compiling src/game/items/candle_fire.c...
[3] Compiling src/game/items/magic_shot.c...
[3] Compiling src/game/world/ow_palette.c...
[3] Compiling src/game/world/ow_subpal3_table.c...
[3] Compiling src/game/world/ow_bg_palram_table.c...
[3] Compiling src/state/palette_tick.c...
[3] Compiling src/state/player_state.c...
[3] Compiling src/state/inventory.c...
[3] Compiling src/state/pause_state.c...
[3] Compiling src/game/combat/link_damage.c...
[3] Compiling src/game/world/palette_tick_runtime.c...
[3] Compiling src/state/rng_state.c...
[3] Compiling src/oracle/enemies/c_wanderer.c...
[3] Compiling src/oracle/enemies/enemy_common_runtime.c...
[3] Compiling src/oracle/enemies/enemy_wanderer_runtime.c...
[3] Compiling src/oracle/enemies/enemy_walker_runtime.c...
[3] Compiling src/oracle/enemies/enemy_projectile_runtime.c...
[3] Compiling src/oracle/enemies/enemy_flyer_runtime.c...
[3] Compiling src/oracle/enemies/enemy_boss_runtime.c...
[3] Compiling src/oracle/enemies/enemy_dodongo_runtime.c...
[3] Compiling src/oracle/enemies/enemy_manhandla_runtime.c...
[3] Compiling src/oracle/enemies/enemy_gleeok_runtime.c...
[3] Compiling src/oracle/enemies/enemy_wallmaster_runtime.c...
[3] Compiling src/game/enemies/enemy_loop.c...
[3] Compiling src/game/enemies/obj_lists.c...
[3] Compiling src/game/enemies/enemy_walker_bridge.c...
[3] Compiling src/game/enemies/enemy_projectile_bridge.c...
[3] Compiling src/game/enemies/enemy_flyer_bridge.c...
[3] Compiling src/game/enemies/enemy_common_bridge.c...
[3] Compiling src/game/enemies/enemy_boss_bridge.c...
[3] Compiling src/game/enemies/enemy_jumper_bridge.c...
[3] Compiling src/game/enemies/enemy_special_bridge.c...
[3] Compiling src/game/enemies/bosses/boss_framework.c...
[3] Compiling src/game/enemies/bosses/boss_dodongo.c...
[3] Compiling src/game/enemies/bosses/boss_manhandla.c...
[3] Compiling src/game/enemies/bosses/boss_gleeok.c...
[3] Compiling src/game/enemies/bosses/boss_gohma.c...
[3] Compiling src/oracle/enemies/enemy_patra_runtime.c...
[3] Compiling src/game/enemies/bosses/boss_patra.c...
[3] Compiling src/oracle/enemies/enemy_lamnola_runtime.c...
[3] Compiling src/data/person_text_data.c...
[3] Compiling src/oracle/enemies/enemy_wizzrobe_runtime.c...
[3] Compiling src/oracle/enemies/enemy_moldorm_runtime.c...
[3] Compiling src/game/enemies/enemy_lamnola_bridge.c...
[3] Compiling src/oracle/enemies/enemy_ganon_runtime.c...
[3] Compiling src/game/enemies/enemy_ganon_bridge.c...
[3] Compiling src/game/options/options_runtime.c...
[3] Compiling src/game/options/options_persistence.c...
[3] Compiling src/game/options/options_consumer.c...
[3] Compiling src/sgdk_adapter/sram_options_io.c...
[3] Compiling src/game/options/probes/options_probe.c...
[3] Compiling src/game/options/probes/options_persistence_probe.c...
[3] Compiling src/game/options/probes/options_consumer_probe.c...
[3] Compiling src/game/hud/probes/hud_format_probe.c...
[3] Compiling src/state/save_serializer.c...
[3] Compiling src/state/probes/save_serializer_probe.c...
[3] Compiling src/game/enemies/probes/enemy_loop_probe.c...
[3] Compiling src/game/cave/probes/warp_routes_probe.c...
[3] Compiling src/game/world/probes/dungeon_roundtrip_probe.c...
[3] Compiling RoomRom/src/bg_sparse_chr.c...
[3] Compiling RoomRom/src/atlas/items_chr_x4.c...
[3] Compiling RoomRom/src/atlas/roomrom_scene_vram_contracts.c...
[3] Compiling RoomRom/src/atlas/level_chr_swap.c...
[3] Compiling RoomRom/src/atlas/enemy_chr.c...
[3] Compiling RoomRom/src/atlas/boss_chr.c...
[3] Compiling data/rooms/overworld.c...
[3] Compiling data/chr/overworld_bg.c...
[3] Compiling data/rooms/dungeons.c...
[3] Compiling data/chr/underworld_bg.c...
[3] Compiling RoomRom/src/redux_overworld.c...
[3] Compiling RoomRom/src/redux_overworld_bg.c...
[3] Compiling RoomRom/src/redux_uw_bg.c...
[3] Compiling RoomRom/src/redux_hud_chr.c...
[3] Compiling data/chr/common.c...
[3] Compiling data/chr/sprites.c...
[3] Compiling data/misc/palettes.c...
[4] Linking...
[5] objcopy ELF -> flat binary...
[5] fix_checksum...

Debug built: C:\Users\Jake Diggity\Documents\GitHub\FINAL TRY_claude_marker\builds\Debug.md
