Sections:
00: "vectors" (0-100)
01: "header" (0-100)
02: "text" (0-DE)


Source: "C:\Users\Jake Diggity\Documents\GitHub\FINAL TRY\tools\intro_demo\boot.asm"
                            	     1: ;==============================================================================
                            	     2: ; intro_demo/boot.asm — standalone Genesis ROM boot
                            	     3: ;
                            	     4: ; Boots, inits VDP for H32x V32 plane, sets up stack, jumps to C main().
                            	     5: ; No NES emulation, no shell. Pure Genesis.
                            	     6: ;==============================================================================
                            	     7: 
                            	     8: VDP_DATA        equ $00C00000
                            	     9: VDP_CTRL        equ $00C00004
                            	    10: VERSION_PORT    equ $00A10001
                            	    11: TMSS_PORT       equ $00A14000
                            	    12: Z80_BUSREQ      equ $00A11100
                            	    13: Z80_RESET       equ $00A11200
                            	    14: STACK_TOP       equ $00FFFFFE
                            	    15: 
                            	    16: ;==============================================================================
                            	    17: ; Vector table (64 vectors x 4 bytes = $100)
                            	    18: ;==============================================================================
                            	    19:     section "vectors",code
                            	    20: 
00:00000000 00FFFFFE        	    21:     dc.l    STACK_TOP
00:00000004 00000000        	    22:     dc.l    EntryPoint
                            	    23:     rept    62
                            	    24:         dc.l    DefaultException
                            	    25:     endr
00:00000008 000000DC        	     1R         dc.l    DefaultException
                            	     2R     
00:0000000C 000000DC        	     1R         dc.l    DefaultException
                            	     2R     
00:00000010 000000DC        	     1R         dc.l    DefaultException
                            	     2R     
00:00000014 000000DC        	     1R         dc.l    DefaultException
                            	     2R     
00:00000018 000000DC        	     1R         dc.l    DefaultException
                            	     2R     
00:0000001C 000000DC        	     1R         dc.l    DefaultException
                            	     2R     
00:00000020 000000DC        	     1R         dc.l    DefaultException
                            	     2R     
00:00000024 000000DC        	     1R         dc.l    DefaultException
                            	     2R     
00:00000028 000000DC        	     1R         dc.l    DefaultException
                            	     2R     
00:0000002C 000000DC        	     1R         dc.l    DefaultException
                            	     2R     
00:00000030 000000DC        	     1R         dc.l    DefaultException
                            	     2R     
00:00000034 000000DC        	     1R         dc.l    DefaultException
                            	     2R     
00:00000038 000000DC        	     1R         dc.l    DefaultException
                            	     2R     
00:0000003C 000000DC        	     1R         dc.l    DefaultException
                            	     2R     
00:00000040 000000DC        	     1R         dc.l    DefaultException
                            	     2R     
00:00000044 000000DC        	     1R         dc.l    DefaultException
                            	     2R     
00:00000048 000000DC        	     1R         dc.l    DefaultException
                            	     2R     
00:0000004C 000000DC        	     1R         dc.l    DefaultException
                            	     2R     
00:00000050 000000DC        	     1R         dc.l    DefaultException
                            	     2R     
00:00000054 000000DC        	     1R         dc.l    DefaultException
                            	     2R     
00:00000058 000000DC        	     1R         dc.l    DefaultException
                            	     2R     
00:0000005C 000000DC        	     1R         dc.l    DefaultException
                            	     2R     
00:00000060 000000DC        	     1R         dc.l    DefaultException
                            	     2R     
00:00000064 000000DC        	     1R         dc.l    DefaultException
                            	     2R     
00:00000068 000000DC        	     1R         dc.l    DefaultException
                            	     2R     
00:0000006C 000000DC        	     1R         dc.l    DefaultException
                            	     2R     
00:00000070 000000DC        	     1R         dc.l    DefaultException
                            	     2R     
00:00000074 000000DC        	     1R         dc.l    DefaultException
                            	     2R     
00:00000078 000000DC        	     1R         dc.l    DefaultException
                            	     2R     
00:0000007C 000000DC        	     1R         dc.l    DefaultException
                            	     2R     
00:00000080 000000DC        	     1R         dc.l    DefaultException
                            	     2R     
00:00000084 000000DC        	     1R         dc.l    DefaultException
                            	     2R     
00:00000088 000000DC        	     1R         dc.l    DefaultException
                            	     2R     
00:0000008C 000000DC        	     1R         dc.l    DefaultException
                            	     2R     
00:00000090 000000DC        	     1R         dc.l    DefaultException
                            	     2R     
00:00000094 000000DC        	     1R         dc.l    DefaultException
                            	     2R     
00:00000098 000000DC        	     1R         dc.l    DefaultException
                            	     2R     
00:0000009C 000000DC        	     1R         dc.l    DefaultException
                            	     2R     
00:000000A0 000000DC        	     1R         dc.l    DefaultException
                            	     2R     
00:000000A4 000000DC        	     1R         dc.l    DefaultException
                            	     2R     
00:000000A8 000000DC        	     1R         dc.l    DefaultException
                            	     2R     
00:000000AC 000000DC        	     1R         dc.l    DefaultException
                            	     2R     
00:000000B0 000000DC        	     1R         dc.l    DefaultException
                            	     2R     
00:000000B4 000000DC        	     1R         dc.l    DefaultException
                            	     2R     
00:000000B8 000000DC        	     1R         dc.l    DefaultException
                            	     2R     
00:000000BC 000000DC        	     1R         dc.l    DefaultException
                            	     2R     
00:000000C0 000000DC        	     1R         dc.l    DefaultException
                            	     2R     
00:000000C4 000000DC        	     1R         dc.l    DefaultException
                            	     2R     
00:000000C8 000000DC        	     1R         dc.l    DefaultException
                            	     2R     
00:000000CC 000000DC        	     1R         dc.l    DefaultException
                            	     2R     
00:000000D0 000000DC        	     1R         dc.l    DefaultException
                            	     2R     
00:000000D4 000000DC        	     1R         dc.l    DefaultException
                            	     2R     
00:000000D8 000000DC        	     1R         dc.l    DefaultException
                            	     2R     
00:000000DC 000000DC        	     1R         dc.l    DefaultException
                            	     2R     
00:000000E0 000000DC        	     1R         dc.l    DefaultException
                            	     2R     
00:000000E4 000000DC        	     1R         dc.l    DefaultException
                            	     2R     
00:000000E8 000000DC        	     1R         dc.l    DefaultException
                            	     2R     
00:000000EC 000000DC        	     1R         dc.l    DefaultException
                            	     2R     
00:000000F0 000000DC        	     1R         dc.l    DefaultException
                            	     2R     
00:000000F4 000000DC        	     1R         dc.l    DefaultException
                            	     2R     
00:000000F8 000000DC        	     1R         dc.l    DefaultException
                            	     2R     
00:000000FC 000000DC        	     1R         dc.l    DefaultException
                            	     2R     
                            	    26: 
                            	    27: ;==============================================================================
                            	    28: ; ROM header
                            	    29: ;==============================================================================
                            	    30:     section "header",data
                            	    31: 
01:00000000 53454741204D4547	    32:     dc.b    "SEGA MEGA DRIVE "                  ; system
01:00000008 4120445249564520
01:00000010 2843294A414B4544	    33:     dc.b    "(C)JAKEDIGZ 2026"                  ; copyright
01:00000018 49475A2032303236
01:00000020 494E54524F204445	    34:     dc.b    "INTRO DEMO                      "  ; domestic name
01:00000028 4D4F202020202020
01:00000030 2020202020202020
01:00000038 2020202020202020
01:00000040 2020202020202020	    35:     dc.b    "                "                  ; pad
01:00000048 2020202020202020
01:00000050 494E54524F204445	    36:     dc.b    "INTRO DEMO                      "  ; overseas name
01:00000058 4D4F202020202020
01:00000060 2020202020202020
01:00000068 2020202020202020
01:00000070 2020202020202020	    37:     dc.b    "                "                  ; pad
01:00000078 2020202020202020
01:00000080 474D203030303030	    38:     dc.b    "GM 00000000-00"                    ; serial
01:00000088 3030302D3030
01:0000008E 0000            	    39:     dc.w    0                                   ; checksum (fix later)
01:00000090 4A20202020202020	    40:     dc.b    "J               "                  ; I/O
01:00000098 2020202020202020
01:000000A0 00000000        	    41:     dc.l    $00000000                           ; ROM start
01:000000A4 0007FFFF        	    42:     dc.l    $0007FFFF                           ; ROM end (512 KB pad)
01:000000A8 00FF0000        	    43:     dc.l    $00FF0000                           ; RAM start
01:000000AC 00FFFFFF        	    44:     dc.l    $00FFFFFF                           ; RAM end
01:000000B0 2020202020202020	    45:     dc.b    "            "                      ; SRAM/modem (12)
01:000000B8 20202020
01:000000BC 2020202020202020	    46:     dc.b    "            "                      ; pad
01:000000C4 20202020
                            	    47:     rept    40
                            	    48:         dc.b    $20
                            	    49:     endr
01:000000C8 20              	     1R         dc.b    $20
                            	     2R     
01:000000C9 20              	     1R         dc.b    $20
                            	     2R     
01:000000CA 20              	     1R         dc.b    $20
                            	     2R     
01:000000CB 20              	     1R         dc.b    $20
                            	     2R     
01:000000CC 20              	     1R         dc.b    $20
                            	     2R     
01:000000CD 20              	     1R         dc.b    $20
                            	     2R     
01:000000CE 20              	     1R         dc.b    $20
                            	     2R     
01:000000CF 20              	     1R         dc.b    $20
                            	     2R     
01:000000D0 20              	     1R         dc.b    $20
                            	     2R     
01:000000D1 20              	     1R         dc.b    $20
                            	     2R     
01:000000D2 20              	     1R         dc.b    $20
                            	     2R     
01:000000D3 20              	     1R         dc.b    $20
                            	     2R     
01:000000D4 20              	     1R         dc.b    $20
                            	     2R     
01:000000D5 20              	     1R         dc.b    $20
                            	     2R     
01:000000D6 20              	     1R         dc.b    $20
                            	     2R     
01:000000D7 20              	     1R         dc.b    $20
                            	     2R     
01:000000D8 20              	     1R         dc.b    $20
                            	     2R     
01:000000D9 20              	     1R         dc.b    $20
                            	     2R     
01:000000DA 20              	     1R         dc.b    $20
                            	     2R     
01:000000DB 20              	     1R         dc.b    $20
                            	     2R     
01:000000DC 20              	     1R         dc.b    $20
                            	     2R     
01:000000DD 20              	     1R         dc.b    $20
                            	     2R     
01:000000DE 20              	     1R         dc.b    $20
                            	     2R     
01:000000DF 20              	     1R         dc.b    $20
                            	     2R     
01:000000E0 20              	     1R         dc.b    $20
                            	     2R     
01:000000E1 20              	     1R         dc.b    $20
                            	     2R     
01:000000E2 20              	     1R         dc.b    $20
                            	     2R     
01:000000E3 20              	     1R         dc.b    $20
                            	     2R     
01:000000E4 20              	     1R         dc.b    $20
                            	     2R     
01:000000E5 20              	     1R         dc.b    $20
                            	     2R     
01:000000E6 20              	     1R         dc.b    $20
                            	     2R     
01:000000E7 20              	     1R         dc.b    $20
                            	     2R     
01:000000E8 20              	     1R         dc.b    $20
                            	     2R     
01:000000E9 20              	     1R         dc.b    $20
                            	     2R     
01:000000EA 20              	     1R         dc.b    $20
                            	     2R     
01:000000EB 20              	     1R         dc.b    $20
                            	     2R     
01:000000EC 20              	     1R         dc.b    $20
                            	     2R     
01:000000ED 20              	     1R         dc.b    $20
                            	     2R     
01:000000EE 20              	     1R         dc.b    $20
                            	     2R     
01:000000EF 20              	     1R         dc.b    $20
                            	     2R     
01:000000F0 4A55452020202020	    50:     dc.b    "JUE             "                  ; regions
01:000000F8 2020202020202020
                            	    51: 
                            	    52: ;==============================================================================
                            	    53: ; EntryPoint
                            	    54: ;==============================================================================
                            	    55:     section "text",code
                            	    56: 
                            	    57: EntryPoint:
                            	    58:     ; TMSS handshake
02:00000000 103900A10001    	    59:     move.b  (VERSION_PORT).l,D0
02:00000006 0200000F        	    60:     andi.b  #$0F,D0
02:0000000A 6710            	    61:     beq.s   .skip_tmss
02:0000000C 23FC5345474100A1	    62:     move.l  #$53454741,(TMSS_PORT).l
02:00000014 4000
02:00000016 700F            	    63:     moveq   #15,D0
                            	    64: .tmss_delay:
02:00000018 51C8FFFE        	    65:     dbra    D0,.tmss_delay
                            	    66: .skip_tmss:
                            	    67: 
                            	    68:     ; Stop Z80
02:0000001C 33FC010000A11100	    69:     move.w  #$0100,(Z80_BUSREQ).l
02:00000024 33FC010000A11200	    70:     move.w  #$0100,(Z80_RESET).l
                            	    71: .z80wait:
02:0000002C 0839000000A11100	    72:     btst    #0,(Z80_BUSREQ).l
02:00000034 66F6            	    73:     bne.s   .z80wait
                            	    74: 
                            	    75:     ; VDP register init — H32 mode, plane size H32 V32, display OFF during init.
02:00000036 33FC800400C00004	    76:     move.w  #$8004,(VDP_CTRL).l   ; Reg  0: colorfix bit2=1
02:0000003E 33FC813400C00004	    77:     move.w  #$8134,(VDP_CTRL).l   ; Reg  1: display OFF, VBlank IRQ on, M5
02:00000046 33FC823000C00004	    78:     move.w  #$8230,(VDP_CTRL).l   ; Reg  2: Plane A @ $C000
02:0000004E 33FC832C00C00004	    79:     move.w  #$832C,(VDP_CTRL).l   ; Reg  3: Window  @ $B000
02:00000056 33FC840700C00004	    80:     move.w  #$8407,(VDP_CTRL).l   ; Reg  4: Plane B @ $E000
02:0000005E 33FC857C00C00004	    81:     move.w  #$857C,(VDP_CTRL).l   ; Reg  5: Sprite table @ $F800
02:00000066 33FC860000C00004	    82:     move.w  #$8600,(VDP_CTRL).l   ; Reg  6
02:0000006E 33FC870000C00004	    83:     move.w  #$8700,(VDP_CTRL).l   ; Reg  7: BG color = palette 0, color 0
02:00000076 33FC880000C00004	    84:     move.w  #$8800,(VDP_CTRL).l   ; Reg  8
02:0000007E 33FC890000C00004	    85:     move.w  #$8900,(VDP_CTRL).l   ; Reg  9
02:00000086 33FC8AFF00C00004	    86:     move.w  #$8AFF,(VDP_CTRL).l   ; Reg 10: H-int counter = $FF (off)
02:0000008E 33FC8B0000C00004	    87:     move.w  #$8B00,(VDP_CTRL).l   ; Reg 11: full-screen scroll
02:00000096 33FC8C0000C00004	    88:     move.w  #$8C00,(VDP_CTRL).l   ; Reg 12: H32 mode
02:0000009E 33FC8D3F00C00004	    89:     move.w  #$8D3F,(VDP_CTRL).l   ; Reg 13: H-scroll table @ $FC00
02:000000A6 33FC8E0000C00004	    90:     move.w  #$8E00,(VDP_CTRL).l   ; Reg 14
02:000000AE 33FC8F0200C00004	    91:     move.w  #$8F02,(VDP_CTRL).l   ; Reg 15: auto-inc = 2
02:000000B6 33FC900000C00004	    92:     move.w  #$9000,(VDP_CTRL).l   ; Reg 16: plane size H32 x V32
02:000000BE 33FC910000C00004	    93:     move.w  #$9100,(VDP_CTRL).l   ; Reg 17: window H = 0
02:000000C6 33FC920000C00004	    94:     move.w  #$9200,(VDP_CTRL).l   ; Reg 18: window V = 0 (window off)
                            	    95: 
                            	    96:     ; Establish stack
02:000000CE 2E7C00FFFFFE    	    97:     move.l  #STACK_TOP,A7
                            	    98: 
                            	    99:     ; Jump to C main
02:000000D4 4EB900000000    	   100:     jsr     main
                            	   101: 
                            	   102:     ; If main returns, halt
                            	   103: .halt:
02:000000DA 60FE            	   104:     bra.s   .halt
                            	   105: 
                            	   106: ;------------------------------------------------------------------------------
                            	   107: ; DefaultException — RTE for any unwired exception/interrupt
                            	   108: ;------------------------------------------------------------------------------
                            	   109: DefaultException:
02:000000DC 4E73            	   110:     rte
                            	   111: 


Symbols by name:
DefaultException                02:000000DC
EntryPoint                      02:00000000
STACK_TOP                        E:00FFFFFE
TMSS_PORT                        E:00A14000
VDP_CTRL                         E:00C00004
VERSION_PORT                     E:00A10001
Z80_BUSREQ                       E:00A11100
Z80_RESET                        E:00A11200
main                            external

Symbols by value:
00000000 EntryPoint
000000DC DefaultException
00A10001 VERSION_PORT
00A11100 Z80_BUSREQ
00A11200 Z80_RESET
00A14000 TMSS_PORT
00C00004 VDP_CTRL
00FFFFFE STACK_TOP
