system=NES ram=System Bus+0 save=Battery RAM domains=Battery RAM,CIRAM (nametables),OAM,PALRAM,PPU Bus,PRG ROM,System Bus,VRAM,WRAM preset=t050_rock_push
preset_bytes_written=443
sync_after_menu_frames=105 live_after=1 seeded=0
f=0 in= gm=05 sub=00 fc=2C room=77
f=1 in= gm=05 sub=00 fc=2D room=77
f=2 in= gm=05 sub=00 fc=2E room=77
f=3 in= gm=05 sub=00 fc=2F room=77
f=4 in= gm=05 sub=00 fc=30 room=77
f=5 in= gm=05 sub=00 fc=31 room=77
f=6 in= gm=05 sub=00 fc=32 room=77
f=7 in= gm=05 sub=00 fc=33 room=77
f=8 in= gm=05 sub=00 fc=34 room=77
f=9 in= gm=05 sub=00 fc=35 room=77
f=10 in= gm=05 sub=00 fc=36 room=77
f=11 in= gm=05 sub=00 fc=37 room=77
f=12 in= gm=05 sub=00 fc=38 room=77
f=13 in= gm=05 sub=00 fc=39 room=77
f=14 in= gm=05 sub=00 fc=3A room=77
f=15 in= gm=05 sub=00 fc=3B room=77
f=16 in= gm=05 sub=00 fc=3C room=77
f=17 in= gm=05 sub=00 fc=3D room=77
f=18 in= gm=05 sub=00 fc=3E room=77
f=19 in= gm=05 sub=00 fc=3F room=77
f=20 in= gm=05 sub=00 fc=40 room=77
f=21 in= gm=05 sub=00 fc=41 room=77
f=22 in= gm=05 sub=00 fc=42 room=77
f=23 in= gm=05 sub=00 fc=43 room=77
f=24 in= gm=05 sub=00 fc=44 room=77
f=25 in= gm=05 sub=00 fc=45 room=77
f=26 in= gm=05 sub=00 fc=46 room=77
f=27 in= gm=05 sub=00 fc=47 room=77
f=28 in= gm=05 sub=00 fc=48 room=77
f=29 in= gm=05 sub=00 fc=49 room=77
f=30 in=R gm=05 sub=00 fc=4A room=77
f=31 in=R gm=05 sub=00 fc=4B room=77
f=32 in=R gm=05 sub=00 fc=4C room=77
f=33 in=R gm=05 sub=00 fc=4D room=77
f=34 in=R gm=05 sub=00 fc=4E room=77
f=35 in=R gm=05 sub=00 fc=4F room=77
f=36 in=R gm=05 sub=00 fc=50 room=77
f=37 in=R gm=05 sub=00 fc=51 room=77
f=38 in=R gm=05 sub=00 fc=52 room=77
f=39 in=R gm=05 sub=00 fc=53 room=77
f=40 in=R gm=05 sub=00 fc=54 room=77
f=41 in=R gm=05 sub=00 fc=55 room=77
f=42 in=R gm=05 sub=00 fc=56 room=77
f=43 in=R gm=05 sub=00 fc=57 room=77
f=44 in=R gm=05 sub=00 fc=58 room=77
f=45 in=R gm=05 sub=00 fc=59 room=77
f=46 in=R gm=05 sub=00 fc=5A room=77
f=47 in=R gm=05 sub=00 fc=5B room=77
f=48 in=R gm=05 sub=00 fc=5C room=77
f=49 in=R gm=05 sub=00 fc=5D room=77
f=50 in=R gm=05 sub=00 fc=5E room=77
f=51 in=R gm=05 sub=00 fc=5F room=77
f=52 in=R gm=05 sub=00 fc=60 room=77
f=53 in=R gm=05 sub=00 fc=61 room=77
f=54 in=R gm=05 sub=00 fc=62 room=77
f=55 in=R gm=05 sub=00 fc=63 room=77
f=56 in=R gm=05 sub=00 fc=64 room=77
f=57 in=R gm=05 sub=00 fc=65 room=77
f=58 in=R gm=05 sub=00 fc=66 room=77
f=59 in=R gm=05 sub=00 fc=67 room=77
f=60 in=R gm=05 sub=00 fc=68 room=77
f=61 in=R gm=05 sub=00 fc=69 room=77
f=62 in=R gm=05 sub=00 fc=6A room=77
f=63 in=R gm=05 sub=00 fc=6B room=77
f=64 in=R gm=05 sub=00 fc=6C room=77
f=65 in=R gm=05 sub=00 fc=6D room=77
f=66 in=R gm=05 sub=00 fc=6E room=77
f=67 in=R gm=05 sub=00 fc=6F room=77
f=68 in=R gm=05 sub=00 fc=70 room=77
f=69 in=R gm=05 sub=00 fc=71 room=77
f=70 in=R gm=05 sub=00 fc=72 room=77
f=71 in=R gm=05 sub=00 fc=73 room=77
f=72 in=R gm=05 sub=00 fc=74 room=77
f=73 in=R gm=05 sub=00 fc=75 room=77
f=74 in=R gm=05 sub=00 fc=76 room=77
f=75 in=R gm=05 sub=00 fc=77 room=77
f=76 in=R gm=05 sub=00 fc=78 room=77
f=77 in=R gm=05 sub=00 fc=79 room=77
f=78 in=R gm=05 sub=00 fc=7A room=77
f=79 in=R gm=05 sub=00 fc=7B room=77
f=80 in=R gm=05 sub=00 fc=7C room=77
f=81 in=R gm=05 sub=00 fc=7D room=77
f=82 in=R gm=05 sub=00 fc=7E room=77
f=83 in=R gm=05 sub=00 fc=7F room=77
f=84 in=R gm=05 sub=00 fc=80 room=77
f=85 in=R gm=05 sub=00 fc=81 room=77
f=86 in=R gm=05 sub=00 fc=82 room=77
f=87 in=R gm=05 sub=00 fc=83 room=77
f=88 in=R gm=05 sub=00 fc=84 room=77
f=89 in=R gm=05 sub=00 fc=85 room=77
f=90 in=R gm=05 sub=00 fc=86 room=77
f=91 in=R gm=05 sub=00 fc=87 room=77
f=92 in=R gm=05 sub=00 fc=88 room=77
f=93 in=R gm=05 sub=00 fc=89 room=77
f=94 in=R gm=05 sub=00 fc=8A room=77
f=95 in=R gm=05 sub=00 fc=8B room=77
f=96 in=R gm=05 sub=00 fc=8C room=77
f=97 in=R gm=05 sub=00 fc=8D room=77
f=98 in=R gm=05 sub=00 fc=8E room=77
f=99 in=R gm=05 sub=00 fc=8F room=77
f=100 in=R gm=05 sub=00 fc=90 room=77
f=101 in=R gm=05 sub=00 fc=91 room=77
f=102 in=R gm=05 sub=00 fc=92 room=77
f=103 in=R gm=05 sub=00 fc=93 room=77
f=104 in=R gm=05 sub=00 fc=94 room=77
f=105 in=R gm=05 sub=00 fc=95 room=77
f=106 in=R gm=05 sub=00 fc=96 room=77
f=107 in=R gm=05 sub=00 fc=97 room=77
f=108 in=R gm=05 sub=00 fc=98 room=77
f=109 in=R gm=05 sub=00 fc=99 room=77
f=110 in=R gm=05 sub=00 fc=9A room=77
f=111 in=R gm=05 sub=00 fc=9B room=77
f=112 in=R gm=05 sub=00 fc=9C room=77
f=113 in=R gm=05 sub=00 fc=9D room=77
f=114 in=R gm=05 sub=00 fc=9E room=77
f=115 in=R gm=05 sub=00 fc=9F room=77
f=116 in=R gm=05 sub=00 fc=A0 room=77
f=117 in=R gm=05 sub=00 fc=A1 room=77
f=118 in=R gm=05 sub=00 fc=A2 room=77
f=119 in=R gm=05 sub=00 fc=A3 room=77
f=120 in=R gm=05 sub=00 fc=A4 room=77
f=121 in=R gm=06 sub=00 fc=A5 room=77
f=122 in=R gm=06 sub=00 fc=A6 room=77
f=123 in=R gm=07 sub=00 fc=A7 room=77
f=124 in=R gm=07 sub=01 fc=A8 room=77
f=125 in=R gm=07 sub=02 fc=A9 room=78
f=126 in=R gm=07 sub=02 fc=A9 room=78
f=127 in=R gm=07 sub=02 fc=A9 room=77
f=128 in=R gm=07 sub=02 fc=AA room=77
f=129 in=R gm=07 sub=02 fc=AB room=77
f=130 in=R gm=07 sub=02 fc=AC room=77
f=131 in=R gm=07 sub=02 fc=AD room=77
f=132 in=R gm=07 sub=02 fc=AE room=77
f=133 in=R gm=07 sub=02 fc=AF room=77
f=134 in=R gm=07 sub=02 fc=B0 room=77
f=135 in=R gm=07 sub=02 fc=B1 room=77
f=136 in=R gm=07 sub=02 fc=B2 room=77
f=137 in=R gm=07 sub=02 fc=B3 room=77
f=138 in=R gm=07 sub=02 fc=B4 room=77
f=139 in=R gm=07 sub=02 fc=B5 room=77
f=140 in=R gm=07 sub=02 fc=B6 room=77
f=141 in=R gm=07 sub=02 fc=B7 room=77
f=142 in=R gm=07 sub=02 fc=B8 room=77
f=143 in=R gm=07 sub=02 fc=B9 room=77
f=144 in=R gm=07 sub=02 fc=BA room=77
f=145 in=R gm=07 sub=02 fc=BB room=77
f=146 in=R gm=07 sub=02 fc=BC room=77
f=147 in=R gm=07 sub=02 fc=BD room=77
f=148 in=R gm=07 sub=02 fc=BE room=77
f=149 in=R gm=07 sub=03 fc=BF room=77
f=150 in=R gm=07 sub=04 fc=C0 room=77
f=151 in=R gm=07 sub=05 fc=C1 room=77
f=152 in=R gm=07 sub=00 fc=C2 room=78
f=153 in=R gm=07 sub=02 fc=C3 room=78
f=154 in=R gm=07 sub=03 fc=C4 room=78
f=155 in=R gm=07 sub=03 fc=C5 room=78
f=156 in=R gm=07 sub=03 fc=C6 room=78
f=157 in=R gm=07 sub=03 fc=C7 room=78
f=158 in=R gm=07 sub=03 fc=C8 room=78
f=159 in=R gm=07 sub=03 fc=C9 room=78
f=160 in=R gm=07 sub=03 fc=CA room=78
f=161 in=R gm=07 sub=03 fc=CB room=78
f=162 in=R gm=07 sub=03 fc=CC room=78
f=163 in=R gm=07 sub=03 fc=CD room=78
f=164 in=R gm=07 sub=03 fc=CE room=78
f=165 in=R gm=07 sub=03 fc=CF room=78
f=166 in=R gm=07 sub=03 fc=D0 room=78
f=167 in=R gm=07 sub=03 fc=D1 room=78
f=168 in=R gm=07 sub=03 fc=D2 room=78
f=169 in=R gm=07 sub=03 fc=D3 room=78
f=170 in=R gm=07 sub=03 fc=D4 room=78
f=171 in=R gm=07 sub=03 fc=D5 room=78
f=172 in=R gm=07 sub=03 fc=D6 room=78
f=173 in=R gm=07 sub=03 fc=D7 room=78
f=174 in=R gm=07 sub=03 fc=D8 room=78
f=175 in=R gm=07 sub=03 fc=D9 room=78
f=176 in=R gm=07 sub=03 fc=DA room=78
f=177 in=R gm=07 sub=03 fc=DB room=78
f=178 in=R gm=07 sub=03 fc=DC room=78
f=179 in=R gm=07 sub=03 fc=DD room=78
f=180 in=R gm=07 sub=03 fc=DE room=78
f=181 in=R gm=07 sub=03 fc=DF room=78
f=182 in=R gm=07 sub=03 fc=E0 room=78
f=183 in=R gm=07 sub=03 fc=E1 room=78
f=184 in=R gm=07 sub=03 fc=E2 room=78
f=185 in=R gm=07 sub=03 fc=E3 room=78
f=186 in=R gm=07 sub=03 fc=E4 room=78
f=187 in=R gm=07 sub=03 fc=E5 room=78
f=188 in=R gm=07 sub=03 fc=E6 room=78
f=189 in=R gm=07 sub=03 fc=E7 room=78
f=190 in=R gm=07 sub=03 fc=E8 room=78
f=191 in=R gm=07 sub=03 fc=E9 room=78
f=192 in=R gm=07 sub=03 fc=EA room=78
f=193 in=R gm=07 sub=03 fc=EB room=78
f=194 in=R gm=07 sub=03 fc=EC room=78
f=195 in=R gm=07 sub=03 fc=ED room=78
f=196 in=R gm=07 sub=03 fc=EE room=78
f=197 in=R gm=07 sub=03 fc=EF room=78
f=198 in=R gm=07 sub=03 fc=F0 room=78
f=199 in=R gm=07 sub=03 fc=F1 room=78
f=200 in=R gm=07 sub=03 fc=F2 room=78
f=201 in=R gm=07 sub=03 fc=F3 room=78
f=202 in=R gm=07 sub=03 fc=F4 room=78
f=203 in=R gm=07 sub=03 fc=F5 room=78
f=204 in=R gm=07 sub=03 fc=F6 room=78
f=205 in=R gm=07 sub=03 fc=F7 room=78
f=206 in=R gm=07 sub=03 fc=F8 room=78
f=207 in=R gm=07 sub=03 fc=F9 room=78
f=208 in=R gm=07 sub=03 fc=FA room=78
f=209 in=R gm=07 sub=03 fc=FB room=78
f=210 in=R gm=07 sub=03 fc=FC room=78
f=211 in=R gm=07 sub=03 fc=FD room=78
f=212 in=R gm=07 sub=03 fc=FE room=78
f=213 in=R gm=07 sub=03 fc=FF room=78
f=214 in=R gm=07 sub=03 fc=00 room=78
f=215 in=R gm=07 sub=03 fc=01 room=78
f=216 in=R gm=07 sub=03 fc=02 room=78
f=217 in=R gm=07 sub=03 fc=03 room=78
f=218 in=R gm=07 sub=04 fc=04 room=78
f=219 in=R gm=07 sub=05 fc=05 room=78
f=220 in=R gm=07 sub=06 fc=06 room=78
f=221 in=R gm=04 sub=01 fc=07 room=78
f=222 in=R gm=04 sub=02 fc=08 room=78
f=223 in=R gm=04 sub=00 fc=09 room=78
f=224 in=R gm=04 sub=00 fc=0A room=78
f=225 in=R gm=05 sub=00 fc=0B room=78
f=226 in=R gm=05 sub=00 fc=0C room=78
f=227 in=R gm=05 sub=00 fc=0D room=78
f=228 in=R gm=05 sub=00 fc=0E room=78
f=229 in=R gm=05 sub=00 fc=0F room=78
f=230 in=R gm=05 sub=00 fc=10 room=78
f=231 in=R gm=05 sub=00 fc=11 room=78
f=232 in=R gm=05 sub=00 fc=12 room=78
f=233 in=R gm=05 sub=00 fc=13 room=78
f=234 in=R gm=05 sub=00 fc=14 room=78
f=235 in=R gm=05 sub=00 fc=15 room=78
f=236 in=R gm=05 sub=00 fc=16 room=78
f=237 in=R gm=05 sub=00 fc=17 room=78
f=238 in=R gm=05 sub=00 fc=18 room=78
f=239 in=R gm=05 sub=00 fc=19 room=78
f=240 in=R gm=05 sub=00 fc=1A room=78
f=241 in=R gm=05 sub=00 fc=1B room=78
f=242 in=R gm=05 sub=00 fc=1C room=78
f=243 in=R gm=05 sub=00 fc=1D room=78
f=244 in=R gm=05 sub=00 fc=1E room=78
f=245 in=R gm=05 sub=00 fc=1F room=78
f=246 in=R gm=05 sub=00 fc=20 room=78
f=247 in=R gm=05 sub=00 fc=21 room=78
f=248 in=R gm=05 sub=00 fc=22 room=78
f=249 in=R gm=05 sub=00 fc=23 room=78
f=250 in=R gm=05 sub=00 fc=24 room=78
f=251 in=R gm=05 sub=00 fc=25 room=78
f=252 in=R gm=05 sub=00 fc=26 room=78
f=253 in=R gm=05 sub=00 fc=27 room=78
f=254 in=R gm=05 sub=00 fc=28 room=78
f=255 in=R gm=05 sub=00 fc=29 room=78
f=256 in=R gm=05 sub=00 fc=2A room=78
f=257 in=R gm=05 sub=00 fc=2B room=78
f=258 in=R gm=05 sub=00 fc=2C room=78
f=259 in=R gm=05 sub=00 fc=2D room=78
f=260 in=R gm=05 sub=00 fc=2E room=78
f=261 in=R gm=05 sub=00 fc=2F room=78
f=262 in=R gm=05 sub=00 fc=30 room=78
f=263 in=R gm=05 sub=00 fc=31 room=78
f=264 in=R gm=05 sub=00 fc=32 room=78
f=265 in=R gm=05 sub=00 fc=33 room=78
f=266 in=R gm=05 sub=00 fc=34 room=78
f=267 in=R gm=05 sub=00 fc=35 room=78
f=268 in=R gm=05 sub=00 fc=36 room=78
f=269 in=R gm=05 sub=00 fc=37 room=78
f=270 in=R gm=05 sub=00 fc=38 room=78
f=271 in=R gm=05 sub=00 fc=39 room=78
f=272 in=R gm=05 sub=00 fc=3A room=78
f=273 in=R gm=05 sub=00 fc=3B room=78
f=274 in=R gm=05 sub=00 fc=3C room=78
f=275 in=R gm=05 sub=00 fc=3D room=78
f=276 in=R gm=05 sub=00 fc=3E room=78
f=277 in=R gm=05 sub=00 fc=3F room=78
f=278 in=R gm=05 sub=00 fc=40 room=78
f=279 in=R gm=05 sub=00 fc=41 room=78
f=280 in= gm=05 sub=00 fc=42 room=78
f=281 in= gm=05 sub=00 fc=43 room=78
f=282 in= gm=05 sub=00 fc=44 room=78
f=283 in= gm=05 sub=00 fc=45 room=78
f=284 in= gm=05 sub=00 fc=46 room=78
f=285 in= gm=05 sub=00 fc=47 room=78
f=286 in= gm=05 sub=00 fc=48 room=78
f=287 in= gm=05 sub=00 fc=49 room=78
f=288 in= gm=05 sub=00 fc=4A room=78
f=289 in= gm=05 sub=00 fc=4B room=78
stage at f=290
stage: room 78 link E8,8D slot11 64 at 40,A0 st 00 flags79 00
f=290 in=R gm=05 sub=00 fc=4C room=78
f=291 in=R gm=05 sub=00 fc=4D room=78
f=292 in=R gm=05 sub=00 fc=4E room=78
f=293 in=R gm=05 sub=00 fc=4F room=78
f=294 in=R gm=05 sub=00 fc=50 room=78
f=295 in=R gm=05 sub=00 fc=51 room=78
f=296 in=R gm=05 sub=00 fc=52 room=78
f=297 in=R gm=06 sub=00 fc=53 room=78
f=298 in=R gm=06 sub=00 fc=54 room=78
f=299 in=R gm=07 sub=00 fc=55 room=78
f=300 in=R gm=07 sub=01 fc=56 room=78
f=301 in=R gm=07 sub=02 fc=57 room=79
f=302 in=R gm=07 sub=02 fc=57 room=79
f=303 in=R gm=07 sub=02 fc=57 room=78
f=304 in=R gm=07 sub=02 fc=58 room=78
f=305 in=R gm=07 sub=02 fc=59 room=78
f=306 in=R gm=07 sub=02 fc=5A room=78
f=307 in=R gm=07 sub=02 fc=5B room=78
f=308 in=R gm=07 sub=02 fc=5C room=78
f=309 in=R gm=07 sub=02 fc=5D room=78
f=310 in=R gm=07 sub=02 fc=5E room=78
f=311 in=R gm=07 sub=02 fc=5F room=78
f=312 in=R gm=07 sub=02 fc=60 room=78
f=313 in=R gm=07 sub=02 fc=61 room=78
f=314 in=R gm=07 sub=02 fc=62 room=78
f=315 in=R gm=07 sub=02 fc=63 room=78
f=316 in=R gm=07 sub=02 fc=64 room=78
f=317 in=R gm=07 sub=02 fc=65 room=78
f=318 in=R gm=07 sub=02 fc=66 room=78
f=319 in=R gm=07 sub=02 fc=67 room=78
f=320 in=R gm=07 sub=02 fc=68 room=78
f=321 in=R gm=07 sub=02 fc=69 room=78
f=322 in=R gm=07 sub=02 fc=6A room=78
f=323 in=R gm=07 sub=02 fc=6B room=78
f=324 in=R gm=07 sub=02 fc=6C room=78
f=325 in=R gm=07 sub=03 fc=6D room=78
f=326 in=R gm=07 sub=04 fc=6E room=78
f=327 in=R gm=07 sub=05 fc=6F room=78
f=328 in=R gm=07 sub=00 fc=70 room=79
f=329 in=R gm=07 sub=02 fc=71 room=79
f=330 in=R gm=07 sub=03 fc=72 room=79
f=331 in=R gm=07 sub=03 fc=73 room=79
f=332 in=R gm=07 sub=03 fc=74 room=79
f=333 in=R gm=07 sub=03 fc=75 room=79
f=334 in=R gm=07 sub=03 fc=76 room=79
f=335 in=R gm=07 sub=03 fc=77 room=79
f=336 in=R gm=07 sub=03 fc=78 room=79
f=337 in=R gm=07 sub=03 fc=79 room=79
f=338 in=R gm=07 sub=03 fc=7A room=79
f=339 in=R gm=07 sub=03 fc=7B room=79
f=340 in=R gm=07 sub=03 fc=7C room=79
f=341 in=R gm=07 sub=03 fc=7D room=79
f=342 in=R gm=07 sub=03 fc=7E room=79
f=343 in=R gm=07 sub=03 fc=7F room=79
f=344 in=R gm=07 sub=03 fc=80 room=79
f=345 in=R gm=07 sub=03 fc=81 room=79
f=346 in=R gm=07 sub=03 fc=82 room=79
f=347 in=R gm=07 sub=03 fc=83 room=79
f=348 in=R gm=07 sub=03 fc=84 room=79
f=349 in=R gm=07 sub=03 fc=85 room=79
f=350 in= gm=07 sub=03 fc=86 room=79
f=351 in= gm=07 sub=03 fc=87 room=79
f=352 in= gm=07 sub=03 fc=88 room=79
f=353 in= gm=07 sub=03 fc=89 room=79
f=354 in= gm=07 sub=03 fc=8A room=79
f=355 in= gm=07 sub=03 fc=8B room=79
f=356 in= gm=07 sub=03 fc=8C room=79
f=357 in= gm=07 sub=03 fc=8D room=79
f=358 in= gm=07 sub=03 fc=8E room=79
f=359 in= gm=07 sub=03 fc=8F room=79
f=360 in= gm=07 sub=03 fc=90 room=79
f=361 in= gm=07 sub=03 fc=91 room=79
f=362 in= gm=07 sub=03 fc=92 room=79
f=363 in= gm=07 sub=03 fc=93 room=79
f=364 in= gm=07 sub=03 fc=94 room=79
f=365 in= gm=07 sub=03 fc=95 room=79
f=366 in= gm=07 sub=03 fc=96 room=79
f=367 in= gm=07 sub=03 fc=97 room=79
f=368 in= gm=07 sub=03 fc=98 room=79
f=369 in= gm=07 sub=03 fc=99 room=79
f=370 in= gm=07 sub=03 fc=9A room=79
f=371 in= gm=07 sub=03 fc=9B room=79
f=372 in= gm=07 sub=03 fc=9C room=79
f=373 in= gm=07 sub=03 fc=9D room=79
f=374 in= gm=07 sub=03 fc=9E room=79
f=375 in= gm=07 sub=03 fc=9F room=79
f=376 in= gm=07 sub=03 fc=A0 room=79
f=377 in= gm=07 sub=03 fc=A1 room=79
f=378 in= gm=07 sub=03 fc=A2 room=79
f=379 in= gm=07 sub=03 fc=A3 room=79
f=380 in= gm=07 sub=03 fc=A4 room=79
f=381 in= gm=07 sub=03 fc=A5 room=79
f=382 in= gm=07 sub=03 fc=A6 room=79
f=383 in= gm=07 sub=03 fc=A7 room=79
f=384 in= gm=07 sub=03 fc=A8 room=79
f=385 in= gm=07 sub=03 fc=A9 room=79
f=386 in= gm=07 sub=03 fc=AA room=79
f=387 in= gm=07 sub=03 fc=AB room=79
f=388 in= gm=07 sub=03 fc=AC room=79
f=389 in= gm=07 sub=03 fc=AD room=79
f=390 in= gm=07 sub=03 fc=AE room=79
f=391 in= gm=07 sub=03 fc=AF room=79
f=392 in= gm=07 sub=03 fc=B0 room=79
f=393 in= gm=07 sub=03 fc=B1 room=79
f=394 in= gm=07 sub=04 fc=B2 room=79
f=395 in= gm=07 sub=05 fc=B3 room=79
f=396 in= gm=07 sub=06 fc=B4 room=79
f=397 in= gm=04 sub=01 fc=B5 room=79
f=398 in= gm=04 sub=02 fc=B6 room=79
f=399 in= gm=04 sub=00 fc=B7 room=79
f=400 in= gm=04 sub=00 fc=B8 room=79
f=401 in= gm=05 sub=00 fc=B9 room=79
f=402 in= gm=05 sub=00 fc=BA room=79
f=403 in= gm=05 sub=00 fc=BB room=79
f=404 in= gm=05 sub=00 fc=BC room=79
f=405 in= gm=05 sub=00 fc=BD room=79
f=406 in= gm=05 sub=00 fc=BE room=79
f=407 in= gm=05 sub=00 fc=BF room=79
f=408 in= gm=05 sub=00 fc=C0 room=79
f=409 in= gm=05 sub=00 fc=C1 room=79
f=410 in= gm=05 sub=00 fc=C2 room=79
f=411 in= gm=05 sub=00 fc=C3 room=79
f=412 in= gm=05 sub=00 fc=C4 room=79
f=413 in= gm=05 sub=00 fc=C5 room=79
f=414 in= gm=05 sub=00 fc=C6 room=79
f=415 in= gm=05 sub=00 fc=C7 room=79
f=416 in= gm=05 sub=00 fc=C8 room=79
f=417 in= gm=05 sub=00 fc=C9 room=79
f=418 in= gm=05 sub=00 fc=CA room=79
f=419 in= gm=05 sub=00 fc=CB room=79
f=420 in= gm=05 sub=00 fc=CC room=79
f=421 in= gm=05 sub=00 fc=CD room=79
f=422 in= gm=05 sub=00 fc=CE room=79
f=423 in= gm=05 sub=00 fc=CF room=79
f=424 in= gm=05 sub=00 fc=D0 room=79
f=425 in= gm=05 sub=00 fc=D1 room=79
f=426 in= gm=05 sub=00 fc=D2 room=79
f=427 in= gm=05 sub=00 fc=D3 room=79
f=428 in= gm=05 sub=00 fc=D4 room=79
f=429 in= gm=05 sub=00 fc=D5 room=79
f=430 in= gm=05 sub=00 fc=D6 room=79
f=431 in= gm=05 sub=00 fc=D7 room=79
f=432 in= gm=05 sub=00 fc=D8 room=79
f=433 in= gm=05 sub=00 fc=D9 room=79
f=434 in= gm=05 sub=00 fc=DA room=79
f=435 in= gm=05 sub=00 fc=DB room=79
f=436 in= gm=05 sub=00 fc=DC room=79
f=437 in= gm=05 sub=00 fc=DD room=79
f=438 in= gm=05 sub=00 fc=DE room=79
f=439 in= gm=05 sub=00 fc=DF room=79
f=440 in= gm=05 sub=00 fc=E0 room=79
f=441 in= gm=05 sub=00 fc=E1 room=79
f=442 in= gm=05 sub=00 fc=E2 room=79
f=443 in= gm=05 sub=00 fc=E3 room=79
f=444 in= gm=05 sub=00 fc=E4 room=79
f=445 in= gm=05 sub=00 fc=E5 room=79
f=446 in= gm=05 sub=00 fc=E6 room=79
f=447 in= gm=05 sub=00 fc=E7 room=79
f=448 in= gm=05 sub=00 fc=E8 room=79
f=449 in= gm=05 sub=00 fc=E9 room=79
f=450 in= gm=05 sub=00 fc=EA room=79
f=451 in= gm=05 sub=00 fc=EB room=79
f=452 in= gm=05 sub=00 fc=EC room=79
f=453 in= gm=05 sub=00 fc=ED room=79
f=454 in= gm=05 sub=00 fc=EE room=79
f=455 in= gm=05 sub=00 fc=EF room=79
f=456 in= gm=05 sub=00 fc=F0 room=79
f=457 in= gm=05 sub=00 fc=F1 room=79
f=458 in= gm=05 sub=00 fc=F2 room=79
f=459 in= gm=05 sub=00 fc=F3 room=79
f=460 in= gm=05 sub=00 fc=F4 room=79
f=461 in= gm=05 sub=00 fc=F5 room=79
f=462 in= gm=05 sub=00 fc=F6 room=79
f=463 in= gm=05 sub=00 fc=F7 room=79
f=464 in= gm=05 sub=00 fc=F8 room=79
f=465 in= gm=05 sub=00 fc=F9 room=79
f=466 in= gm=05 sub=00 fc=FA room=79
f=467 in= gm=05 sub=00 fc=FB room=79
f=468 in= gm=05 sub=00 fc=FC room=79
f=469 in= gm=05 sub=00 fc=FD room=79
f=470 in= gm=05 sub=00 fc=FE room=79
f=471 in= gm=05 sub=00 fc=FF room=79
f=472 in= gm=05 sub=00 fc=00 room=79
f=473 in= gm=05 sub=00 fc=01 room=79
f=474 in= gm=05 sub=00 fc=02 room=79
f=475 in= gm=05 sub=00 fc=03 room=79
f=476 in= gm=05 sub=00 fc=04 room=79
f=477 in= gm=05 sub=00 fc=05 room=79
f=478 in= gm=05 sub=00 fc=06 room=79
f=479 in= gm=05 sub=00 fc=07 room=79
f=480 in= gm=05 sub=00 fc=08 room=79
f=481 in= gm=05 sub=00 fc=09 room=79
f=482 in= gm=05 sub=00 fc=0A room=79
f=483 in= gm=05 sub=00 fc=0B room=79
f=484 in= gm=05 sub=00 fc=0C room=79
f=485 in= gm=05 sub=00 fc=0D room=79
f=486 in= gm=05 sub=00 fc=0E room=79
f=487 in= gm=05 sub=00 fc=0F room=79
f=488 in= gm=05 sub=00 fc=10 room=79
f=489 in= gm=05 sub=00 fc=11 room=79
f=490 in= gm=05 sub=00 fc=12 room=79
f=491 in= gm=05 sub=00 fc=13 room=79
f=492 in= gm=05 sub=00 fc=14 room=79
f=493 in= gm=05 sub=00 fc=15 room=79
f=494 in= gm=05 sub=00 fc=16 room=79
f=495 in= gm=05 sub=00 fc=17 room=79
f=496 in= gm=05 sub=00 fc=18 room=79
f=497 in= gm=05 sub=00 fc=19 room=79
f=498 in= gm=05 sub=00 fc=1A room=79
f=499 in= gm=05 sub=00 fc=1B room=79
f=500 in= gm=05 sub=00 fc=1C room=79
f=501 in= gm=05 sub=00 fc=1D room=79
f=502 in= gm=05 sub=00 fc=1E room=79
f=503 in= gm=05 sub=00 fc=1F room=79
f=504 in= gm=05 sub=00 fc=20 room=79
f=505 in= gm=05 sub=00 fc=21 room=79
f=506 in= gm=05 sub=00 fc=22 room=79
f=507 in= gm=05 sub=00 fc=23 room=79
f=508 in= gm=05 sub=00 fc=24 room=79
f=509 in= gm=05 sub=00 fc=25 room=79
f=510 in= gm=05 sub=00 fc=26 room=79
f=511 in= gm=05 sub=00 fc=27 room=79
f=512 in= gm=05 sub=00 fc=28 room=79
f=513 in= gm=05 sub=00 fc=29 room=79
f=514 in= gm=05 sub=00 fc=2A room=79
f=515 in= gm=05 sub=00 fc=2B room=79
f=516 in= gm=05 sub=00 fc=2C room=79
f=517 in= gm=05 sub=00 fc=2D room=79
f=518 in= gm=05 sub=00 fc=2E room=79
f=519 in= gm=05 sub=00 fc=2F room=79
stage at f=520
stage: room 79 link 80,9D slot11 62 at 80,90 st 00 flags79 00
f=520 in=U gm=05 sub=00 fc=30 room=79
f=521 in=U gm=05 sub=00 fc=31 room=79
f=522 in=U gm=05 sub=00 fc=32 room=79
f=523 in=U gm=05 sub=00 fc=33 room=79
f=524 in=U gm=05 sub=00 fc=34 room=79
f=525 in=U gm=05 sub=00 fc=35 room=79
f=526 in=U gm=05 sub=00 fc=36 room=79
f=527 in=U gm=05 sub=00 fc=37 room=79
f=528 in=U gm=05 sub=00 fc=38 room=79
f=529 in=U gm=05 sub=00 fc=39 room=79
f=530 in=U gm=05 sub=00 fc=3A room=79
f=531 in=U gm=05 sub=00 fc=3B room=79
f=532 in=U gm=05 sub=00 fc=3C room=79
f=533 in=U gm=05 sub=00 fc=3D room=79
f=534 in=U gm=05 sub=00 fc=3E room=79
f=535 in=U gm=05 sub=00 fc=3F room=79
f=536 in=U gm=05 sub=00 fc=40 room=79
f=537 in=U gm=05 sub=00 fc=41 room=79
f=538 in=U gm=05 sub=00 fc=42 room=79
f=539 in=U gm=05 sub=00 fc=43 room=79
f=540 in=U gm=05 sub=00 fc=44 room=79
f=541 in=U gm=05 sub=00 fc=45 room=79
f=542 in=U gm=05 sub=00 fc=46 room=79
f=543 in=U gm=05 sub=00 fc=47 room=79
f=544 in=U gm=05 sub=00 fc=48 room=79
f=545 in=U gm=05 sub=00 fc=49 room=79
f=546 in=U gm=05 sub=00 fc=4A room=79
f=547 in=U gm=05 sub=00 fc=4B room=79
f=548 in=U gm=05 sub=00 fc=4C room=79
f=549 in=U gm=05 sub=00 fc=4D room=79
f=550 in=U gm=05 sub=00 fc=4E room=79
f=551 in=U gm=05 sub=00 fc=4F room=79
f=552 in=U gm=05 sub=00 fc=50 room=79
f=553 in=U gm=05 sub=00 fc=51 room=79
f=554 in=U gm=05 sub=00 fc=52 room=79
f=555 in=U gm=05 sub=00 fc=53 room=79
f=556 in=U gm=05 sub=00 fc=54 room=79
f=557 in=U gm=05 sub=00 fc=55 room=79
f=558 in=U gm=05 sub=00 fc=56 room=79
f=559 in=U gm=05 sub=00 fc=57 room=79
f=560 in=U gm=05 sub=00 fc=58 room=79
f=561 in=U gm=05 sub=00 fc=59 room=79
f=562 in=U gm=05 sub=00 fc=5A room=79
f=563 in=U gm=05 sub=00 fc=5B room=79
f=564 in=U gm=05 sub=00 fc=5C room=79
f=565 in=U gm=05 sub=00 fc=5D room=79
f=566 in=U gm=05 sub=00 fc=5E room=79
f=567 in=U gm=05 sub=00 fc=5F room=79
f=568 in=U gm=05 sub=00 fc=60 room=79
f=569 in=U gm=05 sub=00 fc=61 room=79
f=570 in=U gm=05 sub=00 fc=62 room=79
f=571 in=U gm=05 sub=00 fc=63 room=79
f=572 in=U gm=05 sub=00 fc=64 room=79
f=573 in=U gm=05 sub=00 fc=65 room=79
f=574 in=U gm=05 sub=00 fc=66 room=79
f=575 in=U gm=05 sub=00 fc=67 room=79
f=576 in=U gm=05 sub=00 fc=68 room=79
f=577 in=U gm=05 sub=00 fc=69 room=79
f=578 in=U gm=05 sub=00 fc=6A room=79
f=579 in=U gm=05 sub=00 fc=6B room=79
f=580 in= gm=05 sub=00 fc=6C room=79
f=581 in= gm=05 sub=00 fc=6D room=79
f=582 in= gm=05 sub=00 fc=6E room=79
f=583 in= gm=05 sub=00 fc=6F room=79
f=584 in= gm=05 sub=00 fc=70 room=79
f=585 in= gm=05 sub=00 fc=71 room=79
f=586 in= gm=05 sub=00 fc=72 room=79
f=587 in= gm=05 sub=00 fc=73 room=79
f=588 in= gm=05 sub=00 fc=74 room=79
f=589 in= gm=05 sub=00 fc=75 room=79
f=590 in= gm=05 sub=00 fc=76 room=79
f=591 in= gm=05 sub=00 fc=77 room=79
f=592 in= gm=05 sub=00 fc=78 room=79
f=593 in= gm=05 sub=00 fc=79 room=79
f=594 in= gm=05 sub=00 fc=7A room=79
f=595 in= gm=05 sub=00 fc=7B room=79
f=596 in= gm=05 sub=00 fc=7C room=79
f=597 in= gm=05 sub=00 fc=7D room=79
f=598 in= gm=05 sub=00 fc=7E room=79
f=599 in= gm=05 sub=00 fc=7F room=79
f=600 in= gm=05 sub=00 fc=80 room=79
f=601 in= gm=05 sub=00 fc=81 room=79
f=602 in= gm=05 sub=00 fc=82 room=79
f=603 in= gm=05 sub=00 fc=83 room=79
f=604 in= gm=05 sub=00 fc=84 room=79
f=605 in= gm=05 sub=00 fc=85 room=79
f=606 in= gm=05 sub=00 fc=86 room=79
f=607 in= gm=05 sub=00 fc=87 room=79
f=608 in= gm=05 sub=00 fc=88 room=79
f=609 in= gm=05 sub=00 fc=89 room=79
f=610 in= gm=05 sub=00 fc=8A room=79
f=611 in= gm=05 sub=00 fc=8B room=79
f=612 in= gm=05 sub=00 fc=8C room=79
f=613 in= gm=05 sub=00 fc=8D room=79
f=614 in= gm=05 sub=00 fc=8E room=79
f=615 in= gm=05 sub=00 fc=8F room=79
f=616 in= gm=05 sub=00 fc=90 room=79
f=617 in= gm=05 sub=00 fc=91 room=79
f=618 in= gm=05 sub=00 fc=92 room=79
f=619 in= gm=05 sub=00 fc=93 room=79
f=620 in= gm=05 sub=00 fc=94 room=79
f=621 in= gm=05 sub=00 fc=95 room=79
f=622 in= gm=05 sub=00 fc=96 room=79
f=623 in= gm=05 sub=00 fc=97 room=79
f=624 in= gm=05 sub=00 fc=98 room=79
f=625 in= gm=05 sub=00 fc=99 room=79
f=626 in= gm=05 sub=00 fc=9A room=79
f=627 in= gm=05 sub=00 fc=9B room=79
f=628 in= gm=05 sub=00 fc=9C room=79
f=629 in= gm=05 sub=00 fc=9D room=79
f=630 in= gm=05 sub=00 fc=9E room=79
f=631 in= gm=05 sub=00 fc=9F room=79
f=632 in= gm=05 sub=00 fc=A0 room=79
f=633 in= gm=05 sub=00 fc=A1 room=79
f=634 in= gm=05 sub=00 fc=A2 room=79
f=635 in= gm=05 sub=00 fc=A3 room=79
f=636 in= gm=05 sub=00 fc=A4 room=79
f=637 in= gm=05 sub=00 fc=A5 room=79
f=638 in= gm=05 sub=00 fc=A6 room=79
f=639 in= gm=05 sub=00 fc=A7 room=79
stage at f=640
stage: room 79 link 08,8D slot11 00 at 90,90 st 00 flags79 20
f=640 in=L gm=05 sub=00 fc=A8 room=79
f=641 in=L gm=05 sub=00 fc=A9 room=79
f=642 in=L gm=05 sub=00 fc=AA room=79
f=643 in=L gm=05 sub=00 fc=AB room=79
f=644 in=L gm=05 sub=00 fc=AC room=79
f=645 in=L gm=05 sub=00 fc=AD room=79
f=646 in=L gm=05 sub=00 fc=AE room=79
f=647 in=L gm=06 sub=00 fc=AF room=79
f=648 in=L gm=06 sub=00 fc=B0 room=79
f=649 in=L gm=07 sub=00 fc=B1 room=79
f=650 in=L gm=07 sub=01 fc=B2 room=79
f=651 in=L gm=07 sub=02 fc=B3 room=78
f=652 in=L gm=07 sub=02 fc=B3 room=78
f=653 in=L gm=07 sub=02 fc=B3 room=79
f=654 in=L gm=07 sub=02 fc=B4 room=79
f=655 in=L gm=07 sub=02 fc=B5 room=79
f=656 in=L gm=07 sub=02 fc=B6 room=79
f=657 in=L gm=07 sub=02 fc=B7 room=79
f=658 in=L gm=07 sub=02 fc=B8 room=79
f=659 in=L gm=07 sub=02 fc=B9 room=79
f=660 in=L gm=07 sub=02 fc=BA room=79
f=661 in=L gm=07 sub=02 fc=BB room=79
f=662 in=L gm=07 sub=02 fc=BC room=79
f=663 in=L gm=07 sub=02 fc=BD room=79
f=664 in=L gm=07 sub=02 fc=BE room=79
f=665 in=L gm=07 sub=02 fc=BF room=79
f=666 in=L gm=07 sub=02 fc=C0 room=79
f=667 in=L gm=07 sub=02 fc=C1 room=79
f=668 in=L gm=07 sub=02 fc=C2 room=79
f=669 in=L gm=07 sub=02 fc=C3 room=79
f=670 in=L gm=07 sub=02 fc=C4 room=79
f=671 in=L gm=07 sub=02 fc=C5 room=79
f=672 in=L gm=07 sub=02 fc=C6 room=79
f=673 in=L gm=07 sub=02 fc=C7 room=79
f=674 in=L gm=07 sub=02 fc=C8 room=79
f=675 in=L gm=07 sub=03 fc=C9 room=79
f=676 in=L gm=07 sub=04 fc=CA room=79
f=677 in=L gm=07 sub=05 fc=CB room=79
f=678 in=L gm=07 sub=00 fc=CC room=78
f=679 in=L gm=07 sub=02 fc=CD room=78
f=680 in=L gm=07 sub=03 fc=CE room=78
f=681 in=L gm=07 sub=03 fc=CF room=78
f=682 in=L gm=07 sub=03 fc=D0 room=78
f=683 in=L gm=07 sub=03 fc=D1 room=78
f=684 in=L gm=07 sub=03 fc=D2 room=78
f=685 in=L gm=07 sub=03 fc=D3 room=78
f=686 in=L gm=07 sub=03 fc=D4 room=78
f=687 in=L gm=07 sub=03 fc=D5 room=78
f=688 in=L gm=07 sub=03 fc=D6 room=78
f=689 in=L gm=07 sub=03 fc=D7 room=78
f=690 in=L gm=07 sub=03 fc=D8 room=78
f=691 in=L gm=07 sub=03 fc=D9 room=78
f=692 in=L gm=07 sub=03 fc=DA room=78
f=693 in=L gm=07 sub=03 fc=DB room=78
f=694 in=L gm=07 sub=03 fc=DC room=78
f=695 in=L gm=07 sub=03 fc=DD room=78
f=696 in=L gm=07 sub=03 fc=DE room=78
f=697 in=L gm=07 sub=03 fc=DF room=78
f=698 in=L gm=07 sub=03 fc=E0 room=78
f=699 in=L gm=07 sub=03 fc=E1 room=78
f=700 in= gm=07 sub=03 fc=E2 room=78
f=701 in= gm=07 sub=03 fc=E3 room=78
f=702 in= gm=07 sub=03 fc=E4 room=78
f=703 in= gm=07 sub=03 fc=E5 room=78
f=704 in= gm=07 sub=03 fc=E6 room=78
f=705 in= gm=07 sub=03 fc=E7 room=78
f=706 in= gm=07 sub=03 fc=E8 room=78
f=707 in= gm=07 sub=03 fc=E9 room=78
f=708 in= gm=07 sub=03 fc=EA room=78
f=709 in= gm=07 sub=03 fc=EB room=78
f=710 in= gm=07 sub=03 fc=EC room=78
f=711 in= gm=07 sub=03 fc=ED room=78
f=712 in= gm=07 sub=03 fc=EE room=78
f=713 in= gm=07 sub=03 fc=EF room=78
f=714 in= gm=07 sub=03 fc=F0 room=78
f=715 in= gm=07 sub=03 fc=F1 room=78
f=716 in= gm=07 sub=03 fc=F2 room=78
f=717 in= gm=07 sub=03 fc=F3 room=78
f=718 in= gm=07 sub=03 fc=F4 room=78
f=719 in= gm=07 sub=03 fc=F5 room=78
f=720 in= gm=07 sub=03 fc=F6 room=78
f=721 in= gm=07 sub=03 fc=F7 room=78
f=722 in= gm=07 sub=03 fc=F8 room=78
f=723 in= gm=07 sub=03 fc=F9 room=78
f=724 in= gm=07 sub=03 fc=FA room=78
f=725 in= gm=07 sub=03 fc=FB room=78
f=726 in= gm=07 sub=03 fc=FC room=78
f=727 in= gm=07 sub=03 fc=FD room=78
f=728 in= gm=07 sub=03 fc=FE room=78
f=729 in= gm=07 sub=03 fc=FF room=78
f=730 in= gm=07 sub=03 fc=00 room=78
f=731 in= gm=07 sub=03 fc=01 room=78
f=732 in= gm=07 sub=03 fc=02 room=78
f=733 in= gm=07 sub=03 fc=03 room=78
f=734 in= gm=07 sub=03 fc=04 room=78
f=735 in= gm=07 sub=03 fc=05 room=78
f=736 in= gm=07 sub=03 fc=06 room=78
f=737 in= gm=07 sub=03 fc=07 room=78
f=738 in= gm=07 sub=03 fc=08 room=78
f=739 in= gm=07 sub=03 fc=09 room=78
f=740 in= gm=07 sub=03 fc=0A room=78
f=741 in= gm=07 sub=03 fc=0B room=78
f=742 in= gm=07 sub=03 fc=0C room=78
f=743 in= gm=07 sub=03 fc=0D room=78
f=744 in= gm=07 sub=04 fc=0E room=78
f=745 in= gm=07 sub=05 fc=0F room=78
f=746 in= gm=07 sub=06 fc=10 room=78
f=747 in= gm=04 sub=01 fc=11 room=78
f=748 in= gm=04 sub=02 fc=12 room=78
f=749 in= gm=04 sub=00 fc=13 room=78
f=750 in= gm=04 sub=00 fc=14 room=78
f=751 in= gm=05 sub=00 fc=15 room=78
f=752 in= gm=05 sub=00 fc=16 room=78
f=753 in= gm=05 sub=00 fc=17 room=78
f=754 in= gm=05 sub=00 fc=18 room=78
f=755 in= gm=05 sub=00 fc=19 room=78
f=756 in= gm=05 sub=00 fc=1A room=78
f=757 in= gm=05 sub=00 fc=1B room=78
f=758 in= gm=05 sub=00 fc=1C room=78
f=759 in= gm=05 sub=00 fc=1D room=78
f=760 in= gm=05 sub=00 fc=1E room=78
f=761 in= gm=05 sub=00 fc=1F room=78
f=762 in= gm=05 sub=00 fc=20 room=78
f=763 in= gm=05 sub=00 fc=21 room=78
f=764 in= gm=05 sub=00 fc=22 room=78
f=765 in= gm=05 sub=00 fc=23 room=78
f=766 in= gm=05 sub=00 fc=24 room=78
f=767 in= gm=05 sub=00 fc=25 room=78
f=768 in= gm=05 sub=00 fc=26 room=78
f=769 in= gm=05 sub=00 fc=27 room=78
f=770 in= gm=05 sub=00 fc=28 room=78
f=771 in= gm=05 sub=00 fc=29 room=78
f=772 in= gm=05 sub=00 fc=2A room=78
f=773 in= gm=05 sub=00 fc=2B room=78
f=774 in= gm=05 sub=00 fc=2C room=78
f=775 in= gm=05 sub=00 fc=2D room=78
f=776 in= gm=05 sub=00 fc=2E room=78
f=777 in= gm=05 sub=00 fc=2F room=78
f=778 in= gm=05 sub=00 fc=30 room=78
f=779 in= gm=05 sub=00 fc=31 room=78
f=780 in= gm=05 sub=00 fc=32 room=78
f=781 in= gm=05 sub=00 fc=33 room=78
f=782 in= gm=05 sub=00 fc=34 room=78
f=783 in= gm=05 sub=00 fc=35 room=78
f=784 in= gm=05 sub=00 fc=36 room=78
f=785 in= gm=05 sub=00 fc=37 room=78
f=786 in= gm=05 sub=00 fc=38 room=78
f=787 in= gm=05 sub=00 fc=39 room=78
f=788 in= gm=05 sub=00 fc=3A room=78
f=789 in= gm=05 sub=00 fc=3B room=78
f=790 in= gm=05 sub=00 fc=3C room=78
f=791 in= gm=05 sub=00 fc=3D room=78
f=792 in= gm=05 sub=00 fc=3E room=78
f=793 in= gm=05 sub=00 fc=3F room=78
f=794 in= gm=05 sub=00 fc=40 room=78
f=795 in= gm=05 sub=00 fc=41 room=78
f=796 in= gm=05 sub=00 fc=42 room=78
f=797 in= gm=05 sub=00 fc=43 room=78
f=798 in= gm=05 sub=00 fc=44 room=78
f=799 in= gm=05 sub=00 fc=45 room=78
f=800 in= gm=05 sub=00 fc=46 room=78
f=801 in= gm=05 sub=00 fc=47 room=78
f=802 in= gm=05 sub=00 fc=48 room=78
f=803 in= gm=05 sub=00 fc=49 room=78
f=804 in= gm=05 sub=00 fc=4A room=78
f=805 in= gm=05 sub=00 fc=4B room=78
f=806 in= gm=05 sub=00 fc=4C room=78
f=807 in= gm=05 sub=00 fc=4D room=78
f=808 in= gm=05 sub=00 fc=4E room=78
f=809 in= gm=05 sub=00 fc=4F room=78
f=810 in= gm=05 sub=00 fc=50 room=78
f=811 in= gm=05 sub=00 fc=51 room=78
f=812 in= gm=05 sub=00 fc=52 room=78
f=813 in= gm=05 sub=00 fc=53 room=78
f=814 in= gm=05 sub=00 fc=54 room=78
f=815 in= gm=05 sub=00 fc=55 room=78
f=816 in= gm=05 sub=00 fc=56 room=78
f=817 in= gm=05 sub=00 fc=57 room=78
f=818 in= gm=05 sub=00 fc=58 room=78
f=819 in= gm=05 sub=00 fc=59 room=78
f=820 in= gm=05 sub=00 fc=5A room=78
f=821 in= gm=05 sub=00 fc=5B room=78
f=822 in= gm=05 sub=00 fc=5C room=78
f=823 in= gm=05 sub=00 fc=5D room=78
f=824 in= gm=05 sub=00 fc=5E room=78
f=825 in= gm=05 sub=00 fc=5F room=78
f=826 in= gm=05 sub=00 fc=60 room=78
f=827 in= gm=05 sub=00 fc=61 room=78
f=828 in= gm=05 sub=00 fc=62 room=78
f=829 in= gm=05 sub=00 fc=63 room=78
f=830 in= gm=05 sub=00 fc=64 room=78
f=831 in= gm=05 sub=00 fc=65 room=78
f=832 in= gm=05 sub=00 fc=66 room=78
f=833 in= gm=05 sub=00 fc=67 room=78
f=834 in= gm=05 sub=00 fc=68 room=78
f=835 in= gm=05 sub=00 fc=69 room=78
f=836 in= gm=05 sub=00 fc=6A room=78
f=837 in= gm=05 sub=00 fc=6B room=78
f=838 in= gm=05 sub=00 fc=6C room=78
f=839 in= gm=05 sub=00 fc=6D room=78
f=840 in= gm=05 sub=00 fc=6E room=78
f=841 in= gm=05 sub=00 fc=6F room=78
f=842 in= gm=05 sub=00 fc=70 room=78
f=843 in= gm=05 sub=00 fc=71 room=78
f=844 in= gm=05 sub=00 fc=72 room=78
f=845 in= gm=05 sub=00 fc=73 room=78
f=846 in= gm=05 sub=00 fc=74 room=78
f=847 in= gm=05 sub=00 fc=75 room=78
f=848 in= gm=05 sub=00 fc=76 room=78
f=849 in= gm=05 sub=00 fc=77 room=78
f=850 in= gm=05 sub=00 fc=78 room=78
f=851 in= gm=05 sub=00 fc=79 room=78
f=852 in= gm=05 sub=00 fc=7A room=78
f=853 in= gm=05 sub=00 fc=7B room=78
f=854 in= gm=05 sub=00 fc=7C room=78
f=855 in= gm=05 sub=00 fc=7D room=78
f=856 in= gm=05 sub=00 fc=7E room=78
f=857 in= gm=05 sub=00 fc=7F room=78
f=858 in= gm=05 sub=00 fc=80 room=78
f=859 in= gm=05 sub=00 fc=81 room=78
f=860 in= gm=05 sub=00 fc=82 room=78
f=861 in= gm=05 sub=00 fc=83 room=78
f=862 in= gm=05 sub=00 fc=84 room=78
f=863 in= gm=05 sub=00 fc=85 room=78
f=864 in= gm=05 sub=00 fc=86 room=78
f=865 in= gm=05 sub=00 fc=87 room=78
f=866 in= gm=05 sub=00 fc=88 room=78
f=867 in= gm=05 sub=00 fc=89 room=78
f=868 in= gm=05 sub=00 fc=8A room=78
f=869 in= gm=05 sub=00 fc=8B room=78
stage at f=870
stage: room 78 link E8,8D slot11 64 at 40,A0 st 00 flags79 20
f=870 in=R gm=05 sub=00 fc=8C room=78
f=871 in=R gm=05 sub=00 fc=8D room=78
f=872 in=R gm=05 sub=00 fc=8E room=78
f=873 in=R gm=05 sub=00 fc=8F room=78
f=874 in=R gm=05 sub=00 fc=90 room=78
f=875 in=R gm=05 sub=00 fc=91 room=78
f=876 in=R gm=05 sub=00 fc=92 room=78
f=877 in=R gm=06 sub=00 fc=93 room=78
f=878 in=R gm=06 sub=00 fc=94 room=78
f=879 in=R gm=07 sub=00 fc=95 room=78
f=880 in=R gm=07 sub=01 fc=96 room=78
f=881 in=R gm=07 sub=02 fc=97 room=79
f=882 in=R gm=07 sub=02 fc=97 room=79
f=883 in=R gm=07 sub=02 fc=97 room=78
f=884 in=R gm=07 sub=02 fc=98 room=78
f=885 in=R gm=07 sub=02 fc=99 room=78
f=886 in=R gm=07 sub=02 fc=9A room=78
f=887 in=R gm=07 sub=02 fc=9B room=78
f=888 in=R gm=07 sub=02 fc=9C room=78
f=889 in=R gm=07 sub=02 fc=9D room=78
f=890 in=R gm=07 sub=02 fc=9E room=78
f=891 in=R gm=07 sub=02 fc=9F room=78
f=892 in=R gm=07 sub=02 fc=A0 room=78
f=893 in=R gm=07 sub=02 fc=A1 room=78
f=894 in=R gm=07 sub=02 fc=A2 room=78
f=895 in=R gm=07 sub=02 fc=A3 room=78
f=896 in=R gm=07 sub=02 fc=A4 room=78
f=897 in=R gm=07 sub=02 fc=A5 room=78
f=898 in=R gm=07 sub=02 fc=A6 room=78
f=899 in=R gm=07 sub=02 fc=A7 room=78
f=900 in=R gm=07 sub=02 fc=A8 room=78
f=901 in=R gm=07 sub=02 fc=A9 room=78
f=902 in=R gm=07 sub=02 fc=AA room=78
f=903 in=R gm=07 sub=02 fc=AB room=78
f=904 in=R gm=07 sub=02 fc=AC room=78
f=905 in=R gm=07 sub=03 fc=AD room=78
f=906 in=R gm=07 sub=04 fc=AE room=78
f=907 in=R gm=07 sub=05 fc=AF room=78
f=908 in=R gm=07 sub=00 fc=B0 room=79
f=909 in=R gm=07 sub=02 fc=B1 room=79
f=910 in=R gm=07 sub=03 fc=B2 room=79
f=911 in=R gm=07 sub=03 fc=B3 room=79
f=912 in=R gm=07 sub=03 fc=B4 room=79
f=913 in=R gm=07 sub=03 fc=B5 room=79
f=914 in=R gm=07 sub=03 fc=B6 room=79
f=915 in=R gm=07 sub=03 fc=B7 room=79
f=916 in=R gm=07 sub=03 fc=B8 room=79
f=917 in=R gm=07 sub=03 fc=B9 room=79
f=918 in=R gm=07 sub=03 fc=BA room=79
f=919 in=R gm=07 sub=03 fc=BB room=79
f=920 in=R gm=07 sub=03 fc=BC room=79
f=921 in=R gm=07 sub=03 fc=BD room=79
f=922 in=R gm=07 sub=03 fc=BE room=79
f=923 in=R gm=07 sub=03 fc=BF room=79
f=924 in=R gm=07 sub=03 fc=C0 room=79
f=925 in=R gm=07 sub=03 fc=C1 room=79
f=926 in=R gm=07 sub=03 fc=C2 room=79
f=927 in=R gm=07 sub=03 fc=C3 room=79
f=928 in=R gm=07 sub=03 fc=C4 room=79
f=929 in=R gm=07 sub=03 fc=C5 room=79
f=930 in= gm=07 sub=03 fc=C6 room=79
f=931 in= gm=07 sub=03 fc=C7 room=79
f=932 in= gm=07 sub=03 fc=C8 room=79
f=933 in= gm=07 sub=03 fc=C9 room=79
f=934 in= gm=07 sub=03 fc=CA room=79
f=935 in= gm=07 sub=03 fc=CB room=79
f=936 in= gm=07 sub=03 fc=CC room=79
f=937 in= gm=07 sub=03 fc=CD room=79
f=938 in= gm=07 sub=03 fc=CE room=79
f=939 in= gm=07 sub=03 fc=CF room=79
f=940 in= gm=07 sub=03 fc=D0 room=79
f=941 in= gm=07 sub=03 fc=D1 room=79
f=942 in= gm=07 sub=03 fc=D2 room=79
f=943 in= gm=07 sub=03 fc=D3 room=79
f=944 in= gm=07 sub=03 fc=D4 room=79
f=945 in= gm=07 sub=03 fc=D5 room=79
f=946 in= gm=07 sub=03 fc=D6 room=79
f=947 in= gm=07 sub=03 fc=D7 room=79
f=948 in= gm=07 sub=03 fc=D8 room=79
f=949 in= gm=07 sub=03 fc=D9 room=79
f=950 in= gm=07 sub=03 fc=DA room=79
f=951 in= gm=07 sub=03 fc=DB room=79
f=952 in= gm=07 sub=03 fc=DC room=79
f=953 in= gm=07 sub=03 fc=DD room=79
f=954 in= gm=07 sub=03 fc=DE room=79
f=955 in= gm=07 sub=03 fc=DF room=79
f=956 in= gm=07 sub=03 fc=E0 room=79
f=957 in= gm=07 sub=03 fc=E1 room=79
f=958 in= gm=07 sub=03 fc=E2 room=79
f=959 in= gm=07 sub=03 fc=E3 room=79
f=960 in= gm=07 sub=03 fc=E4 room=79
f=961 in= gm=07 sub=03 fc=E5 room=79
f=962 in= gm=07 sub=03 fc=E6 room=79
f=963 in= gm=07 sub=03 fc=E7 room=79
f=964 in= gm=07 sub=03 fc=E8 room=79
f=965 in= gm=07 sub=03 fc=E9 room=79
f=966 in= gm=07 sub=03 fc=EA room=79
f=967 in= gm=07 sub=03 fc=EB room=79
f=968 in= gm=07 sub=03 fc=EC room=79
f=969 in= gm=07 sub=03 fc=ED room=79
f=970 in= gm=07 sub=03 fc=EE room=79
f=971 in= gm=07 sub=03 fc=EF room=79
f=972 in= gm=07 sub=03 fc=F0 room=79
f=973 in= gm=07 sub=03 fc=F1 room=79
f=974 in= gm=07 sub=04 fc=F2 room=79
f=975 in= gm=07 sub=05 fc=F3 room=79
f=976 in= gm=07 sub=06 fc=F4 room=79
f=977 in= gm=04 sub=01 fc=F5 room=79
f=978 in= gm=04 sub=02 fc=F6 room=79
f=979 in= gm=04 sub=00 fc=F7 room=79
f=980 in= gm=04 sub=00 fc=F8 room=79
f=981 in= gm=05 sub=00 fc=F9 room=79
f=982 in= gm=05 sub=00 fc=FA room=79
f=983 in= gm=05 sub=00 fc=FB room=79
f=984 in= gm=05 sub=00 fc=FC room=79
f=985 in= gm=05 sub=00 fc=FD room=79
f=986 in= gm=05 sub=00 fc=FE room=79
f=987 in= gm=05 sub=00 fc=FF room=79
f=988 in= gm=05 sub=00 fc=00 room=79
f=989 in= gm=05 sub=00 fc=01 room=79
f=990 in= gm=05 sub=00 fc=02 room=79
f=991 in= gm=05 sub=00 fc=03 room=79
f=992 in= gm=05 sub=00 fc=04 room=79
f=993 in= gm=05 sub=00 fc=05 room=79
f=994 in= gm=05 sub=00 fc=06 room=79
f=995 in= gm=05 sub=00 fc=07 room=79
f=996 in= gm=05 sub=00 fc=08 room=79
f=997 in= gm=05 sub=00 fc=09 room=79
f=998 in= gm=05 sub=00 fc=0A room=79
f=999 in= gm=05 sub=00 fc=0B room=79
f=1000 in= gm=05 sub=00 fc=0C room=79
f=1001 in= gm=05 sub=00 fc=0D room=79
f=1002 in= gm=05 sub=00 fc=0E room=79
f=1003 in= gm=05 sub=00 fc=0F room=79
f=1004 in= gm=05 sub=00 fc=10 room=79
f=1005 in= gm=05 sub=00 fc=11 room=79
f=1006 in= gm=05 sub=00 fc=12 room=79
f=1007 in= gm=05 sub=00 fc=13 room=79
f=1008 in= gm=05 sub=00 fc=14 room=79
f=1009 in= gm=05 sub=00 fc=15 room=79
f=1010 in= gm=05 sub=00 fc=16 room=79
f=1011 in= gm=05 sub=00 fc=17 room=79
f=1012 in= gm=05 sub=00 fc=18 room=79
f=1013 in= gm=05 sub=00 fc=19 room=79
f=1014 in= gm=05 sub=00 fc=1A room=79
f=1015 in= gm=05 sub=00 fc=1B room=79
f=1016 in= gm=05 sub=00 fc=1C room=79
f=1017 in= gm=05 sub=00 fc=1D room=79
f=1018 in= gm=05 sub=00 fc=1E room=79
f=1019 in= gm=05 sub=00 fc=1F room=79
f=1020 in= gm=05 sub=00 fc=20 room=79
f=1021 in= gm=05 sub=00 fc=21 room=79
f=1022 in= gm=05 sub=00 fc=22 room=79
f=1023 in= gm=05 sub=00 fc=23 room=79
f=1024 in= gm=05 sub=00 fc=24 room=79
f=1025 in= gm=05 sub=00 fc=25 room=79
f=1026 in= gm=05 sub=00 fc=26 room=79
f=1027 in= gm=05 sub=00 fc=27 room=79
f=1028 in= gm=05 sub=00 fc=28 room=79
f=1029 in= gm=05 sub=00 fc=29 room=79
f=1030 in= gm=05 sub=00 fc=2A room=79
f=1031 in= gm=05 sub=00 fc=2B room=79
f=1032 in= gm=05 sub=00 fc=2C room=79
f=1033 in= gm=05 sub=00 fc=2D room=79
f=1034 in= gm=05 sub=00 fc=2E room=79
f=1035 in= gm=05 sub=00 fc=2F room=79
f=1036 in= gm=05 sub=00 fc=30 room=79
f=1037 in= gm=05 sub=00 fc=31 room=79
f=1038 in= gm=05 sub=00 fc=32 room=79
f=1039 in= gm=05 sub=00 fc=33 room=79
f=1040 in= gm=05 sub=00 fc=34 room=79
f=1041 in= gm=05 sub=00 fc=35 room=79
f=1042 in= gm=05 sub=00 fc=36 room=79
f=1043 in= gm=05 sub=00 fc=37 room=79
f=1044 in= gm=05 sub=00 fc=38 room=79
f=1045 in= gm=05 sub=00 fc=39 room=79
f=1046 in= gm=05 sub=00 fc=3A room=79
f=1047 in= gm=05 sub=00 fc=3B room=79
f=1048 in= gm=05 sub=00 fc=3C room=79
f=1049 in= gm=05 sub=00 fc=3D room=79
f=1050 in= gm=05 sub=00 fc=3E room=79
f=1051 in= gm=05 sub=00 fc=3F room=79
f=1052 in= gm=05 sub=00 fc=40 room=79
f=1053 in= gm=05 sub=00 fc=41 room=79
f=1054 in= gm=05 sub=00 fc=42 room=79
f=1055 in= gm=05 sub=00 fc=43 room=79
f=1056 in= gm=05 sub=00 fc=44 room=79
f=1057 in= gm=05 sub=00 fc=45 room=79
f=1058 in= gm=05 sub=00 fc=46 room=79
f=1059 in= gm=05 sub=00 fc=47 room=79
f=1060 in= gm=05 sub=00 fc=48 room=79
f=1061 in= gm=05 sub=00 fc=49 room=79
f=1062 in= gm=05 sub=00 fc=4A room=79
f=1063 in= gm=05 sub=00 fc=4B room=79
f=1064 in= gm=05 sub=00 fc=4C room=79
f=1065 in= gm=05 sub=00 fc=4D room=79
f=1066 in= gm=05 sub=00 fc=4E room=79
f=1067 in= gm=05 sub=00 fc=4F room=79
f=1068 in= gm=05 sub=00 fc=50 room=79
f=1069 in= gm=05 sub=00 fc=51 room=79
f=1070 in= gm=05 sub=00 fc=52 room=79
f=1071 in= gm=05 sub=00 fc=53 room=79
f=1072 in= gm=05 sub=00 fc=54 room=79
f=1073 in= gm=05 sub=00 fc=55 room=79
f=1074 in= gm=05 sub=00 fc=56 room=79
f=1075 in= gm=05 sub=00 fc=57 room=79
f=1076 in= gm=05 sub=00 fc=58 room=79
f=1077 in= gm=05 sub=00 fc=59 room=79
f=1078 in= gm=05 sub=00 fc=5A room=79
f=1079 in= gm=05 sub=00 fc=5B room=79
f=1080 in= gm=05 sub=00 fc=5C room=79
f=1081 in= gm=05 sub=00 fc=5D room=79
f=1082 in= gm=05 sub=00 fc=5E room=79
f=1083 in= gm=05 sub=00 fc=5F room=79
f=1084 in= gm=05 sub=00 fc=60 room=79
f=1085 in= gm=05 sub=00 fc=61 room=79
f=1086 in= gm=05 sub=00 fc=62 room=79
f=1087 in= gm=05 sub=00 fc=63 room=79
f=1088 in= gm=05 sub=00 fc=64 room=79
f=1089 in= gm=05 sub=00 fc=65 room=79
f=1090 in= gm=05 sub=00 fc=66 room=79
f=1091 in= gm=05 sub=00 fc=67 room=79
f=1092 in= gm=05 sub=00 fc=68 room=79
f=1093 in= gm=05 sub=00 fc=69 room=79
f=1094 in= gm=05 sub=00 fc=6A room=79
f=1095 in= gm=05 sub=00 fc=6B room=79
f=1096 in= gm=05 sub=00 fc=6C room=79
f=1097 in= gm=05 sub=00 fc=6D room=79
f=1098 in= gm=05 sub=00 fc=6E room=79
f=1099 in= gm=05 sub=00 fc=6F room=79
f=1100 in= gm=05 sub=00 fc=70 room=79
f=1101 in= gm=05 sub=00 fc=71 room=79
f=1102 in= gm=05 sub=00 fc=72 room=79
f=1103 in= gm=05 sub=00 fc=73 room=79
f=1104 in= gm=05 sub=00 fc=74 room=79
f=1105 in= gm=05 sub=00 fc=75 room=79
f=1106 in= gm=05 sub=00 fc=76 room=79
f=1107 in= gm=05 sub=00 fc=77 room=79
f=1108 in= gm=05 sub=00 fc=78 room=79
f=1109 in= gm=05 sub=00 fc=79 room=79
f=1110 in= gm=05 sub=00 fc=7A room=79
f=1111 in= gm=05 sub=00 fc=7B room=79
f=1112 in= gm=05 sub=00 fc=7C room=79
f=1113 in= gm=05 sub=00 fc=7D room=79
f=1114 in= gm=05 sub=00 fc=7E room=79
f=1115 in= gm=05 sub=00 fc=7F room=79
f=1116 in= gm=05 sub=00 fc=80 room=79
f=1117 in= gm=05 sub=00 fc=81 room=79
f=1118 in= gm=05 sub=00 fc=82 room=79
f=1119 in= gm=05 sub=00 fc=83 room=79
f=1120 in= gm=05 sub=00 fc=84 room=79
f=1121 in= gm=05 sub=00 fc=85 room=79
f=1122 in= gm=05 sub=00 fc=86 room=79
f=1123 in= gm=05 sub=00 fc=87 room=79
f=1124 in= gm=05 sub=00 fc=88 room=79
f=1125 in= gm=05 sub=00 fc=89 room=79
f=1126 in= gm=05 sub=00 fc=8A room=79
f=1127 in= gm=05 sub=00 fc=8B room=79
f=1128 in= gm=05 sub=00 fc=8C room=79
f=1129 in= gm=05 sub=00 fc=8D room=79
dump Battery RAM -> .wram (8192 bytes)
dump OAM -> .oam (256 bytes)
dump PALRAM -> .pal (32 bytes)
dump VRAM -> .chr (8192 bytes)
dump CIRAM (nametables) -> .nt (2048 bytes)
frames=1130
