system=NES ram=System Bus+0 save=Battery RAM domains=Battery RAM,CIRAM (nametables),OAM,PALRAM,PPU Bus,PRG ROM,System Bus,VRAM,WRAM preset=t050_pond_fairy
preset_bytes_written=443
sync_after_menu_frames=105 live_after=1 seeded=0
f=0 in= gm=05 sub=00 fc=2C room=77
f=1 in= gm=05 sub=00 fc=2D room=77
f=2 in= gm=05 sub=00 fc=2E room=77
f=3 in= gm=05 sub=00 fc=2F room=77
f=4 in= gm=05 sub=00 fc=30 room=77
f=5 in= gm=05 sub=00 fc=31 room=77
f=6 in= gm=05 sub=00 fc=32 room=77
f=7 in= gm=05 sub=00 fc=33 room=77
f=8 in= gm=05 sub=00 fc=34 room=77
f=9 in= gm=05 sub=00 fc=35 room=77
f=10 in= gm=05 sub=00 fc=36 room=77
f=11 in= gm=05 sub=00 fc=37 room=77
f=12 in= gm=05 sub=00 fc=38 room=77
f=13 in= gm=05 sub=00 fc=39 room=77
f=14 in= gm=05 sub=00 fc=3A room=77
f=15 in= gm=05 sub=00 fc=3B room=77
f=16 in= gm=05 sub=00 fc=3C room=77
f=17 in= gm=05 sub=00 fc=3D room=77
f=18 in= gm=05 sub=00 fc=3E room=77
f=19 in= gm=05 sub=00 fc=3F room=77
f=20 in= gm=05 sub=00 fc=40 room=77
f=21 in= gm=05 sub=00 fc=41 room=77
f=22 in= gm=05 sub=00 fc=42 room=77
f=23 in= gm=05 sub=00 fc=43 room=77
f=24 in= gm=05 sub=00 fc=44 room=77
f=25 in= gm=05 sub=00 fc=45 room=77
f=26 in= gm=05 sub=00 fc=46 room=77
f=27 in= gm=05 sub=00 fc=47 room=77
f=28 in= gm=05 sub=00 fc=48 room=77
f=29 in= gm=05 sub=00 fc=49 room=77
f=30 in=R gm=05 sub=00 fc=4A room=77
f=31 in=R gm=05 sub=00 fc=4B room=77
f=32 in=R gm=05 sub=00 fc=4C room=77
f=33 in=R gm=05 sub=00 fc=4D room=77
f=34 in=R gm=05 sub=00 fc=4E room=77
f=35 in=R gm=05 sub=00 fc=4F room=77
f=36 in=R gm=05 sub=00 fc=50 room=77
f=37 in=R gm=05 sub=00 fc=51 room=77
f=38 in=R gm=05 sub=00 fc=52 room=77
f=39 in=R gm=05 sub=00 fc=53 room=77
f=40 in=R gm=05 sub=00 fc=54 room=77
f=41 in=R gm=05 sub=00 fc=55 room=77
f=42 in=R gm=05 sub=00 fc=56 room=77
f=43 in=R gm=05 sub=00 fc=57 room=77
f=44 in=R gm=05 sub=00 fc=58 room=77
f=45 in=R gm=05 sub=00 fc=59 room=77
f=46 in=R gm=05 sub=00 fc=5A room=77
f=47 in=R gm=05 sub=00 fc=5B room=77
f=48 in=R gm=05 sub=00 fc=5C room=77
f=49 in=R gm=05 sub=00 fc=5D room=77
f=50 in=R gm=05 sub=00 fc=5E room=77
f=51 in=R gm=05 sub=00 fc=5F room=77
f=52 in=R gm=05 sub=00 fc=60 room=77
f=53 in=R gm=05 sub=00 fc=61 room=77
f=54 in=R gm=05 sub=00 fc=62 room=77
f=55 in=R gm=05 sub=00 fc=63 room=77
f=56 in=R gm=05 sub=00 fc=64 room=77
f=57 in=R gm=05 sub=00 fc=65 room=77
f=58 in=R gm=05 sub=00 fc=66 room=77
f=59 in=R gm=05 sub=00 fc=67 room=77
f=60 in=R gm=05 sub=00 fc=68 room=77
f=61 in=R gm=05 sub=00 fc=69 room=77
f=62 in=R gm=05 sub=00 fc=6A room=77
f=63 in=R gm=05 sub=00 fc=6B room=77
f=64 in=R gm=05 sub=00 fc=6C room=77
f=65 in=R gm=05 sub=00 fc=6D room=77
f=66 in=R gm=05 sub=00 fc=6E room=77
f=67 in=R gm=05 sub=00 fc=6F room=77
f=68 in=R gm=05 sub=00 fc=70 room=77
f=69 in=R gm=05 sub=00 fc=71 room=77
f=70 in=R gm=05 sub=00 fc=72 room=77
f=71 in=R gm=05 sub=00 fc=73 room=77
f=72 in=R gm=05 sub=00 fc=74 room=77
f=73 in=R gm=05 sub=00 fc=75 room=77
f=74 in=R gm=05 sub=00 fc=76 room=77
f=75 in=R gm=05 sub=00 fc=77 room=77
f=76 in=R gm=05 sub=00 fc=78 room=77
f=77 in=R gm=05 sub=00 fc=79 room=77
f=78 in=R gm=05 sub=00 fc=7A room=77
f=79 in=R gm=05 sub=00 fc=7B room=77
f=80 in=R gm=05 sub=00 fc=7C room=77
f=81 in=R gm=05 sub=00 fc=7D room=77
f=82 in=R gm=05 sub=00 fc=7E room=77
f=83 in=R gm=05 sub=00 fc=7F room=77
f=84 in=R gm=05 sub=00 fc=80 room=77
f=85 in=R gm=05 sub=00 fc=81 room=77
f=86 in=R gm=05 sub=00 fc=82 room=77
f=87 in=R gm=05 sub=00 fc=83 room=77
f=88 in=R gm=05 sub=00 fc=84 room=77
f=89 in=R gm=05 sub=00 fc=85 room=77
f=90 in=R gm=05 sub=00 fc=86 room=77
f=91 in=R gm=05 sub=00 fc=87 room=77
f=92 in=R gm=05 sub=00 fc=88 room=77
f=93 in=R gm=05 sub=00 fc=89 room=77
f=94 in=R gm=05 sub=00 fc=8A room=77
f=95 in=R gm=05 sub=00 fc=8B room=77
f=96 in=R gm=05 sub=00 fc=8C room=77
f=97 in=R gm=05 sub=00 fc=8D room=77
f=98 in=R gm=05 sub=00 fc=8E room=77
f=99 in=R gm=05 sub=00 fc=8F room=77
f=100 in=R gm=05 sub=00 fc=90 room=77
f=101 in=R gm=05 sub=00 fc=91 room=77
f=102 in=R gm=05 sub=00 fc=92 room=77
f=103 in=R gm=05 sub=00 fc=93 room=77
f=104 in=R gm=05 sub=00 fc=94 room=77
f=105 in=R gm=05 sub=00 fc=95 room=77
f=106 in=R gm=05 sub=00 fc=96 room=77
f=107 in=R gm=05 sub=00 fc=97 room=77
f=108 in=R gm=05 sub=00 fc=98 room=77
f=109 in=R gm=05 sub=00 fc=99 room=77
f=110 in=R gm=05 sub=00 fc=9A room=77
f=111 in=R gm=05 sub=00 fc=9B room=77
f=112 in=R gm=05 sub=00 fc=9C room=77
f=113 in=R gm=05 sub=00 fc=9D room=77
f=114 in=R gm=05 sub=00 fc=9E room=77
f=115 in=R gm=05 sub=00 fc=9F room=77
f=116 in=R gm=05 sub=00 fc=A0 room=77
f=117 in=R gm=05 sub=00 fc=A1 room=77
f=118 in=R gm=05 sub=00 fc=A2 room=77
f=119 in=R gm=05 sub=00 fc=A3 room=77
f=120 in=R gm=05 sub=00 fc=A4 room=77
f=121 in=R gm=06 sub=00 fc=A5 room=77
f=122 in=R gm=06 sub=00 fc=A6 room=77
f=123 in=R gm=07 sub=00 fc=A7 room=77
f=124 in=R gm=07 sub=01 fc=A8 room=77
f=125 in=R gm=07 sub=02 fc=A9 room=78
f=126 in=R gm=07 sub=02 fc=A9 room=78
f=127 in=R gm=07 sub=02 fc=A9 room=77
f=128 in=R gm=07 sub=02 fc=AA room=77
f=129 in=R gm=07 sub=02 fc=AB room=77
f=130 in=R gm=07 sub=02 fc=AC room=77
f=131 in=R gm=07 sub=02 fc=AD room=77
f=132 in=R gm=07 sub=02 fc=AE room=77
f=133 in=R gm=07 sub=02 fc=AF room=77
f=134 in=R gm=07 sub=02 fc=B0 room=77
f=135 in=R gm=07 sub=02 fc=B1 room=77
f=136 in=R gm=07 sub=02 fc=B2 room=77
f=137 in=R gm=07 sub=02 fc=B3 room=77
f=138 in=R gm=07 sub=02 fc=B4 room=77
f=139 in=R gm=07 sub=02 fc=B5 room=77
f=140 in=R gm=07 sub=02 fc=B6 room=77
f=141 in=R gm=07 sub=02 fc=B7 room=77
f=142 in=R gm=07 sub=02 fc=B8 room=77
f=143 in=R gm=07 sub=02 fc=B9 room=77
f=144 in=R gm=07 sub=02 fc=BA room=77
f=145 in=R gm=07 sub=02 fc=BB room=77
f=146 in=R gm=07 sub=02 fc=BC room=77
f=147 in=R gm=07 sub=02 fc=BD room=77
f=148 in=R gm=07 sub=02 fc=BE room=77
f=149 in=R gm=07 sub=03 fc=BF room=77
f=150 in=R gm=07 sub=04 fc=C0 room=77
f=151 in=R gm=07 sub=05 fc=C1 room=77
f=152 in=R gm=07 sub=00 fc=C2 room=78
f=153 in=R gm=07 sub=02 fc=C3 room=78
f=154 in=R gm=07 sub=03 fc=C4 room=78
f=155 in=R gm=07 sub=03 fc=C5 room=78
f=156 in=R gm=07 sub=03 fc=C6 room=78
f=157 in=R gm=07 sub=03 fc=C7 room=78
f=158 in=R gm=07 sub=03 fc=C8 room=78
f=159 in=R gm=07 sub=03 fc=C9 room=78
f=160 in=R gm=07 sub=03 fc=CA room=78
f=161 in=R gm=07 sub=03 fc=CB room=78
f=162 in=R gm=07 sub=03 fc=CC room=78
f=163 in=R gm=07 sub=03 fc=CD room=78
f=164 in=R gm=07 sub=03 fc=CE room=78
f=165 in=R gm=07 sub=03 fc=CF room=78
f=166 in=R gm=07 sub=03 fc=D0 room=78
f=167 in=R gm=07 sub=03 fc=D1 room=78
f=168 in=R gm=07 sub=03 fc=D2 room=78
f=169 in=R gm=07 sub=03 fc=D3 room=78
f=170 in=R gm=07 sub=03 fc=D4 room=78
f=171 in=R gm=07 sub=03 fc=D5 room=78
f=172 in=R gm=07 sub=03 fc=D6 room=78
f=173 in=R gm=07 sub=03 fc=D7 room=78
f=174 in=R gm=07 sub=03 fc=D8 room=78
f=175 in=R gm=07 sub=03 fc=D9 room=78
f=176 in=R gm=07 sub=03 fc=DA room=78
f=177 in=R gm=07 sub=03 fc=DB room=78
f=178 in=R gm=07 sub=03 fc=DC room=78
f=179 in=R gm=07 sub=03 fc=DD room=78
f=180 in=R gm=07 sub=03 fc=DE room=78
f=181 in=R gm=07 sub=03 fc=DF room=78
f=182 in=R gm=07 sub=03 fc=E0 room=78
f=183 in=R gm=07 sub=03 fc=E1 room=78
f=184 in=R gm=07 sub=03 fc=E2 room=78
f=185 in=R gm=07 sub=03 fc=E3 room=78
f=186 in=R gm=07 sub=03 fc=E4 room=78
f=187 in=R gm=07 sub=03 fc=E5 room=78
f=188 in=R gm=07 sub=03 fc=E6 room=78
f=189 in=R gm=07 sub=03 fc=E7 room=78
f=190 in=R gm=07 sub=03 fc=E8 room=78
f=191 in=R gm=07 sub=03 fc=E9 room=78
f=192 in=R gm=07 sub=03 fc=EA room=78
f=193 in=R gm=07 sub=03 fc=EB room=78
f=194 in=R gm=07 sub=03 fc=EC room=78
f=195 in=R gm=07 sub=03 fc=ED room=78
f=196 in=R gm=07 sub=03 fc=EE room=78
f=197 in=R gm=07 sub=03 fc=EF room=78
f=198 in=R gm=07 sub=03 fc=F0 room=78
f=199 in=R gm=07 sub=03 fc=F1 room=78
f=200 in=R gm=07 sub=03 fc=F2 room=78
f=201 in=R gm=07 sub=03 fc=F3 room=78
f=202 in=R gm=07 sub=03 fc=F4 room=78
f=203 in=R gm=07 sub=03 fc=F5 room=78
f=204 in=R gm=07 sub=03 fc=F6 room=78
f=205 in=R gm=07 sub=03 fc=F7 room=78
f=206 in=R gm=07 sub=03 fc=F8 room=78
f=207 in=R gm=07 sub=03 fc=F9 room=78
f=208 in=R gm=07 sub=03 fc=FA room=78
f=209 in=R gm=07 sub=03 fc=FB room=78
f=210 in=R gm=07 sub=03 fc=FC room=78
f=211 in=R gm=07 sub=03 fc=FD room=78
f=212 in=R gm=07 sub=03 fc=FE room=78
f=213 in=R gm=07 sub=03 fc=FF room=78
f=214 in=R gm=07 sub=03 fc=00 room=78
f=215 in=R gm=07 sub=03 fc=01 room=78
f=216 in=R gm=07 sub=03 fc=02 room=78
f=217 in=R gm=07 sub=03 fc=03 room=78
f=218 in=R gm=07 sub=04 fc=04 room=78
f=219 in=R gm=07 sub=05 fc=05 room=78
f=220 in=R gm=07 sub=06 fc=06 room=78
f=221 in=R gm=04 sub=01 fc=07 room=78
f=222 in=R gm=04 sub=02 fc=08 room=78
f=223 in=R gm=04 sub=00 fc=09 room=78
f=224 in=R gm=04 sub=00 fc=0A room=78
f=225 in=R gm=05 sub=00 fc=0B room=78
f=226 in=R gm=05 sub=00 fc=0C room=78
f=227 in=R gm=05 sub=00 fc=0D room=78
f=228 in=R gm=05 sub=00 fc=0E room=78
f=229 in=R gm=05 sub=00 fc=0F room=78
f=230 in=R gm=05 sub=00 fc=10 room=78
f=231 in=R gm=05 sub=00 fc=11 room=78
f=232 in=R gm=05 sub=00 fc=12 room=78
f=233 in=R gm=05 sub=00 fc=13 room=78
f=234 in=R gm=05 sub=00 fc=14 room=78
f=235 in=R gm=05 sub=00 fc=15 room=78
f=236 in=R gm=05 sub=00 fc=16 room=78
f=237 in=R gm=05 sub=00 fc=17 room=78
f=238 in=R gm=05 sub=00 fc=18 room=78
f=239 in=R gm=05 sub=00 fc=19 room=78
f=240 in=R gm=05 sub=00 fc=1A room=78
f=241 in=R gm=05 sub=00 fc=1B room=78
f=242 in=R gm=05 sub=00 fc=1C room=78
f=243 in=R gm=05 sub=00 fc=1D room=78
f=244 in=R gm=05 sub=00 fc=1E room=78
f=245 in=R gm=05 sub=00 fc=1F room=78
f=246 in=R gm=05 sub=00 fc=20 room=78
f=247 in=R gm=05 sub=00 fc=21 room=78
f=248 in=R gm=05 sub=00 fc=22 room=78
f=249 in=R gm=05 sub=00 fc=23 room=78
f=250 in=R gm=05 sub=00 fc=24 room=78
f=251 in=R gm=05 sub=00 fc=25 room=78
f=252 in=R gm=05 sub=00 fc=26 room=78
f=253 in=R gm=05 sub=00 fc=27 room=78
f=254 in=R gm=05 sub=00 fc=28 room=78
f=255 in=R gm=05 sub=00 fc=29 room=78
f=256 in=R gm=05 sub=00 fc=2A room=78
f=257 in=R gm=05 sub=00 fc=2B room=78
f=258 in=R gm=05 sub=00 fc=2C room=78
f=259 in=R gm=05 sub=00 fc=2D room=78
f=260 in=R gm=05 sub=00 fc=2E room=78
f=261 in=R gm=05 sub=00 fc=2F room=78
f=262 in=R gm=05 sub=00 fc=30 room=78
f=263 in=R gm=05 sub=00 fc=31 room=78
f=264 in=R gm=05 sub=00 fc=32 room=78
f=265 in=R gm=05 sub=00 fc=33 room=78
f=266 in=R gm=05 sub=00 fc=34 room=78
f=267 in=R gm=05 sub=00 fc=35 room=78
f=268 in=R gm=05 sub=00 fc=36 room=78
f=269 in=R gm=05 sub=00 fc=37 room=78
f=270 in=R gm=05 sub=00 fc=38 room=78
f=271 in=R gm=05 sub=00 fc=39 room=78
f=272 in=R gm=05 sub=00 fc=3A room=78
f=273 in=R gm=05 sub=00 fc=3B room=78
f=274 in=R gm=05 sub=00 fc=3C room=78
f=275 in=R gm=05 sub=00 fc=3D room=78
f=276 in=R gm=05 sub=00 fc=3E room=78
f=277 in=R gm=05 sub=00 fc=3F room=78
f=278 in=R gm=05 sub=00 fc=40 room=78
f=279 in=R gm=05 sub=00 fc=41 room=78
f=280 in= gm=05 sub=00 fc=42 room=78
f=281 in= gm=05 sub=00 fc=43 room=78
f=282 in= gm=05 sub=00 fc=44 room=78
f=283 in= gm=05 sub=00 fc=45 room=78
f=284 in= gm=05 sub=00 fc=46 room=78
f=285 in= gm=05 sub=00 fc=47 room=78
f=286 in= gm=05 sub=00 fc=48 room=78
f=287 in= gm=05 sub=00 fc=49 room=78
f=288 in= gm=05 sub=00 fc=4A room=78
f=289 in= gm=05 sub=00 fc=4B room=78
f=290 in= gm=05 sub=00 fc=4C room=78
f=291 in= gm=05 sub=00 fc=4D room=78
f=292 in= gm=05 sub=00 fc=4E room=78
f=293 in= gm=05 sub=00 fc=4F room=78
f=294 in= gm=05 sub=00 fc=50 room=78
f=295 in= gm=05 sub=00 fc=51 room=78
f=296 in= gm=05 sub=00 fc=52 room=78
f=297 in= gm=05 sub=00 fc=53 room=78
f=298 in= gm=05 sub=00 fc=54 room=78
f=299 in= gm=05 sub=00 fc=55 room=78
stage at f=300
stage: room 78 link 70,3D hearts 20/80 s1 07
f=300 in=U gm=05 sub=00 fc=56 room=78
f=301 in=U gm=06 sub=00 fc=57 room=78
f=302 in=U gm=06 sub=00 fc=58 room=78
f=303 in=U gm=07 sub=00 fc=59 room=78
f=304 in=U gm=07 sub=01 fc=5A room=78
f=305 in=U gm=07 sub=02 fc=5B room=78
f=306 in=U gm=07 sub=02 fc=5C room=78
f=307 in=U gm=07 sub=02 fc=5D room=78
f=308 in=U gm=07 sub=02 fc=5E room=78
f=309 in=U gm=07 sub=02 fc=5F room=78
f=310 in=U gm=07 sub=02 fc=60 room=78
f=311 in=U gm=07 sub=02 fc=61 room=78
f=312 in=U gm=07 sub=02 fc=62 room=78
f=313 in=U gm=07 sub=02 fc=63 room=78
f=314 in=U gm=07 sub=02 fc=64 room=78
f=315 in=U gm=07 sub=02 fc=65 room=78
f=316 in=U gm=07 sub=02 fc=66 room=78
f=317 in=U gm=07 sub=02 fc=67 room=78
f=318 in=U gm=07 sub=02 fc=68 room=78
f=319 in=U gm=07 sub=02 fc=69 room=78
f=320 in=U gm=07 sub=02 fc=6A room=78
f=321 in=U gm=07 sub=02 fc=6B room=78
f=322 in=U gm=07 sub=02 fc=6C room=78
f=323 in=U gm=07 sub=02 fc=6D room=78
f=324 in=U gm=07 sub=02 fc=6E room=78
f=325 in=U gm=07 sub=02 fc=6F room=78
f=326 in=U gm=07 sub=02 fc=70 room=78
f=327 in=U gm=07 sub=03 fc=71 room=78
f=328 in=U gm=07 sub=04 fc=72 room=78
f=329 in=U gm=07 sub=05 fc=73 room=78
f=330 in=U gm=07 sub=05 fc=74 room=68
f=331 in=U gm=07 sub=05 fc=74 room=68
f=332 in=U gm=07 sub=00 fc=74 room=68
f=333 in=U gm=07 sub=01 fc=75 room=68
f=334 in=U gm=07 sub=02 fc=76 room=68
f=335 in=U gm=07 sub=03 fc=77 room=68
f=336 in=U gm=07 sub=03 fc=78 room=68
f=337 in=U gm=07 sub=03 fc=79 room=68
f=338 in=U gm=07 sub=03 fc=7A room=68
f=339 in=U gm=07 sub=03 fc=7B room=68
f=340 in= gm=07 sub=03 fc=7C room=68
f=341 in= gm=07 sub=03 fc=7D room=68
f=342 in= gm=07 sub=03 fc=7E room=68
f=343 in= gm=07 sub=03 fc=7F room=68
f=344 in= gm=07 sub=03 fc=80 room=68
f=345 in= gm=07 sub=03 fc=81 room=68
f=346 in= gm=07 sub=03 fc=82 room=68
f=347 in= gm=07 sub=03 fc=83 room=68
f=348 in= gm=07 sub=03 fc=84 room=68
f=349 in= gm=07 sub=03 fc=85 room=68
f=350 in= gm=07 sub=03 fc=86 room=68
f=351 in= gm=07 sub=03 fc=87 room=68
f=352 in= gm=07 sub=03 fc=88 room=68
f=353 in= gm=07 sub=03 fc=89 room=68
f=354 in= gm=07 sub=03 fc=8A room=68
f=355 in= gm=07 sub=03 fc=8B room=68
f=356 in= gm=07 sub=03 fc=8C room=68
f=357 in= gm=07 sub=03 fc=8D room=68
f=358 in= gm=07 sub=03 fc=8E room=68
f=359 in= gm=07 sub=03 fc=8F room=68
f=360 in= gm=07 sub=03 fc=90 room=68
f=361 in= gm=07 sub=03 fc=91 room=68
f=362 in= gm=07 sub=03 fc=92 room=68
f=363 in= gm=07 sub=03 fc=93 room=68
f=364 in= gm=07 sub=03 fc=94 room=68
f=365 in= gm=07 sub=03 fc=95 room=68
f=366 in= gm=07 sub=03 fc=96 room=68
f=367 in= gm=07 sub=03 fc=97 room=68
f=368 in= gm=07 sub=03 fc=98 room=68
f=369 in= gm=07 sub=03 fc=99 room=68
f=370 in= gm=07 sub=03 fc=9A room=68
f=371 in= gm=07 sub=03 fc=9B room=68
f=372 in= gm=07 sub=03 fc=9C room=68
f=373 in= gm=07 sub=03 fc=9D room=68
f=374 in= gm=07 sub=03 fc=9E room=68
f=375 in= gm=07 sub=03 fc=9F room=68
f=376 in= gm=07 sub=03 fc=A0 room=68
f=377 in= gm=07 sub=03 fc=A1 room=68
f=378 in= gm=07 sub=03 fc=A2 room=68
f=379 in= gm=07 sub=03 fc=A3 room=68
f=380 in= gm=07 sub=04 fc=A4 room=68
f=381 in= gm=07 sub=06 fc=A5 room=68
f=382 in= gm=04 sub=01 fc=A6 room=68
f=383 in= gm=04 sub=02 fc=A7 room=68
f=384 in= gm=04 sub=00 fc=A8 room=68
f=385 in= gm=04 sub=00 fc=A9 room=68
f=386 in= gm=05 sub=00 fc=AA room=68
f=387 in= gm=05 sub=00 fc=AB room=68
f=388 in= gm=05 sub=00 fc=AC room=68
f=389 in= gm=05 sub=00 fc=AD room=68
f=390 in= gm=05 sub=00 fc=AE room=68
f=391 in= gm=05 sub=00 fc=AF room=68
f=392 in= gm=05 sub=00 fc=B0 room=68
f=393 in= gm=05 sub=00 fc=B1 room=68
f=394 in= gm=05 sub=00 fc=B2 room=68
f=395 in= gm=05 sub=00 fc=B3 room=68
f=396 in= gm=05 sub=00 fc=B4 room=68
f=397 in= gm=05 sub=00 fc=B5 room=68
f=398 in= gm=05 sub=00 fc=B6 room=68
f=399 in= gm=05 sub=00 fc=B7 room=68
f=400 in= gm=05 sub=00 fc=B8 room=68
f=401 in= gm=05 sub=00 fc=B9 room=68
f=402 in= gm=05 sub=00 fc=BA room=68
f=403 in= gm=05 sub=00 fc=BB room=68
f=404 in= gm=05 sub=00 fc=BC room=68
f=405 in= gm=05 sub=00 fc=BD room=68
f=406 in= gm=05 sub=00 fc=BE room=68
f=407 in= gm=05 sub=00 fc=BF room=68
f=408 in= gm=05 sub=00 fc=C0 room=68
f=409 in= gm=05 sub=00 fc=C1 room=68
f=410 in= gm=05 sub=00 fc=C2 room=68
f=411 in= gm=05 sub=00 fc=C3 room=68
f=412 in= gm=05 sub=00 fc=C4 room=68
f=413 in= gm=05 sub=00 fc=C5 room=68
f=414 in= gm=05 sub=00 fc=C6 room=68
f=415 in= gm=05 sub=00 fc=C7 room=68
f=416 in= gm=05 sub=00 fc=C8 room=68
f=417 in= gm=05 sub=00 fc=C9 room=68
f=418 in= gm=05 sub=00 fc=CA room=68
f=419 in= gm=05 sub=00 fc=CB room=68
f=420 in= gm=05 sub=00 fc=CC room=68
f=421 in= gm=05 sub=00 fc=CD room=68
f=422 in= gm=05 sub=00 fc=CE room=68
f=423 in= gm=05 sub=00 fc=CF room=68
f=424 in= gm=05 sub=00 fc=D0 room=68
f=425 in= gm=05 sub=00 fc=D1 room=68
f=426 in= gm=05 sub=00 fc=D2 room=68
f=427 in= gm=05 sub=00 fc=D3 room=68
f=428 in= gm=05 sub=00 fc=D4 room=68
f=429 in= gm=05 sub=00 fc=D5 room=68
f=430 in= gm=05 sub=00 fc=D6 room=68
f=431 in= gm=05 sub=00 fc=D7 room=68
f=432 in= gm=05 sub=00 fc=D8 room=68
f=433 in= gm=05 sub=00 fc=D9 room=68
f=434 in= gm=05 sub=00 fc=DA room=68
f=435 in= gm=05 sub=00 fc=DB room=68
f=436 in= gm=05 sub=00 fc=DC room=68
f=437 in= gm=05 sub=00 fc=DD room=68
f=438 in= gm=05 sub=00 fc=DE room=68
f=439 in= gm=05 sub=00 fc=DF room=68
f=440 in= gm=05 sub=00 fc=E0 room=68
f=441 in= gm=05 sub=00 fc=E1 room=68
f=442 in= gm=05 sub=00 fc=E2 room=68
f=443 in= gm=05 sub=00 fc=E3 room=68
f=444 in= gm=05 sub=00 fc=E4 room=68
f=445 in= gm=05 sub=00 fc=E5 room=68
f=446 in= gm=05 sub=00 fc=E6 room=68
f=447 in= gm=05 sub=00 fc=E7 room=68
f=448 in= gm=05 sub=00 fc=E8 room=68
f=449 in= gm=05 sub=00 fc=E9 room=68
f=450 in= gm=05 sub=00 fc=EA room=68
f=451 in= gm=05 sub=00 fc=EB room=68
f=452 in= gm=05 sub=00 fc=EC room=68
f=453 in= gm=05 sub=00 fc=ED room=68
f=454 in= gm=05 sub=00 fc=EE room=68
f=455 in= gm=05 sub=00 fc=EF room=68
f=456 in= gm=05 sub=00 fc=F0 room=68
f=457 in= gm=05 sub=00 fc=F1 room=68
f=458 in= gm=05 sub=00 fc=F2 room=68
f=459 in= gm=05 sub=00 fc=F3 room=68
f=460 in= gm=05 sub=00 fc=F4 room=68
f=461 in= gm=05 sub=00 fc=F5 room=68
f=462 in= gm=05 sub=00 fc=F6 room=68
f=463 in= gm=05 sub=00 fc=F7 room=68
f=464 in= gm=05 sub=00 fc=F8 room=68
f=465 in= gm=05 sub=00 fc=F9 room=68
f=466 in= gm=05 sub=00 fc=FA room=68
f=467 in= gm=05 sub=00 fc=FB room=68
f=468 in= gm=05 sub=00 fc=FC room=68
f=469 in= gm=05 sub=00 fc=FD room=68
f=470 in= gm=05 sub=00 fc=FE room=68
f=471 in= gm=05 sub=00 fc=FF room=68
f=472 in= gm=05 sub=00 fc=00 room=68
f=473 in= gm=05 sub=00 fc=01 room=68
f=474 in= gm=05 sub=00 fc=02 room=68
f=475 in= gm=05 sub=00 fc=03 room=68
f=476 in= gm=05 sub=00 fc=04 room=68
f=477 in= gm=05 sub=00 fc=05 room=68
f=478 in= gm=05 sub=00 fc=06 room=68
f=479 in= gm=05 sub=00 fc=07 room=68
f=480 in= gm=05 sub=00 fc=08 room=68
f=481 in= gm=05 sub=00 fc=09 room=68
f=482 in= gm=05 sub=00 fc=0A room=68
f=483 in= gm=05 sub=00 fc=0B room=68
f=484 in= gm=05 sub=00 fc=0C room=68
f=485 in= gm=05 sub=00 fc=0D room=68
f=486 in= gm=05 sub=00 fc=0E room=68
f=487 in= gm=05 sub=00 fc=0F room=68
f=488 in= gm=05 sub=00 fc=10 room=68
f=489 in= gm=05 sub=00 fc=11 room=68
f=490 in= gm=05 sub=00 fc=12 room=68
f=491 in= gm=05 sub=00 fc=13 room=68
f=492 in= gm=05 sub=00 fc=14 room=68
f=493 in= gm=05 sub=00 fc=15 room=68
f=494 in= gm=05 sub=00 fc=16 room=68
f=495 in= gm=05 sub=00 fc=17 room=68
f=496 in= gm=05 sub=00 fc=18 room=68
f=497 in= gm=05 sub=00 fc=19 room=68
f=498 in= gm=05 sub=00 fc=1A room=68
f=499 in= gm=05 sub=00 fc=1B room=68
stage at f=500
stage: room 68 link F0,8D hearts 20/80 s1 07
f=500 in=R gm=05 sub=00 fc=1C room=68
f=501 in=R gm=06 sub=00 fc=1D room=68
f=502 in=R gm=06 sub=00 fc=1E room=68
f=503 in=R gm=07 sub=00 fc=1F room=68
f=504 in=R gm=07 sub=01 fc=20 room=68
f=505 in=R gm=07 sub=02 fc=21 room=69
f=506 in=R gm=07 sub=02 fc=21 room=69
f=507 in=R gm=07 sub=02 fc=21 room=68
f=508 in=R gm=07 sub=02 fc=22 room=68
f=509 in=R gm=07 sub=02 fc=23 room=68
f=510 in=R gm=07 sub=02 fc=24 room=68
f=511 in=R gm=07 sub=02 fc=25 room=68
f=512 in=R gm=07 sub=02 fc=26 room=68
f=513 in=R gm=07 sub=02 fc=27 room=68
f=514 in=R gm=07 sub=02 fc=28 room=68
f=515 in=R gm=07 sub=02 fc=29 room=68
f=516 in=R gm=07 sub=02 fc=2A room=68
f=517 in=R gm=07 sub=02 fc=2B room=68
f=518 in=R gm=07 sub=02 fc=2C room=68
f=519 in=R gm=07 sub=02 fc=2D room=68
f=520 in=R gm=07 sub=02 fc=2E room=68
f=521 in=R gm=07 sub=02 fc=2F room=68
f=522 in=R gm=07 sub=02 fc=30 room=68
f=523 in=R gm=07 sub=02 fc=31 room=68
f=524 in=R gm=07 sub=02 fc=32 room=68
f=525 in=R gm=07 sub=02 fc=33 room=68
f=526 in=R gm=07 sub=02 fc=34 room=68
f=527 in=R gm=07 sub=02 fc=35 room=68
f=528 in=R gm=07 sub=02 fc=36 room=68
f=529 in=R gm=07 sub=03 fc=37 room=68
f=530 in=R gm=07 sub=04 fc=38 room=68
f=531 in=R gm=07 sub=05 fc=39 room=68
f=532 in=R gm=07 sub=00 fc=3A room=69
f=533 in=R gm=07 sub=02 fc=3B room=69
f=534 in=R gm=07 sub=03 fc=3C room=69
f=535 in=R gm=07 sub=03 fc=3D room=69
f=536 in=R gm=07 sub=03 fc=3E room=69
f=537 in=R gm=07 sub=03 fc=3F room=69
f=538 in=R gm=07 sub=03 fc=40 room=69
f=539 in=R gm=07 sub=03 fc=41 room=69
f=540 in= gm=07 sub=03 fc=42 room=69
f=541 in= gm=07 sub=03 fc=43 room=69
f=542 in= gm=07 sub=03 fc=44 room=69
f=543 in= gm=07 sub=03 fc=45 room=69
f=544 in= gm=07 sub=03 fc=46 room=69
f=545 in= gm=07 sub=03 fc=47 room=69
f=546 in= gm=07 sub=03 fc=48 room=69
f=547 in= gm=07 sub=03 fc=49 room=69
f=548 in= gm=07 sub=03 fc=4A room=69
f=549 in= gm=07 sub=03 fc=4B room=69
f=550 in= gm=07 sub=03 fc=4C room=69
f=551 in= gm=07 sub=03 fc=4D room=69
f=552 in= gm=07 sub=03 fc=4E room=69
f=553 in= gm=07 sub=03 fc=4F room=69
f=554 in= gm=07 sub=03 fc=50 room=69
f=555 in= gm=07 sub=03 fc=51 room=69
f=556 in= gm=07 sub=03 fc=52 room=69
f=557 in= gm=07 sub=03 fc=53 room=69
f=558 in= gm=07 sub=03 fc=54 room=69
f=559 in= gm=07 sub=03 fc=55 room=69
f=560 in= gm=07 sub=03 fc=56 room=69
f=561 in= gm=07 sub=03 fc=57 room=69
f=562 in= gm=07 sub=03 fc=58 room=69
f=563 in= gm=07 sub=03 fc=59 room=69
f=564 in= gm=07 sub=03 fc=5A room=69
f=565 in= gm=07 sub=03 fc=5B room=69
f=566 in= gm=07 sub=03 fc=5C room=69
f=567 in= gm=07 sub=03 fc=5D room=69
f=568 in= gm=07 sub=03 fc=5E room=69
f=569 in= gm=07 sub=03 fc=5F room=69
f=570 in= gm=07 sub=03 fc=60 room=69
f=571 in= gm=07 sub=03 fc=61 room=69
f=572 in= gm=07 sub=03 fc=62 room=69
f=573 in= gm=07 sub=03 fc=63 room=69
f=574 in= gm=07 sub=03 fc=64 room=69
f=575 in= gm=07 sub=03 fc=65 room=69
f=576 in= gm=07 sub=03 fc=66 room=69
f=577 in= gm=07 sub=03 fc=67 room=69
f=578 in= gm=07 sub=03 fc=68 room=69
f=579 in= gm=07 sub=03 fc=69 room=69
f=580 in= gm=07 sub=03 fc=6A room=69
f=581 in= gm=07 sub=03 fc=6B room=69
f=582 in= gm=07 sub=03 fc=6C room=69
f=583 in= gm=07 sub=03 fc=6D room=69
f=584 in= gm=07 sub=03 fc=6E room=69
f=585 in= gm=07 sub=03 fc=6F room=69
f=586 in= gm=07 sub=03 fc=70 room=69
f=587 in= gm=07 sub=03 fc=71 room=69
f=588 in= gm=07 sub=03 fc=72 room=69
f=589 in= gm=07 sub=03 fc=73 room=69
f=590 in= gm=07 sub=03 fc=74 room=69
f=591 in= gm=07 sub=03 fc=75 room=69
f=592 in= gm=07 sub=03 fc=76 room=69
f=593 in= gm=07 sub=03 fc=77 room=69
f=594 in= gm=07 sub=03 fc=78 room=69
f=595 in= gm=07 sub=03 fc=79 room=69
f=596 in= gm=07 sub=03 fc=7A room=69
f=597 in= gm=07 sub=03 fc=7B room=69
f=598 in= gm=07 sub=04 fc=7C room=69
f=599 in= gm=07 sub=05 fc=7D room=69
f=600 in= gm=07 sub=06 fc=7E room=69
f=601 in= gm=04 sub=01 fc=7F room=69
f=602 in= gm=04 sub=02 fc=80 room=69
f=603 in= gm=04 sub=00 fc=81 room=69
f=604 in= gm=04 sub=00 fc=82 room=69
f=605 in= gm=05 sub=00 fc=83 room=69
f=606 in= gm=05 sub=00 fc=84 room=69
f=607 in= gm=05 sub=00 fc=85 room=69
f=608 in= gm=05 sub=00 fc=86 room=69
f=609 in= gm=05 sub=00 fc=87 room=69
f=610 in= gm=05 sub=00 fc=88 room=69
f=611 in= gm=05 sub=00 fc=89 room=69
f=612 in= gm=05 sub=00 fc=8A room=69
f=613 in= gm=05 sub=00 fc=8B room=69
f=614 in= gm=05 sub=00 fc=8C room=69
f=615 in= gm=05 sub=00 fc=8D room=69
f=616 in= gm=05 sub=00 fc=8E room=69
f=617 in= gm=05 sub=00 fc=8F room=69
f=618 in= gm=05 sub=00 fc=90 room=69
f=619 in= gm=05 sub=00 fc=91 room=69
f=620 in= gm=05 sub=00 fc=92 room=69
f=621 in= gm=05 sub=00 fc=93 room=69
f=622 in= gm=05 sub=00 fc=94 room=69
f=623 in= gm=05 sub=00 fc=95 room=69
f=624 in= gm=05 sub=00 fc=96 room=69
f=625 in= gm=05 sub=00 fc=97 room=69
f=626 in= gm=05 sub=00 fc=98 room=69
f=627 in= gm=05 sub=00 fc=99 room=69
f=628 in= gm=05 sub=00 fc=9A room=69
f=629 in= gm=05 sub=00 fc=9B room=69
f=630 in= gm=05 sub=00 fc=9C room=69
f=631 in= gm=05 sub=00 fc=9D room=69
f=632 in= gm=05 sub=00 fc=9E room=69
f=633 in= gm=05 sub=00 fc=9F room=69
f=634 in= gm=05 sub=00 fc=A0 room=69
f=635 in= gm=05 sub=00 fc=A1 room=69
f=636 in= gm=05 sub=00 fc=A2 room=69
f=637 in= gm=05 sub=00 fc=A3 room=69
f=638 in= gm=05 sub=00 fc=A4 room=69
f=639 in= gm=05 sub=00 fc=A5 room=69
f=640 in= gm=05 sub=00 fc=A6 room=69
f=641 in= gm=05 sub=00 fc=A7 room=69
f=642 in= gm=05 sub=00 fc=A8 room=69
f=643 in= gm=05 sub=00 fc=A9 room=69
f=644 in= gm=05 sub=00 fc=AA room=69
f=645 in= gm=05 sub=00 fc=AB room=69
f=646 in= gm=05 sub=00 fc=AC room=69
f=647 in= gm=05 sub=00 fc=AD room=69
f=648 in= gm=05 sub=00 fc=AE room=69
f=649 in= gm=05 sub=00 fc=AF room=69
f=650 in= gm=05 sub=00 fc=B0 room=69
f=651 in= gm=05 sub=00 fc=B1 room=69
f=652 in= gm=05 sub=00 fc=B2 room=69
f=653 in= gm=05 sub=00 fc=B3 room=69
f=654 in= gm=05 sub=00 fc=B4 room=69
f=655 in= gm=05 sub=00 fc=B5 room=69
f=656 in= gm=05 sub=00 fc=B6 room=69
f=657 in= gm=05 sub=00 fc=B7 room=69
f=658 in= gm=05 sub=00 fc=B8 room=69
f=659 in= gm=05 sub=00 fc=B9 room=69
f=660 in= gm=05 sub=00 fc=BA room=69
f=661 in= gm=05 sub=00 fc=BB room=69
f=662 in= gm=05 sub=00 fc=BC room=69
f=663 in= gm=05 sub=00 fc=BD room=69
f=664 in= gm=05 sub=00 fc=BE room=69
f=665 in= gm=05 sub=00 fc=BF room=69
f=666 in= gm=05 sub=00 fc=C0 room=69
f=667 in= gm=05 sub=00 fc=C1 room=69
f=668 in= gm=05 sub=00 fc=C2 room=69
f=669 in= gm=05 sub=00 fc=C3 room=69
f=670 in= gm=05 sub=00 fc=C4 room=69
f=671 in= gm=05 sub=00 fc=C5 room=69
f=672 in= gm=05 sub=00 fc=C6 room=69
f=673 in= gm=05 sub=00 fc=C7 room=69
f=674 in= gm=05 sub=00 fc=C8 room=69
f=675 in= gm=05 sub=00 fc=C9 room=69
f=676 in= gm=05 sub=00 fc=CA room=69
f=677 in= gm=05 sub=00 fc=CB room=69
f=678 in= gm=05 sub=00 fc=CC room=69
f=679 in= gm=05 sub=00 fc=CD room=69
f=680 in= gm=05 sub=00 fc=CE room=69
f=681 in= gm=05 sub=00 fc=CF room=69
f=682 in= gm=05 sub=00 fc=D0 room=69
f=683 in= gm=05 sub=00 fc=D1 room=69
f=684 in= gm=05 sub=00 fc=D2 room=69
f=685 in= gm=05 sub=00 fc=D3 room=69
f=686 in= gm=05 sub=00 fc=D4 room=69
f=687 in= gm=05 sub=00 fc=D5 room=69
f=688 in= gm=05 sub=00 fc=D6 room=69
f=689 in= gm=05 sub=00 fc=D7 room=69
f=690 in= gm=05 sub=00 fc=D8 room=69
f=691 in= gm=05 sub=00 fc=D9 room=69
f=692 in= gm=05 sub=00 fc=DA room=69
f=693 in= gm=05 sub=00 fc=DB room=69
f=694 in= gm=05 sub=00 fc=DC room=69
f=695 in= gm=05 sub=00 fc=DD room=69
f=696 in= gm=05 sub=00 fc=DE room=69
f=697 in= gm=05 sub=00 fc=DF room=69
f=698 in= gm=05 sub=00 fc=E0 room=69
f=699 in= gm=05 sub=00 fc=E1 room=69
stage at f=700
stage: room 69 link 70,3D hearts 20/80 s1 07
f=700 in=U gm=05 sub=00 fc=E2 room=69
f=701 in=U gm=06 sub=00 fc=E3 room=69
f=702 in=U gm=06 sub=00 fc=E4 room=69
f=703 in=U gm=07 sub=00 fc=E5 room=69
f=704 in=U gm=07 sub=01 fc=E6 room=69
f=705 in=U gm=07 sub=02 fc=E7 room=69
f=706 in=U gm=07 sub=02 fc=E8 room=69
f=707 in=U gm=07 sub=02 fc=E9 room=69
f=708 in=U gm=07 sub=02 fc=EA room=69
f=709 in=U gm=07 sub=02 fc=EB room=69
f=710 in=U gm=07 sub=02 fc=EC room=69
f=711 in=U gm=07 sub=02 fc=ED room=69
f=712 in=U gm=07 sub=02 fc=EE room=69
f=713 in=U gm=07 sub=02 fc=EF room=69
f=714 in=U gm=07 sub=02 fc=F0 room=69
f=715 in=U gm=07 sub=02 fc=F1 room=69
f=716 in=U gm=07 sub=02 fc=F2 room=69
f=717 in=U gm=07 sub=02 fc=F3 room=69
f=718 in=U gm=07 sub=02 fc=F4 room=69
f=719 in=U gm=07 sub=02 fc=F5 room=69
f=720 in=U gm=07 sub=02 fc=F6 room=69
f=721 in=U gm=07 sub=02 fc=F7 room=69
f=722 in=U gm=07 sub=02 fc=F8 room=69
f=723 in=U gm=07 sub=02 fc=F9 room=69
f=724 in=U gm=07 sub=02 fc=FA room=69
f=725 in=U gm=07 sub=02 fc=FB room=69
f=726 in=U gm=07 sub=02 fc=FC room=69
f=727 in=U gm=07 sub=03 fc=FD room=69
f=728 in=U gm=07 sub=04 fc=FE room=69
f=729 in=U gm=07 sub=05 fc=FF room=69
f=730 in=U gm=07 sub=05 fc=00 room=59
f=731 in=U gm=07 sub=05 fc=00 room=59
f=732 in=U gm=07 sub=00 fc=00 room=59
f=733 in=U gm=07 sub=01 fc=01 room=59
f=734 in=U gm=07 sub=02 fc=02 room=59
f=735 in=U gm=07 sub=03 fc=03 room=59
f=736 in=U gm=07 sub=03 fc=04 room=59
f=737 in=U gm=07 sub=03 fc=05 room=59
f=738 in=U gm=07 sub=03 fc=06 room=59
f=739 in=U gm=07 sub=03 fc=07 room=59
f=740 in= gm=07 sub=03 fc=08 room=59
f=741 in= gm=07 sub=03 fc=09 room=59
f=742 in= gm=07 sub=03 fc=0A room=59
f=743 in= gm=07 sub=03 fc=0B room=59
f=744 in= gm=07 sub=03 fc=0C room=59
f=745 in= gm=07 sub=03 fc=0D room=59
f=746 in= gm=07 sub=03 fc=0E room=59
f=747 in= gm=07 sub=03 fc=0F room=59
f=748 in= gm=07 sub=03 fc=10 room=59
f=749 in= gm=07 sub=03 fc=11 room=59
f=750 in= gm=07 sub=03 fc=12 room=59
f=751 in= gm=07 sub=03 fc=13 room=59
f=752 in= gm=07 sub=03 fc=14 room=59
f=753 in= gm=07 sub=03 fc=15 room=59
f=754 in= gm=07 sub=03 fc=16 room=59
f=755 in= gm=07 sub=03 fc=17 room=59
f=756 in= gm=07 sub=03 fc=18 room=59
f=757 in= gm=07 sub=03 fc=19 room=59
f=758 in= gm=07 sub=03 fc=1A room=59
f=759 in= gm=07 sub=03 fc=1B room=59
f=760 in= gm=07 sub=03 fc=1C room=59
f=761 in= gm=07 sub=03 fc=1D room=59
f=762 in= gm=07 sub=03 fc=1E room=59
f=763 in= gm=07 sub=03 fc=1F room=59
f=764 in= gm=07 sub=03 fc=20 room=59
f=765 in= gm=07 sub=03 fc=21 room=59
f=766 in= gm=07 sub=03 fc=22 room=59
f=767 in= gm=07 sub=03 fc=23 room=59
f=768 in= gm=07 sub=03 fc=24 room=59
f=769 in= gm=07 sub=03 fc=25 room=59
f=770 in= gm=07 sub=03 fc=26 room=59
f=771 in= gm=07 sub=03 fc=27 room=59
f=772 in= gm=07 sub=03 fc=28 room=59
f=773 in= gm=07 sub=03 fc=29 room=59
f=774 in= gm=07 sub=03 fc=2A room=59
f=775 in= gm=07 sub=03 fc=2B room=59
f=776 in= gm=07 sub=03 fc=2C room=59
f=777 in= gm=07 sub=03 fc=2D room=59
f=778 in= gm=07 sub=03 fc=2E room=59
f=779 in= gm=07 sub=03 fc=2F room=59
f=780 in= gm=07 sub=04 fc=30 room=59
f=781 in= gm=07 sub=06 fc=31 room=59
f=782 in= gm=04 sub=01 fc=32 room=59
f=783 in= gm=04 sub=02 fc=33 room=59
f=784 in= gm=04 sub=00 fc=34 room=59
f=785 in= gm=04 sub=00 fc=35 room=59
f=786 in= gm=05 sub=00 fc=36 room=59
f=787 in= gm=05 sub=00 fc=37 room=59
f=788 in= gm=05 sub=00 fc=38 room=59
f=789 in= gm=05 sub=00 fc=39 room=59
f=790 in= gm=05 sub=00 fc=3A room=59
f=791 in= gm=05 sub=00 fc=3B room=59
f=792 in= gm=05 sub=00 fc=3C room=59
f=793 in= gm=05 sub=00 fc=3D room=59
f=794 in= gm=05 sub=00 fc=3E room=59
f=795 in= gm=05 sub=00 fc=3F room=59
f=796 in= gm=05 sub=00 fc=40 room=59
f=797 in= gm=05 sub=00 fc=41 room=59
f=798 in= gm=05 sub=00 fc=42 room=59
f=799 in= gm=05 sub=00 fc=43 room=59
f=800 in= gm=05 sub=00 fc=44 room=59
f=801 in= gm=05 sub=00 fc=45 room=59
f=802 in= gm=05 sub=00 fc=46 room=59
f=803 in= gm=05 sub=00 fc=47 room=59
f=804 in= gm=05 sub=00 fc=48 room=59
f=805 in= gm=05 sub=00 fc=49 room=59
f=806 in= gm=05 sub=00 fc=4A room=59
f=807 in= gm=05 sub=00 fc=4B room=59
f=808 in= gm=05 sub=00 fc=4C room=59
f=809 in= gm=05 sub=00 fc=4D room=59
f=810 in= gm=05 sub=00 fc=4E room=59
f=811 in= gm=05 sub=00 fc=4F room=59
f=812 in= gm=05 sub=00 fc=50 room=59
f=813 in= gm=05 sub=00 fc=51 room=59
f=814 in= gm=05 sub=00 fc=52 room=59
f=815 in= gm=05 sub=00 fc=53 room=59
f=816 in= gm=05 sub=00 fc=54 room=59
f=817 in= gm=05 sub=00 fc=55 room=59
f=818 in= gm=05 sub=00 fc=56 room=59
f=819 in= gm=05 sub=00 fc=57 room=59
f=820 in= gm=05 sub=00 fc=58 room=59
f=821 in= gm=05 sub=00 fc=59 room=59
f=822 in= gm=05 sub=00 fc=5A room=59
f=823 in= gm=05 sub=00 fc=5B room=59
f=824 in= gm=05 sub=00 fc=5C room=59
f=825 in= gm=05 sub=00 fc=5D room=59
f=826 in= gm=05 sub=00 fc=5E room=59
f=827 in= gm=05 sub=00 fc=5F room=59
f=828 in= gm=05 sub=00 fc=60 room=59
f=829 in= gm=05 sub=00 fc=61 room=59
f=830 in= gm=05 sub=00 fc=62 room=59
f=831 in= gm=05 sub=00 fc=63 room=59
f=832 in= gm=05 sub=00 fc=64 room=59
f=833 in= gm=05 sub=00 fc=65 room=59
f=834 in= gm=05 sub=00 fc=66 room=59
f=835 in= gm=05 sub=00 fc=67 room=59
f=836 in= gm=05 sub=00 fc=68 room=59
f=837 in= gm=05 sub=00 fc=69 room=59
f=838 in= gm=05 sub=00 fc=6A room=59
f=839 in= gm=05 sub=00 fc=6B room=59
f=840 in= gm=05 sub=00 fc=6C room=59
f=841 in= gm=05 sub=00 fc=6D room=59
f=842 in= gm=05 sub=00 fc=6E room=59
f=843 in= gm=05 sub=00 fc=6F room=59
f=844 in= gm=05 sub=00 fc=70 room=59
f=845 in= gm=05 sub=00 fc=71 room=59
f=846 in= gm=05 sub=00 fc=72 room=59
f=847 in= gm=05 sub=00 fc=73 room=59
f=848 in= gm=05 sub=00 fc=74 room=59
f=849 in= gm=05 sub=00 fc=75 room=59
f=850 in= gm=05 sub=00 fc=76 room=59
f=851 in= gm=05 sub=00 fc=77 room=59
f=852 in= gm=05 sub=00 fc=78 room=59
f=853 in= gm=05 sub=00 fc=79 room=59
f=854 in= gm=05 sub=00 fc=7A room=59
f=855 in= gm=05 sub=00 fc=7B room=59
f=856 in= gm=05 sub=00 fc=7C room=59
f=857 in= gm=05 sub=00 fc=7D room=59
f=858 in= gm=05 sub=00 fc=7E room=59
f=859 in= gm=05 sub=00 fc=7F room=59
f=860 in= gm=05 sub=00 fc=80 room=59
f=861 in= gm=05 sub=00 fc=81 room=59
f=862 in= gm=05 sub=00 fc=82 room=59
f=863 in= gm=05 sub=00 fc=83 room=59
f=864 in= gm=05 sub=00 fc=84 room=59
f=865 in= gm=05 sub=00 fc=85 room=59
f=866 in= gm=05 sub=00 fc=86 room=59
f=867 in= gm=05 sub=00 fc=87 room=59
f=868 in= gm=05 sub=00 fc=88 room=59
f=869 in= gm=05 sub=00 fc=89 room=59
f=870 in= gm=05 sub=00 fc=8A room=59
f=871 in= gm=05 sub=00 fc=8B room=59
f=872 in= gm=05 sub=00 fc=8C room=59
f=873 in= gm=05 sub=00 fc=8D room=59
f=874 in= gm=05 sub=00 fc=8E room=59
f=875 in= gm=05 sub=00 fc=8F room=59
f=876 in= gm=05 sub=00 fc=90 room=59
f=877 in= gm=05 sub=00 fc=91 room=59
f=878 in= gm=05 sub=00 fc=92 room=59
f=879 in= gm=05 sub=00 fc=93 room=59
f=880 in= gm=05 sub=00 fc=94 room=59
f=881 in= gm=05 sub=00 fc=95 room=59
f=882 in= gm=05 sub=00 fc=96 room=59
f=883 in= gm=05 sub=00 fc=97 room=59
f=884 in= gm=05 sub=00 fc=98 room=59
f=885 in= gm=05 sub=00 fc=99 room=59
f=886 in= gm=05 sub=00 fc=9A room=59
f=887 in= gm=05 sub=00 fc=9B room=59
f=888 in= gm=05 sub=00 fc=9C room=59
f=889 in= gm=05 sub=00 fc=9D room=59
f=890 in= gm=05 sub=00 fc=9E room=59
f=891 in= gm=05 sub=00 fc=9F room=59
f=892 in= gm=05 sub=00 fc=A0 room=59
f=893 in= gm=05 sub=00 fc=A1 room=59
f=894 in= gm=05 sub=00 fc=A2 room=59
f=895 in= gm=05 sub=00 fc=A3 room=59
f=896 in= gm=05 sub=00 fc=A4 room=59
f=897 in= gm=05 sub=00 fc=A5 room=59
f=898 in= gm=05 sub=00 fc=A6 room=59
f=899 in= gm=05 sub=00 fc=A7 room=59
stage at f=900
stage: room 59 link 70,3D hearts 20/80 s1 1A
f=900 in=U gm=05 sub=00 fc=A8 room=59
f=901 in=U gm=06 sub=00 fc=A9 room=59
f=902 in=U gm=06 sub=00 fc=AA room=59
f=903 in=U gm=07 sub=00 fc=AB room=59
f=904 in=U gm=07 sub=01 fc=AC room=59
f=905 in=U gm=07 sub=02 fc=AD room=59
f=906 in=U gm=07 sub=02 fc=AE room=59
f=907 in=U gm=07 sub=02 fc=AF room=59
f=908 in=U gm=07 sub=02 fc=B0 room=59
f=909 in=U gm=07 sub=02 fc=B1 room=59
f=910 in=U gm=07 sub=02 fc=B2 room=59
f=911 in=U gm=07 sub=02 fc=B3 room=59
f=912 in=U gm=07 sub=02 fc=B4 room=59
f=913 in=U gm=07 sub=02 fc=B5 room=59
f=914 in=U gm=07 sub=02 fc=B6 room=59
f=915 in=U gm=07 sub=02 fc=B7 room=59
f=916 in=U gm=07 sub=02 fc=B8 room=59
f=917 in=U gm=07 sub=02 fc=B9 room=59
f=918 in=U gm=07 sub=02 fc=BA room=59
f=919 in=U gm=07 sub=02 fc=BB room=59
f=920 in=U gm=07 sub=02 fc=BC room=59
f=921 in=U gm=07 sub=02 fc=BD room=59
f=922 in=U gm=07 sub=02 fc=BE room=59
f=923 in=U gm=07 sub=02 fc=BF room=59
f=924 in=U gm=07 sub=02 fc=C0 room=59
f=925 in=U gm=07 sub=02 fc=C1 room=59
f=926 in=U gm=07 sub=02 fc=C2 room=59
f=927 in=U gm=07 sub=03 fc=C3 room=59
f=928 in=U gm=07 sub=04 fc=C4 room=59
f=929 in=U gm=07 sub=05 fc=C5 room=59
f=930 in=U gm=07 sub=05 fc=C6 room=49
f=931 in=U gm=07 sub=05 fc=C6 room=49
f=932 in=U gm=07 sub=00 fc=C6 room=49
f=933 in=U gm=07 sub=01 fc=C7 room=49
f=934 in=U gm=07 sub=02 fc=C8 room=49
f=935 in=U gm=07 sub=03 fc=C9 room=49
f=936 in=U gm=07 sub=03 fc=CA room=49
f=937 in=U gm=07 sub=03 fc=CB room=49
f=938 in=U gm=07 sub=03 fc=CC room=49
f=939 in=U gm=07 sub=03 fc=CD room=49
f=940 in= gm=07 sub=03 fc=CE room=49
f=941 in= gm=07 sub=03 fc=CF room=49
f=942 in= gm=07 sub=03 fc=D0 room=49
f=943 in= gm=07 sub=03 fc=D1 room=49
f=944 in= gm=07 sub=03 fc=D2 room=49
f=945 in= gm=07 sub=03 fc=D3 room=49
f=946 in= gm=07 sub=03 fc=D4 room=49
f=947 in= gm=07 sub=03 fc=D5 room=49
f=948 in= gm=07 sub=03 fc=D6 room=49
f=949 in= gm=07 sub=03 fc=D7 room=49
f=950 in= gm=07 sub=03 fc=D8 room=49
f=951 in= gm=07 sub=03 fc=D9 room=49
f=952 in= gm=07 sub=03 fc=DA room=49
f=953 in= gm=07 sub=03 fc=DB room=49
f=954 in= gm=07 sub=03 fc=DC room=49
f=955 in= gm=07 sub=03 fc=DD room=49
f=956 in= gm=07 sub=03 fc=DE room=49
f=957 in= gm=07 sub=03 fc=DF room=49
f=958 in= gm=07 sub=03 fc=E0 room=49
f=959 in= gm=07 sub=03 fc=E1 room=49
f=960 in= gm=07 sub=03 fc=E2 room=49
f=961 in= gm=07 sub=03 fc=E3 room=49
f=962 in= gm=07 sub=03 fc=E4 room=49
f=963 in= gm=07 sub=03 fc=E5 room=49
f=964 in= gm=07 sub=03 fc=E6 room=49
f=965 in= gm=07 sub=03 fc=E7 room=49
f=966 in= gm=07 sub=03 fc=E8 room=49
f=967 in= gm=07 sub=03 fc=E9 room=49
f=968 in= gm=07 sub=03 fc=EA room=49
f=969 in= gm=07 sub=03 fc=EB room=49
f=970 in= gm=07 sub=03 fc=EC room=49
f=971 in= gm=07 sub=03 fc=ED room=49
f=972 in= gm=07 sub=03 fc=EE room=49
f=973 in= gm=07 sub=03 fc=EF room=49
f=974 in= gm=07 sub=03 fc=F0 room=49
f=975 in= gm=07 sub=03 fc=F1 room=49
f=976 in= gm=07 sub=03 fc=F2 room=49
f=977 in= gm=07 sub=03 fc=F3 room=49
f=978 in= gm=07 sub=03 fc=F4 room=49
f=979 in= gm=07 sub=03 fc=F5 room=49
f=980 in= gm=07 sub=04 fc=F6 room=49
f=981 in= gm=07 sub=06 fc=F7 room=49
f=982 in= gm=04 sub=01 fc=F8 room=49
f=983 in= gm=04 sub=02 fc=F9 room=49
f=984 in= gm=04 sub=00 fc=FA room=49
f=985 in= gm=04 sub=00 fc=FB room=49
f=986 in= gm=05 sub=00 fc=FC room=49
f=987 in= gm=05 sub=00 fc=FD room=49
f=988 in= gm=05 sub=00 fc=FE room=49
f=989 in= gm=05 sub=00 fc=FF room=49
f=990 in= gm=05 sub=00 fc=00 room=49
f=991 in= gm=05 sub=00 fc=01 room=49
f=992 in= gm=05 sub=00 fc=02 room=49
f=993 in= gm=05 sub=00 fc=03 room=49
f=994 in= gm=05 sub=00 fc=04 room=49
f=995 in= gm=05 sub=00 fc=05 room=49
f=996 in= gm=05 sub=00 fc=06 room=49
f=997 in= gm=05 sub=00 fc=07 room=49
f=998 in= gm=05 sub=00 fc=08 room=49
f=999 in= gm=05 sub=00 fc=09 room=49
f=1000 in= gm=05 sub=00 fc=0A room=49
f=1001 in= gm=05 sub=00 fc=0B room=49
f=1002 in= gm=05 sub=00 fc=0C room=49
f=1003 in= gm=05 sub=00 fc=0D room=49
f=1004 in= gm=05 sub=00 fc=0E room=49
f=1005 in= gm=05 sub=00 fc=0F room=49
f=1006 in= gm=05 sub=00 fc=10 room=49
f=1007 in= gm=05 sub=00 fc=11 room=49
f=1008 in= gm=05 sub=00 fc=12 room=49
f=1009 in= gm=05 sub=00 fc=13 room=49
f=1010 in= gm=05 sub=00 fc=14 room=49
f=1011 in= gm=05 sub=00 fc=15 room=49
f=1012 in= gm=05 sub=00 fc=16 room=49
f=1013 in= gm=05 sub=00 fc=17 room=49
f=1014 in= gm=05 sub=00 fc=18 room=49
f=1015 in= gm=05 sub=00 fc=19 room=49
f=1016 in= gm=05 sub=00 fc=1A room=49
f=1017 in= gm=05 sub=00 fc=1B room=49
f=1018 in= gm=05 sub=00 fc=1C room=49
f=1019 in= gm=05 sub=00 fc=1D room=49
f=1020 in= gm=05 sub=00 fc=1E room=49
f=1021 in= gm=05 sub=00 fc=1F room=49
f=1022 in= gm=05 sub=00 fc=20 room=49
f=1023 in= gm=05 sub=00 fc=21 room=49
f=1024 in= gm=05 sub=00 fc=22 room=49
f=1025 in= gm=05 sub=00 fc=23 room=49
f=1026 in= gm=05 sub=00 fc=24 room=49
f=1027 in= gm=05 sub=00 fc=25 room=49
f=1028 in= gm=05 sub=00 fc=26 room=49
f=1029 in= gm=05 sub=00 fc=27 room=49
f=1030 in= gm=05 sub=00 fc=28 room=49
f=1031 in= gm=05 sub=00 fc=29 room=49
f=1032 in= gm=05 sub=00 fc=2A room=49
f=1033 in= gm=05 sub=00 fc=2B room=49
f=1034 in= gm=05 sub=00 fc=2C room=49
f=1035 in= gm=05 sub=00 fc=2D room=49
f=1036 in= gm=05 sub=00 fc=2E room=49
f=1037 in= gm=05 sub=00 fc=2F room=49
f=1038 in= gm=05 sub=00 fc=30 room=49
f=1039 in= gm=05 sub=00 fc=31 room=49
f=1040 in= gm=05 sub=00 fc=32 room=49
f=1041 in= gm=05 sub=00 fc=33 room=49
f=1042 in= gm=05 sub=00 fc=34 room=49
f=1043 in= gm=05 sub=00 fc=35 room=49
f=1044 in= gm=05 sub=00 fc=36 room=49
f=1045 in= gm=05 sub=00 fc=37 room=49
f=1046 in= gm=05 sub=00 fc=38 room=49
f=1047 in= gm=05 sub=00 fc=39 room=49
f=1048 in= gm=05 sub=00 fc=3A room=49
f=1049 in= gm=05 sub=00 fc=3B room=49
f=1050 in= gm=05 sub=00 fc=3C room=49
f=1051 in= gm=05 sub=00 fc=3D room=49
f=1052 in= gm=05 sub=00 fc=3E room=49
f=1053 in= gm=05 sub=00 fc=3F room=49
f=1054 in= gm=05 sub=00 fc=40 room=49
f=1055 in= gm=05 sub=00 fc=41 room=49
f=1056 in= gm=05 sub=00 fc=42 room=49
f=1057 in= gm=05 sub=00 fc=43 room=49
f=1058 in= gm=05 sub=00 fc=44 room=49
f=1059 in= gm=05 sub=00 fc=45 room=49
f=1060 in= gm=05 sub=00 fc=46 room=49
f=1061 in= gm=05 sub=00 fc=47 room=49
f=1062 in= gm=05 sub=00 fc=48 room=49
f=1063 in= gm=05 sub=00 fc=49 room=49
f=1064 in= gm=05 sub=00 fc=4A room=49
f=1065 in= gm=05 sub=00 fc=4B room=49
f=1066 in= gm=05 sub=00 fc=4C room=49
f=1067 in= gm=05 sub=00 fc=4D room=49
f=1068 in= gm=05 sub=00 fc=4E room=49
f=1069 in= gm=05 sub=00 fc=4F room=49
f=1070 in= gm=05 sub=00 fc=50 room=49
f=1071 in= gm=05 sub=00 fc=51 room=49
f=1072 in= gm=05 sub=00 fc=52 room=49
f=1073 in= gm=05 sub=00 fc=53 room=49
f=1074 in= gm=05 sub=00 fc=54 room=49
f=1075 in= gm=05 sub=00 fc=55 room=49
f=1076 in= gm=05 sub=00 fc=56 room=49
f=1077 in= gm=05 sub=00 fc=57 room=49
f=1078 in= gm=05 sub=00 fc=58 room=49
f=1079 in= gm=05 sub=00 fc=59 room=49
f=1080 in= gm=05 sub=00 fc=5A room=49
f=1081 in= gm=05 sub=00 fc=5B room=49
f=1082 in= gm=05 sub=00 fc=5C room=49
f=1083 in= gm=05 sub=00 fc=5D room=49
f=1084 in= gm=05 sub=00 fc=5E room=49
f=1085 in= gm=05 sub=00 fc=5F room=49
f=1086 in= gm=05 sub=00 fc=60 room=49
f=1087 in= gm=05 sub=00 fc=61 room=49
f=1088 in= gm=05 sub=00 fc=62 room=49
f=1089 in= gm=05 sub=00 fc=63 room=49
f=1090 in= gm=05 sub=00 fc=64 room=49
f=1091 in= gm=05 sub=00 fc=65 room=49
f=1092 in= gm=05 sub=00 fc=66 room=49
f=1093 in= gm=05 sub=00 fc=67 room=49
f=1094 in= gm=05 sub=00 fc=68 room=49
f=1095 in= gm=05 sub=00 fc=69 room=49
f=1096 in= gm=05 sub=00 fc=6A room=49
f=1097 in= gm=05 sub=00 fc=6B room=49
f=1098 in= gm=05 sub=00 fc=6C room=49
f=1099 in= gm=05 sub=00 fc=6D room=49
stage at f=1100
stage: room 49 link 70,3D hearts 20/80 s1 09
f=1100 in=U gm=05 sub=00 fc=6E room=49
f=1101 in=U gm=06 sub=00 fc=6F room=49
f=1102 in=U gm=06 sub=00 fc=70 room=49
f=1103 in=U gm=07 sub=00 fc=71 room=49
f=1104 in=U gm=07 sub=01 fc=72 room=49
f=1105 in=U gm=07 sub=02 fc=73 room=49
f=1106 in=U gm=07 sub=02 fc=74 room=49
f=1107 in=U gm=07 sub=02 fc=75 room=49
f=1108 in=U gm=07 sub=02 fc=76 room=49
f=1109 in=U gm=07 sub=02 fc=77 room=49
f=1110 in=U gm=07 sub=02 fc=78 room=49
f=1111 in=U gm=07 sub=02 fc=79 room=49
f=1112 in=U gm=07 sub=02 fc=7A room=49
f=1113 in=U gm=07 sub=02 fc=7B room=49
f=1114 in=U gm=07 sub=02 fc=7C room=49
f=1115 in=U gm=07 sub=02 fc=7D room=49
f=1116 in=U gm=07 sub=02 fc=7E room=49
f=1117 in=U gm=07 sub=02 fc=7F room=49
f=1118 in=U gm=07 sub=02 fc=80 room=49
f=1119 in=U gm=07 sub=02 fc=81 room=49
f=1120 in=U gm=07 sub=02 fc=82 room=49
f=1121 in=U gm=07 sub=02 fc=83 room=49
f=1122 in=U gm=07 sub=02 fc=84 room=49
f=1123 in=U gm=07 sub=02 fc=85 room=49
f=1124 in=U gm=07 sub=02 fc=86 room=49
f=1125 in=U gm=07 sub=02 fc=87 room=49
f=1126 in=U gm=07 sub=02 fc=88 room=49
f=1127 in=U gm=07 sub=03 fc=89 room=49
f=1128 in=U gm=07 sub=04 fc=8A room=49
f=1129 in=U gm=07 sub=05 fc=8B room=49
f=1130 in=U gm=07 sub=05 fc=8C room=39
f=1131 in=U gm=07 sub=05 fc=8C room=39
f=1132 in=U gm=07 sub=00 fc=8C room=39
f=1133 in=U gm=07 sub=01 fc=8D room=39
f=1134 in=U gm=07 sub=02 fc=8E room=39
f=1135 in=U gm=07 sub=03 fc=8F room=39
f=1136 in=U gm=07 sub=03 fc=90 room=39
f=1137 in=U gm=07 sub=03 fc=91 room=39
f=1138 in=U gm=07 sub=03 fc=92 room=39
f=1139 in=U gm=07 sub=03 fc=93 room=39
f=1140 in= gm=07 sub=03 fc=94 room=39
f=1141 in= gm=07 sub=03 fc=95 room=39
f=1142 in= gm=07 sub=03 fc=96 room=39
f=1143 in= gm=07 sub=03 fc=97 room=39
f=1144 in= gm=07 sub=03 fc=98 room=39
f=1145 in= gm=07 sub=03 fc=99 room=39
f=1146 in= gm=07 sub=03 fc=9A room=39
f=1147 in= gm=07 sub=03 fc=9B room=39
f=1148 in= gm=07 sub=03 fc=9C room=39
f=1149 in= gm=07 sub=03 fc=9D room=39
f=1150 in= gm=07 sub=03 fc=9E room=39
f=1151 in= gm=07 sub=03 fc=9F room=39
f=1152 in= gm=07 sub=03 fc=A0 room=39
f=1153 in= gm=07 sub=03 fc=A1 room=39
f=1154 in= gm=07 sub=03 fc=A2 room=39
f=1155 in= gm=07 sub=03 fc=A3 room=39
f=1156 in= gm=07 sub=03 fc=A4 room=39
f=1157 in= gm=07 sub=03 fc=A5 room=39
f=1158 in= gm=07 sub=03 fc=A6 room=39
f=1159 in= gm=07 sub=03 fc=A7 room=39
f=1160 in= gm=07 sub=03 fc=A8 room=39
f=1161 in= gm=07 sub=03 fc=A9 room=39
f=1162 in= gm=07 sub=03 fc=AA room=39
f=1163 in= gm=07 sub=03 fc=AB room=39
f=1164 in= gm=07 sub=03 fc=AC room=39
f=1165 in= gm=07 sub=03 fc=AD room=39
f=1166 in= gm=07 sub=03 fc=AE room=39
f=1167 in= gm=07 sub=03 fc=AF room=39
f=1168 in= gm=07 sub=03 fc=B0 room=39
f=1169 in= gm=07 sub=03 fc=B1 room=39
f=1170 in= gm=07 sub=03 fc=B2 room=39
f=1171 in= gm=07 sub=03 fc=B3 room=39
f=1172 in= gm=07 sub=03 fc=B4 room=39
f=1173 in= gm=07 sub=03 fc=B5 room=39
f=1174 in= gm=07 sub=03 fc=B6 room=39
f=1175 in= gm=07 sub=03 fc=B7 room=39
f=1176 in= gm=07 sub=03 fc=B8 room=39
f=1177 in= gm=07 sub=03 fc=B9 room=39
f=1178 in= gm=07 sub=03 fc=BA room=39
f=1179 in= gm=07 sub=03 fc=BB room=39
f=1180 in= gm=07 sub=04 fc=BC room=39
f=1181 in= gm=07 sub=06 fc=BD room=39
f=1182 in= gm=04 sub=01 fc=BE room=39
f=1183 in= gm=04 sub=02 fc=BF room=39
f=1184 in= gm=04 sub=00 fc=C0 room=39
f=1185 in= gm=04 sub=00 fc=C1 room=39
f=1186 in= gm=05 sub=00 fc=C2 room=39
f=1187 in= gm=05 sub=00 fc=C3 room=39
f=1188 in= gm=05 sub=00 fc=C4 room=39
f=1189 in= gm=05 sub=00 fc=C5 room=39
f=1190 in= gm=05 sub=00 fc=C6 room=39
f=1191 in= gm=05 sub=00 fc=C7 room=39
f=1192 in= gm=05 sub=00 fc=C8 room=39
f=1193 in= gm=05 sub=00 fc=C9 room=39
f=1194 in= gm=05 sub=00 fc=CA room=39
f=1195 in= gm=05 sub=00 fc=CB room=39
f=1196 in= gm=05 sub=00 fc=CC room=39
f=1197 in= gm=05 sub=00 fc=CD room=39
f=1198 in= gm=05 sub=00 fc=CE room=39
f=1199 in= gm=05 sub=00 fc=CF room=39
f=1200 in= gm=05 sub=00 fc=D0 room=39
f=1201 in= gm=05 sub=00 fc=D1 room=39
f=1202 in= gm=05 sub=00 fc=D2 room=39
f=1203 in= gm=05 sub=00 fc=D3 room=39
f=1204 in= gm=05 sub=00 fc=D4 room=39
f=1205 in= gm=05 sub=00 fc=D5 room=39
f=1206 in= gm=05 sub=00 fc=D6 room=39
f=1207 in= gm=05 sub=00 fc=D7 room=39
f=1208 in= gm=05 sub=00 fc=D8 room=39
f=1209 in= gm=05 sub=00 fc=D9 room=39
f=1210 in= gm=05 sub=00 fc=DA room=39
f=1211 in= gm=05 sub=00 fc=DB room=39
f=1212 in= gm=05 sub=00 fc=DC room=39
f=1213 in= gm=05 sub=00 fc=DD room=39
f=1214 in= gm=05 sub=00 fc=DE room=39
f=1215 in= gm=05 sub=00 fc=DF room=39
f=1216 in= gm=05 sub=00 fc=E0 room=39
f=1217 in= gm=05 sub=00 fc=E1 room=39
f=1218 in= gm=05 sub=00 fc=E2 room=39
f=1219 in= gm=05 sub=00 fc=E3 room=39
f=1220 in= gm=05 sub=00 fc=E4 room=39
f=1221 in= gm=05 sub=00 fc=E5 room=39
f=1222 in= gm=05 sub=00 fc=E6 room=39
f=1223 in= gm=05 sub=00 fc=E7 room=39
f=1224 in= gm=05 sub=00 fc=E8 room=39
f=1225 in= gm=05 sub=00 fc=E9 room=39
f=1226 in= gm=05 sub=00 fc=EA room=39
f=1227 in= gm=05 sub=00 fc=EB room=39
f=1228 in= gm=05 sub=00 fc=EC room=39
f=1229 in= gm=05 sub=00 fc=ED room=39
f=1230 in= gm=05 sub=00 fc=EE room=39
f=1231 in= gm=05 sub=00 fc=EF room=39
f=1232 in= gm=05 sub=00 fc=F0 room=39
f=1233 in= gm=05 sub=00 fc=F1 room=39
f=1234 in= gm=05 sub=00 fc=F2 room=39
f=1235 in= gm=05 sub=00 fc=F3 room=39
f=1236 in= gm=05 sub=00 fc=F4 room=39
f=1237 in= gm=05 sub=00 fc=F5 room=39
f=1238 in= gm=05 sub=00 fc=F6 room=39
f=1239 in= gm=05 sub=00 fc=F7 room=39
f=1240 in= gm=05 sub=00 fc=F8 room=39
f=1241 in= gm=05 sub=00 fc=F9 room=39
f=1242 in= gm=05 sub=00 fc=FA room=39
f=1243 in= gm=05 sub=00 fc=FB room=39
f=1244 in= gm=05 sub=00 fc=FC room=39
f=1245 in= gm=05 sub=00 fc=FD room=39
f=1246 in= gm=05 sub=00 fc=FE room=39
f=1247 in= gm=05 sub=00 fc=FF room=39
f=1248 in= gm=05 sub=00 fc=00 room=39
f=1249 in= gm=05 sub=00 fc=01 room=39
f=1250 in= gm=05 sub=00 fc=02 room=39
f=1251 in= gm=05 sub=00 fc=03 room=39
f=1252 in= gm=05 sub=00 fc=04 room=39
f=1253 in= gm=05 sub=00 fc=05 room=39
f=1254 in= gm=05 sub=00 fc=06 room=39
f=1255 in= gm=05 sub=00 fc=07 room=39
f=1256 in= gm=05 sub=00 fc=08 room=39
f=1257 in= gm=05 sub=00 fc=09 room=39
f=1258 in= gm=05 sub=00 fc=0A room=39
f=1259 in= gm=05 sub=00 fc=0B room=39
f=1260 in= gm=05 sub=00 fc=0C room=39
f=1261 in= gm=05 sub=00 fc=0D room=39
f=1262 in= gm=05 sub=00 fc=0E room=39
f=1263 in= gm=05 sub=00 fc=0F room=39
f=1264 in= gm=05 sub=00 fc=10 room=39
f=1265 in= gm=05 sub=00 fc=11 room=39
f=1266 in= gm=05 sub=00 fc=12 room=39
f=1267 in= gm=05 sub=00 fc=13 room=39
f=1268 in= gm=05 sub=00 fc=14 room=39
f=1269 in= gm=05 sub=00 fc=15 room=39
f=1270 in= gm=05 sub=00 fc=16 room=39
f=1271 in= gm=05 sub=00 fc=17 room=39
f=1272 in= gm=05 sub=00 fc=18 room=39
f=1273 in= gm=05 sub=00 fc=19 room=39
f=1274 in= gm=05 sub=00 fc=1A room=39
f=1275 in= gm=05 sub=00 fc=1B room=39
f=1276 in= gm=05 sub=00 fc=1C room=39
f=1277 in= gm=05 sub=00 fc=1D room=39
f=1278 in= gm=05 sub=00 fc=1E room=39
f=1279 in= gm=05 sub=00 fc=1F room=39
f=1280 in= gm=05 sub=00 fc=20 room=39
f=1281 in= gm=05 sub=00 fc=21 room=39
f=1282 in= gm=05 sub=00 fc=22 room=39
f=1283 in= gm=05 sub=00 fc=23 room=39
f=1284 in= gm=05 sub=00 fc=24 room=39
f=1285 in= gm=05 sub=00 fc=25 room=39
f=1286 in= gm=05 sub=00 fc=26 room=39
f=1287 in= gm=05 sub=00 fc=27 room=39
f=1288 in= gm=05 sub=00 fc=28 room=39
f=1289 in= gm=05 sub=00 fc=29 room=39
f=1290 in= gm=05 sub=00 fc=2A room=39
f=1291 in= gm=05 sub=00 fc=2B room=39
f=1292 in= gm=05 sub=00 fc=2C room=39
f=1293 in= gm=05 sub=00 fc=2D room=39
f=1294 in= gm=05 sub=00 fc=2E room=39
f=1295 in= gm=05 sub=00 fc=2F room=39
f=1296 in= gm=05 sub=00 fc=30 room=39
f=1297 in= gm=05 sub=00 fc=31 room=39
f=1298 in= gm=05 sub=00 fc=32 room=39
f=1299 in= gm=05 sub=00 fc=33 room=39
stage at f=1300
stage: room 39 link 78,AD hearts 20/80 s1 2F
f=1300 in= gm=05 sub=00 fc=34 room=39
f=1301 in= gm=05 sub=00 fc=35 room=39
f=1302 in= gm=05 sub=00 fc=36 room=39
f=1303 in= gm=05 sub=00 fc=37 room=39
f=1304 in= gm=05 sub=00 fc=38 room=39
f=1305 in= gm=05 sub=00 fc=39 room=39
f=1306 in= gm=05 sub=00 fc=3A room=39
f=1307 in= gm=05 sub=00 fc=3B room=39
f=1308 in= gm=05 sub=00 fc=3C room=39
f=1309 in= gm=05 sub=00 fc=3D room=39
f=1310 in= gm=05 sub=00 fc=3E room=39
f=1311 in= gm=05 sub=00 fc=3F room=39
f=1312 in= gm=05 sub=00 fc=40 room=39
f=1313 in= gm=05 sub=00 fc=41 room=39
f=1314 in= gm=05 sub=00 fc=42 room=39
f=1315 in= gm=05 sub=00 fc=43 room=39
f=1316 in= gm=05 sub=00 fc=44 room=39
f=1317 in= gm=05 sub=00 fc=45 room=39
f=1318 in= gm=05 sub=00 fc=46 room=39
f=1319 in= gm=05 sub=00 fc=47 room=39
f=1320 in= gm=05 sub=00 fc=48 room=39
f=1321 in= gm=05 sub=00 fc=49 room=39
f=1322 in= gm=05 sub=00 fc=4A room=39
f=1323 in= gm=05 sub=00 fc=4B room=39
f=1324 in= gm=05 sub=00 fc=4C room=39
f=1325 in= gm=05 sub=00 fc=4D room=39
f=1326 in= gm=05 sub=00 fc=4E room=39
f=1327 in= gm=05 sub=00 fc=4F room=39
f=1328 in= gm=05 sub=00 fc=50 room=39
f=1329 in= gm=05 sub=00 fc=51 room=39
f=1330 in= gm=05 sub=00 fc=52 room=39
f=1331 in= gm=05 sub=00 fc=53 room=39
f=1332 in= gm=05 sub=00 fc=54 room=39
f=1333 in= gm=05 sub=00 fc=55 room=39
f=1334 in= gm=05 sub=00 fc=56 room=39
f=1335 in= gm=05 sub=00 fc=57 room=39
f=1336 in= gm=05 sub=00 fc=58 room=39
f=1337 in= gm=05 sub=00 fc=59 room=39
f=1338 in= gm=05 sub=00 fc=5A room=39
f=1339 in= gm=05 sub=00 fc=5B room=39
f=1340 in= gm=05 sub=00 fc=5C room=39
f=1341 in= gm=05 sub=00 fc=5D room=39
f=1342 in= gm=05 sub=00 fc=5E room=39
f=1343 in= gm=05 sub=00 fc=5F room=39
f=1344 in= gm=05 sub=00 fc=60 room=39
f=1345 in= gm=05 sub=00 fc=61 room=39
f=1346 in= gm=05 sub=00 fc=62 room=39
f=1347 in= gm=05 sub=00 fc=63 room=39
f=1348 in= gm=05 sub=00 fc=64 room=39
f=1349 in= gm=05 sub=00 fc=65 room=39
f=1350 in= gm=05 sub=00 fc=66 room=39
f=1351 in= gm=05 sub=00 fc=67 room=39
f=1352 in= gm=05 sub=00 fc=68 room=39
f=1353 in= gm=05 sub=00 fc=69 room=39
f=1354 in= gm=05 sub=00 fc=6A room=39
f=1355 in= gm=05 sub=00 fc=6B room=39
f=1356 in= gm=05 sub=00 fc=6C room=39
f=1357 in= gm=05 sub=00 fc=6D room=39
f=1358 in= gm=05 sub=00 fc=6E room=39
f=1359 in= gm=05 sub=00 fc=6F room=39
f=1360 in= gm=05 sub=00 fc=70 room=39
f=1361 in= gm=05 sub=00 fc=71 room=39
f=1362 in= gm=05 sub=00 fc=72 room=39
f=1363 in= gm=05 sub=00 fc=73 room=39
f=1364 in= gm=05 sub=00 fc=74 room=39
f=1365 in= gm=05 sub=00 fc=75 room=39
f=1366 in= gm=05 sub=00 fc=76 room=39
f=1367 in= gm=05 sub=00 fc=77 room=39
f=1368 in= gm=05 sub=00 fc=78 room=39
f=1369 in= gm=05 sub=00 fc=79 room=39
f=1370 in= gm=05 sub=00 fc=7A room=39
f=1371 in= gm=05 sub=00 fc=7B room=39
f=1372 in= gm=05 sub=00 fc=7C room=39
f=1373 in= gm=05 sub=00 fc=7D room=39
f=1374 in= gm=05 sub=00 fc=7E room=39
f=1375 in= gm=05 sub=00 fc=7F room=39
f=1376 in= gm=05 sub=00 fc=80 room=39
f=1377 in= gm=05 sub=00 fc=81 room=39
f=1378 in= gm=05 sub=00 fc=82 room=39
f=1379 in= gm=05 sub=00 fc=83 room=39
f=1380 in= gm=05 sub=00 fc=84 room=39
f=1381 in= gm=05 sub=00 fc=85 room=39
f=1382 in= gm=05 sub=00 fc=86 room=39
f=1383 in= gm=05 sub=00 fc=87 room=39
f=1384 in= gm=05 sub=00 fc=88 room=39
f=1385 in= gm=05 sub=00 fc=89 room=39
f=1386 in= gm=05 sub=00 fc=8A room=39
f=1387 in= gm=05 sub=00 fc=8B room=39
f=1388 in= gm=05 sub=00 fc=8C room=39
f=1389 in= gm=05 sub=00 fc=8D room=39
f=1390 in= gm=05 sub=00 fc=8E room=39
f=1391 in= gm=05 sub=00 fc=8F room=39
f=1392 in= gm=05 sub=00 fc=90 room=39
f=1393 in= gm=05 sub=00 fc=91 room=39
f=1394 in= gm=05 sub=00 fc=92 room=39
f=1395 in= gm=05 sub=00 fc=93 room=39
f=1396 in= gm=05 sub=00 fc=94 room=39
f=1397 in= gm=05 sub=00 fc=95 room=39
f=1398 in= gm=05 sub=00 fc=96 room=39
f=1399 in= gm=05 sub=00 fc=97 room=39
f=1400 in= gm=05 sub=00 fc=98 room=39
f=1401 in= gm=05 sub=00 fc=99 room=39
f=1402 in= gm=05 sub=00 fc=9A room=39
f=1403 in= gm=05 sub=00 fc=9B room=39
f=1404 in= gm=05 sub=00 fc=9C room=39
f=1405 in= gm=05 sub=00 fc=9D room=39
f=1406 in= gm=05 sub=00 fc=9E room=39
f=1407 in= gm=05 sub=00 fc=9F room=39
f=1408 in= gm=05 sub=00 fc=A0 room=39
f=1409 in= gm=05 sub=00 fc=A1 room=39
f=1410 in= gm=05 sub=00 fc=A2 room=39
f=1411 in= gm=05 sub=00 fc=A3 room=39
f=1412 in= gm=05 sub=00 fc=A4 room=39
f=1413 in= gm=05 sub=00 fc=A5 room=39
f=1414 in= gm=05 sub=00 fc=A6 room=39
f=1415 in= gm=05 sub=00 fc=A7 room=39
f=1416 in= gm=05 sub=00 fc=A8 room=39
f=1417 in= gm=05 sub=00 fc=A9 room=39
f=1418 in= gm=05 sub=00 fc=AA room=39
f=1419 in= gm=05 sub=00 fc=AB room=39
f=1420 in= gm=05 sub=00 fc=AC room=39
f=1421 in= gm=05 sub=00 fc=AD room=39
f=1422 in= gm=05 sub=00 fc=AE room=39
f=1423 in= gm=05 sub=00 fc=AF room=39
f=1424 in= gm=05 sub=00 fc=B0 room=39
f=1425 in= gm=05 sub=00 fc=B1 room=39
f=1426 in= gm=05 sub=00 fc=B2 room=39
f=1427 in= gm=05 sub=00 fc=B3 room=39
f=1428 in= gm=05 sub=00 fc=B4 room=39
f=1429 in= gm=05 sub=00 fc=B5 room=39
f=1430 in= gm=05 sub=00 fc=B6 room=39
f=1431 in= gm=05 sub=00 fc=B7 room=39
f=1432 in= gm=05 sub=00 fc=B8 room=39
f=1433 in= gm=05 sub=00 fc=B9 room=39
f=1434 in= gm=05 sub=00 fc=BA room=39
f=1435 in= gm=05 sub=00 fc=BB room=39
f=1436 in= gm=05 sub=00 fc=BC room=39
f=1437 in= gm=05 sub=00 fc=BD room=39
f=1438 in= gm=05 sub=00 fc=BE room=39
f=1439 in= gm=05 sub=00 fc=BF room=39
f=1440 in= gm=05 sub=00 fc=C0 room=39
f=1441 in= gm=05 sub=00 fc=C1 room=39
f=1442 in= gm=05 sub=00 fc=C2 room=39
f=1443 in= gm=05 sub=00 fc=C3 room=39
f=1444 in= gm=05 sub=00 fc=C4 room=39
f=1445 in= gm=05 sub=00 fc=C5 room=39
f=1446 in= gm=05 sub=00 fc=C6 room=39
f=1447 in= gm=05 sub=00 fc=C7 room=39
f=1448 in= gm=05 sub=00 fc=C8 room=39
f=1449 in= gm=05 sub=00 fc=C9 room=39
dump Battery RAM -> .wram (8192 bytes)
dump OAM -> .oam (256 bytes)
dump PALRAM -> .pal (32 bytes)
dump VRAM -> .chr (8192 bytes)
dump CIRAM (nametables) -> .nt (2048 bytes)
frames=1450
